******************************************************************************
                  TI ARM Linker PC v18.1.6                     
******************************************************************************
>> Linked Mon Apr 11 12:39:28 2022

OUTPUT FILE NAME:   <spi_demo.out>
ENTRY POINT SYMBOL: "_c_int00_noargs"  address: 200076f5


MEMORY CONFIGURATION

         name            origin    length      used     unused   attr    fill
----------------------  --------  ---------  --------  --------  ----  --------
  SRAM_CODE             20004000   00013000  00003d32  0000f2ce  RW X
  SRAM_DATA             20017000   00019000  000010e4  00017f1c  RW X


SEGMENT ALLOCATION MAP

run origin  load origin   length   init length attrs members
----------  ----------- ---------- ----------- ----- -------
20004000    20004000    00003d38   00003d38    r-x
  20004000    20004000    00000400   00000400    r-- .intvecs
  20004400    20004400    0000362e   0000362e    r-x .text
  20007a30    20007a30    000002c4   000002c4    r-- .const
  20007cf8    20007cf8    00000040   00000040    r-- .cinit
20017000    20017000    000008e4   00000000    rw-
  20017000    20017000    00000800   00000000    rw- .sysmem
  20017800    20017800    000000cc   00000000    rw- .bss
  200178cc    200178cc    00000018   00000000    rw- .data
2002f800    2002f800    00000800   00000000    rw-
  2002f800    2002f800    00000800   00000000    rw- .stack


SECTION ALLOCATION MAP

 output                                  attributes/
section   page    origin      length       input sections
--------  ----  ----------  ----------   ----------------
.intvecs   0    20004000    00000400     
                  20004000    00000400     startup_ccs.obj (.intvecs)

.init_array 
*          0    20004000    00000000     UNINITIALIZED

.text      0    20004400    0000362e     
                  20004400    00000a4a     rtsv7M4_T_le_eabi.lib : _printfi.c.obj (.text:__TI_printfi)
                  20004e4a    00000002                           : _lock.c.obj (.text:_nop)
                  20004e4c    000004de     Adafruit_OLED.obj (.text)
                  2000532a    00000002     rtsv7M4_T_le_eabi.lib : div0.asm.obj (.text)
                  2000532c    00000280     uart_if.obj (.text)
                  200055ac    00000268     rtsv7M4_T_le_eabi.lib : _printfi.c.obj (.text:_pconv_a)
                  20005814    000001cc                           : _printfi.c.obj (.text:_pconv_g)
                  200059e0    000001cc     main.obj (.text)
                  20005bac    000001b6     rtsv7M4_T_le_eabi.lib : fd_add_t2.asm.obj (.text)
                  20005d62    00000002     --HOLE-- [fill = 0]
                  20005d64    00000178     driverlib.a : prcm.obj (.text:PRCMCC3200MCUInit)
                  20005edc    0000013c     rtsv7M4_T_le_eabi.lib : _printfi.c.obj (.text:_pconv_e)
                  20006018    00000136                           : fd_div_t2.asm.obj (.text)
                  2000614e    00000002     --HOLE-- [fill = 0]
                  20006150    00000120                           : _printfi.c.obj (.text:fcvt)
                  20006270    00000114                           : memory.c.obj (.text:realloc)
                  20006384    00000110     pin_mux_config.obj (.text)
                  20006494    000000fc     rtsv7M4_T_le_eabi.lib : fd_mul_t2.asm.obj (.text)
                  20006590    000000d8                           : memory.c.obj (.text:free)
                  20006668    000000d0     driverlib.a : spi.obj (.text:SPITransfer32)
                  20006738    000000d0     rtsv7M4_T_le_eabi.lib : s_scalbn.c.obj (.text:scalbn)
                  20006808    000000ce     driverlib.a : spi.obj (.text:SPITransfer16)
                  200068d6    000000b8                 : spi.obj (.text:SPITransfer8)
                  2000698e    00000002     --HOLE-- [fill = 0]
                  20006990    000000b1     rtsv7M4_T_le_eabi.lib : _printfi.c.obj (.text:_ltostr)
                  20006a41    00000003     --HOLE-- [fill = 0]
                  20006a44    000000a8     driverlib.a : interrupt.obj (.text:IntEnable)
                  20006aec    000000a0                 : spi.obj (.text:SPIConfigSetExpClk)
                  20006b8c    0000009c     rtsv7M4_T_le_eabi.lib : memcpy_t2.asm.obj (.text)
                  20006c28    00000096                           : ull_div_t2.asm.obj (.text)
                  20006cbe    00000002     --HOLE-- [fill = 0]
                  20006cc0    00000094     driverlib.a : prcm.obj (.text:PRCMPeripheralClockGet)
                  20006d54    00000088                 : pin.obj (.text:PinConfigSet)
                  20006ddc    00000088                 : spi.obj (.text:SPITransfer)
                  20006e64    00000086     rtsv7M4_T_le_eabi.lib : fd_cmp_t2.asm.obj (.text:__aeabi_cdcmple)
                  20006eea    00000086                           : fd_cmp_t2.asm.obj (.text:__aeabi_cdrcmple)
                  20006f70    0000007a                           : memset_t2.asm.obj (.text)
                  20006fea    00000002     --HOLE-- [fill = 0]
                  20006fec    00000078                           : memory.c.obj (.text:malloc)
                  20007064    00000076     driverlib.a : uart.obj (.text:UARTConfigSetExpClk)
                  200070da    0000006e     rtsv7M4_T_le_eabi.lib : _printfi.c.obj (.text:_mcpy)
                  20007148    00000068                           : copy_decompress_lzss.c.obj (.text:decompress:lzss:__TI_decompress_lzss)
                  200071b0    0000005c                           : s_frexp.c.obj (.text:frexp)
                  2000720c    00000058     driverlib.a : prcm.obj (.text:PRCMPeripheralReset)
                  20007264    00000056     rtsv7M4_T_le_eabi.lib : _printfi.c.obj (.text:_pconv_f)
                  200072ba    00000054                           : ltoa.c.obj (.text:ltoa)
                  2000730e    00000052                           : _printfi.c.obj (.text:_ecpy)
                  20007360    0000004c                           : atoi.c.obj (.text:atoi)
                  200073ac    00000048                           : fd_toi_t2.asm.obj (.text)
                  200073f4    00000044                           : autoinit.c.obj (.text:__TI_auto_init_nobinit_nopinit:__TI_auto_init_nobinit_nopinit)
                  20007438    00000040     driverlib.a : pin.obj (.text:PinModeSet)
                  20007478    00000040     rtsv7M4_T_le_eabi.lib : vsnprintf.c.obj (.text:vsnprintf)
                  200074b8    0000003e                           : _printfi.c.obj (.text:_fcpy)
                  200074f6    00000002     --HOLE-- [fill = 0]
                  200074f8    0000003c     driverlib.a : prcm.obj (.text:PRCMPeripheralClkEnable)
                  20007534    0000003c     rtsv7M4_T_le_eabi.lib : memory.c.obj (.text:minsert)
                  20007570    00000038                           : memory.c.obj (.text:minit)
                  200075a8    00000036     driverlib.a : gpio.obj (.text:GPIODirModeSet)
                  200075de    00000030                 : pin.obj (.text:PinTypeGPIO)
                  2000760e    00000002     --HOLE-- [fill = 0]
                  20007610    00000030                 : uart.obj (.text:UARTDisable)
                  20007640    00000030     rtsv7M4_T_le_eabi.lib : vsnprintf.c.obj (.text:_outs)
                  20007670    0000002e                           : i_tofd_t2.asm.obj (.text)
                  2000769e    00000002     --HOLE-- [fill = 0]
                  200076a0    0000002c     driverlib.a : prcm.obj (.text:PRCMSysResetCauseGet)
                  200076cc    00000028                 : prcm.obj (.text:PRCMPeripheralClkDisable)
                  200076f4    00000028     rtsv7M4_T_le_eabi.lib : boot_cortex_m.c.obj (.text:_c_int00_noargs:_c_int00_noargs)
                  2000771c    00000028                           : memory.c.obj (.text:mremove)
                  20007744    00000024     driverlib.a : uart.obj (.text:UARTEnable)
                  20007768    00000024     rtsv7M4_T_le_eabi.lib : memmov.c.obj (.text:memmove)
                  2000778c    00000022     driverlib.a : spi.obj (.text:SPIReset)
                  200077ae    00000020                 : gpio.obj (.text:GPIOPinWrite)
                  200077ce    00000020                 : spi.obj (.text:SPIDataGet)
                  200077ee    0000001e                 : spi.obj (.text:SPIDataPut)
                  2000780c    0000001e                 : uart.obj (.text:UARTCharPut)
                  2000782a    0000001c                 : uart.obj (.text:UARTCharGetNonBlocking)
                  20007846    0000001c     rtsv7M4_T_le_eabi.lib : copy_zero_init.c.obj (.text:decompress:ZI:__TI_zero_init_nomemset:__TI_zero_init_nomemset)
                  20007862    0000001c                           : memccpy.c.obj (.text:memccpy)
                  2000787e    0000001a     driverlib.a : pin.obj (.text:PinTypeSPI)
                  20007898    0000001a                 : pin.obj (.text:PinTypeUART)
                  200078b2    00000018                 : spi.obj (.text:SPICSDisable)
                  200078ca    00000018                 : spi.obj (.text:SPICSEnable)
                  200078e2    00000018                 : spi.obj (.text:SPIDisable)
                  200078fa    00000018                 : spi.obj (.text:SPIEnable)
                  20007912    00000018                 : uart.obj (.text:UARTCharsAvail)
                  2000792a    00000018     rtsv7M4_T_le_eabi.lib : vsnprintf.c.obj (.text:_outc)
                  20007942    00000016     driverlib.a : prcm.obj (.text:PRCMHIBRegRead)
                  20007958    00000016                 : prcm.obj (.text:PRCMHIBRegWrite)
                  2000796e    00000016                 : uart.obj (.text:UARTCharGet)
                  20007984    00000016     rtsv7M4_T_le_eabi.lib : strchr.c.obj (.text:strchr)
                  2000799a    00000014     driverlib.a : cpu.obj (.text:CPUcpsie)
                  200079ae    00000002     --HOLE-- [fill = 0]
                  200079b0    00000014                 : interrupt.obj (.text:IntVTableBaseSet)
                  200079c4    00000014     rtsv7M4_T_le_eabi.lib : strlen.c.obj (.text:strlen)
                  200079d8    00000012                           : wcslen.c.obj (.text:wcslen)
                  200079ea    0000000e                           : copy_decompress_none.c.obj (.text:decompress:none:__TI_decompress_none)
                  200079f8    0000000e     startup_ccs.obj (.text)
                  20007a06    0000000a     driverlib.a : interrupt.obj (.text:IntMasterEnable)
                  20007a10    00000008     rtsv7M4_T_le_eabi.lib : errno.c.obj (.text:__aeabi_errno_addr)
                  20007a18    00000008                           : s_copysign.c.obj (.text:copysign)
                  20007a20    00000006     driverlib.a : utils.obj (.text:UtilsDelay)
                  20007a26    00000004     rtsv7M4_T_le_eabi.lib : pre_init.c.obj (.text:_system_pre_init)
                  20007a2a    00000004                           : exit.c.obj (.text:abort:abort)

.const     0    20007a30    000002c4     
                  20007a30    00000101     rtsv7M4_T_le_eabi.lib : ctype.c.obj (.const:.string:_ctypes_)
                  20007b31    00000003     --HOLE-- [fill = 0]
                  20007b34    00000100     driverlib.a : pin.obj (.const:g_ulPinToPadMap)
                  20007c34    000000a8                 : prcm.obj (.const:PRCM_PeriphRegsList)
                  20007cdc    00000018                 : interrupt.obj (.const:g_pulEnRegs)

.cinit     0    20007cf8    00000040     
                  20007cf8    0000001a     (.cinit..data.load) [load image, compression = lzss]
                  20007d12    00000002     --HOLE-- [fill = 0]
                  20007d14    0000000c     (__TI_handler_table)
                  20007d20    00000008     (.cinit..bss.load) [load image, compression = zero_init]
                  20007d28    00000010     (__TI_cinit_table)

.sysmem    0    20017000    00000800     UNINITIALIZED
                  20017000    00000008     rtsv7M4_T_le_eabi.lib : memory.c.obj (.sysmem)
                  20017008    000007f8     --HOLE--

.bss       0    20017800    000000cc     UNINITIALIZED
                  20017800    00000064     main.obj (.bss:g_ucRxBuff)
                  20017864    00000064     main.obj (.bss:g_ucTxBuff)
                  200178c8    00000004     uart_if.obj (.bss)

.data      0    200178cc    00000018     UNINITIALIZED
                  200178cc    0000000c     rtsv7M4_T_le_eabi.lib : memory.c.obj (.data:$O1$$)
                  200178d8    00000008                           : _lock.c.obj (.data:$O1$$)
                  200178e0    00000004                           : errno.c.obj (.data)

.stack     0    2002f800    00000800     UNINITIALIZED
                  2002f800    00000004     rtsv7M4_T_le_eabi.lib : boot_cortex_m.c.obj (.stack)
                  2002f804    000007fc     --HOLE--

MODULE SUMMARY

       Module                       code    ro data   rw data
       ------                       ----    -------   -------
    .\
       Adafruit_OLED.obj            1246    0         0      
       startup_ccs.obj              14      1024      0      
       main.obj                     460     0         200    
       uart_if.obj                  640     0         4      
       pin_mux_config.obj           272     0         0      
    +--+----------------------------+-------+---------+---------+
       Total:                       2632    1024      204    
                                                             
    C:/ti/CC3200SDK_1.4.0/cc3200-sdk/driverlib/ccs/Release/driverlib.a
       spi.obj                      1086    0         0      
       prcm.obj                     800     168       0      
       pin.obj                      300     256       0      
       uart.obj                     306     0         0      
       interrupt.obj                198     24        0      
       gpio.obj                     86      0         0      
       cpu.obj                      20      0         0      
       utils.obj                    6       0         0      
    +--+----------------------------+-------+---------+---------+
       Total:                       2802    448       0      
                                                             
    C:\ti.old\ccsv8\tools\compiler\ti-cgt-arm_18.1.6.LTS\lib\rtsv7M4_T_le_eabi.lib
       _printfi.c.obj               4831    0         0      
       memory.c.obj                 768     0         12     
       fd_add_t2.asm.obj            438     0         0      
       fd_div_t2.asm.obj            310     0         0      
       fd_cmp_t2.asm.obj            268     0         0      
       ctype.c.obj                  0       257       0      
       fd_mul_t2.asm.obj            252     0         0      
       s_scalbn.c.obj               208     0         0      
       memcpy_t2.asm.obj            156     0         0      
       ull_div_t2.asm.obj           150     0         0      
       vsnprintf.c.obj              136     0         0      
       memset_t2.asm.obj            122     0         0      
       copy_decompress_lzss.c.obj   104     0         0      
       s_frexp.c.obj                92      0         0      
       ltoa.c.obj                   84      0         0      
       atoi.c.obj                   76      0         0      
       fd_toi_t2.asm.obj            72      0         0      
       autoinit.c.obj               68      0         0      
       i_tofd_t2.asm.obj            46      0         0      
       boot_cortex_m.c.obj          40      0         0      
       memmov.c.obj                 36      0         0      
       copy_zero_init.c.obj         28      0         0      
       memccpy.c.obj                28      0         0      
       strchr.c.obj                 22      0         0      
       strlen.c.obj                 20      0         0      
       wcslen.c.obj                 18      0         0      
       copy_decompress_none.c.obj   14      0         0      
       errno.c.obj                  8       0         4      
       _lock.c.obj                  2       0         8      
       s_copysign.c.obj             8       0         0      
       exit.c.obj                   4       0         0      
       pre_init.c.obj               4       0         0      
       div0.asm.obj                 2       0         0      
    +--+----------------------------+-------+---------+---------+
       Total:                       8415    257       24     
                                                             
       Heap:                        0       0         2048   
       Stack:                       0       0         2048   
       Linker Generated:            0       62        0      
    +--+----------------------------+-------+---------+---------+
       Grand Total:                 13849   1791      4324   


LINKER GENERATED COPY TABLES

__TI_cinit_table @ 20007d28 records: 2, size/record: 8, table size: 16
	.data: load addr=20007cf8, load size=0000001a bytes, run addr=200178cc, run size=00000018 bytes, compression=lzss
	.bss: load addr=20007d20, load size=00000008 bytes, run addr=20017800, run size=000000cc bytes, compression=zero_init


LINKER GENERATED HANDLER TABLE

__TI_handler_table @ 20007d14 records: 3, size/record: 4, table size: 12
	index: 0, handler: __TI_decompress_lzss
	index: 1, handler: __TI_decompress_none
	index: 2, handler: __TI_zero_init


GLOBAL SYMBOLS: SORTED ALPHABETICALLY BY Name 

address   name                          
-------   ----                          
20004eed  Adafruit_Init                 
20007a2b  C$$EXIT                       
2000799b  CPUcpsie                      
2000536d  ClearTerm                     
20005085  Color565                      
20005377  Error                         
200075a9  GPIODirModeSet                
200077af  GPIOPinWrite                  
200053af  GetCmd                        
2000532d  InitTerm                      
20006a45  IntEnable                     
20007a07  IntMasterEnable               
200079b1  IntVTableBaseSet              
200059e1  MasterMain                    
2000534b  Message                       
20005d65  PRCMCC3200MCUInit             
20007943  PRCMHIBRegRead                
20007959  PRCMHIBRegWrite               
200076cd  PRCMPeripheralClkDisable      
200074f9  PRCMPeripheralClkEnable       
20006cc1  PRCMPeripheralClockGet        
2000720d  PRCMPeripheralReset           
200076a1  PRCMSysResetCauseGet          
20006d55  PinConfigSet                  
20007439  PinModeSet                    
20006385  PinMuxConfig                  
200075df  PinTypeGPIO                   
2000787f  PinTypeSPI                    
20007899  PinTypeUART                   
200054ed  Report                        
200079f9  ResetISR                      
200078b3  SPICSDisable                  
200078cb  SPICSEnable                   
20006aed  SPIConfigSetExpClk            
200077cf  SPIDataGet                    
200077ef  SPIDataPut                    
200078e3  SPIDisable                    
200078fb  SPIEnable                     
2000778d  SPIReset                      
20006ddd  SPITransfer                   
20005455  TrimSpace                     
2000796f  UARTCharGet                   
2000782b  UARTCharGetNonBlocking        
2000780d  UARTCharPut                   
20007913  UARTCharsAvail                
20007065  UARTConfigSetExpClk           
20007611  UARTDisable                   
20007745  UARTEnable                    
20007a21  UtilsDelay                    
20030000  __STACK_END                   
00000800  __STACK_SIZE                  
00000800  __SYSMEM_SIZE                 
20007d28  __TI_CINIT_Base               
20007d38  __TI_CINIT_Limit              
20007d14  __TI_Handler_Table_Base       
20007d20  __TI_Handler_Table_Limit      
200073f5  __TI_auto_init_nobinit_nopinit
20007149  __TI_decompress_lzss          
200079eb  __TI_decompress_none          
ffffffff  __TI_pprof_out_hndl           
20004401  __TI_printfi                  
ffffffff  __TI_prof_data_size           
ffffffff  __TI_prof_data_start          
20007cf8  __TI_static_base__            
20007847  __TI_zero_init_nomemset       
20006e65  __aeabi_cdcmpeq               
20006e65  __aeabi_cdcmple               
20006eeb  __aeabi_cdrcmple              
200073ad  __aeabi_d2iz                  
20005bb7  __aeabi_dadd                  
20006019  __aeabi_ddiv                  
20006495  __aeabi_dmul                  
20005bad  __aeabi_dsub                  
20007a11  __aeabi_errno_addr            
20007671  __aeabi_i2d                   
2000532b  __aeabi_idiv0                 
2000532b  __aeabi_ldiv0                 
20006f71  __aeabi_memclr                
20006f71  __aeabi_memclr4               
20006f71  __aeabi_memclr8               
20006b8d  __aeabi_memcpy                
20006b8d  __aeabi_memcpy4               
20006b8d  __aeabi_memcpy8               
20006f73  __aeabi_memset                
20006f73  __aeabi_memset4               
20006f73  __aeabi_memset8               
20006c29  __aeabi_uldivmod              
ffffffff  __binit__                     
ffffffff  __c_args__                    
UNDEFED   __mpu_init                    
2002f800  __stack                       
200076f5  _c_int00_noargs               
20007a30  _ctypes_                      
200178d8  _lock                         
20004e4b  _nop                          
20017000  _sys_memory                   
UNDEFED   _system_post_cinit            
20007a27  _system_pre_init              
200178dc  _unlock                       
20007a2b  abort                         
20007361  atoi                          
ffffffff  binit                         
20007a19  copysign                      
20007a19  copysignl                     
20005235  drawFastHLine                 
20005195  drawFastVLine                 
200052d1  drawPixel                     
200178e0  errno                         
200050dd  fillRect                      
200050c7  fillScreen                    
20006591  free                          
200071b1  frexp                         
200071b1  frexpl                        
20004000  g_pfnVectors                  
20005041  goTo                          
2000530f  invert                        
20006739  ldexp                         
20006739  ldexpl                        
200072bb  ltoa                          
20005aab  main                          
20006fed  malloc                        
20007863  memccpy                       
20006b8d  memcpy                        
20007769  memmove                       
20006f79  memset                        
20007571  minit                         
20006271  realloc                       
20006739  scalbn                        
20006739  scalbnl                       
20007985  strchr                        
200079c5  strlen                        
20007479  vsnprintf                     
200079d9  wcslen                        
20004e4d  writeCommand                  
20004e9d  writeData                     


GLOBAL SYMBOLS: SORTED BY Symbol Address 

address   name                          
-------   ----                          
00000800  __STACK_SIZE                  
00000800  __SYSMEM_SIZE                 
20004000  g_pfnVectors                  
20004401  __TI_printfi                  
20004e4b  _nop                          
20004e4d  writeCommand                  
20004e9d  writeData                     
20004eed  Adafruit_Init                 
20005041  goTo                          
20005085  Color565                      
200050c7  fillScreen                    
200050dd  fillRect                      
20005195  drawFastVLine                 
20005235  drawFastHLine                 
200052d1  drawPixel                     
2000530f  invert                        
2000532b  __aeabi_idiv0                 
2000532b  __aeabi_ldiv0                 
2000532d  InitTerm                      
2000534b  Message                       
2000536d  ClearTerm                     
20005377  Error                         
200053af  GetCmd                        
20005455  TrimSpace                     
200054ed  Report                        
200059e1  MasterMain                    
20005aab  main                          
20005bad  __aeabi_dsub                  
20005bb7  __aeabi_dadd                  
20005d65  PRCMCC3200MCUInit             
20006019  __aeabi_ddiv                  
20006271  realloc                       
20006385  PinMuxConfig                  
20006495  __aeabi_dmul                  
20006591  free                          
20006739  ldexp                         
20006739  ldexpl                        
20006739  scalbn                        
20006739  scalbnl                       
20006a45  IntEnable                     
20006aed  SPIConfigSetExpClk            
20006b8d  __aeabi_memcpy                
20006b8d  __aeabi_memcpy4               
20006b8d  __aeabi_memcpy8               
20006b8d  memcpy                        
20006c29  __aeabi_uldivmod              
20006cc1  PRCMPeripheralClockGet        
20006d55  PinConfigSet                  
20006ddd  SPITransfer                   
20006e65  __aeabi_cdcmpeq               
20006e65  __aeabi_cdcmple               
20006eeb  __aeabi_cdrcmple              
20006f71  __aeabi_memclr                
20006f71  __aeabi_memclr4               
20006f71  __aeabi_memclr8               
20006f73  __aeabi_memset                
20006f73  __aeabi_memset4               
20006f73  __aeabi_memset8               
20006f79  memset                        
20006fed  malloc                        
20007065  UARTConfigSetExpClk           
20007149  __TI_decompress_lzss          
200071b1  frexp                         
200071b1  frexpl                        
2000720d  PRCMPeripheralReset           
200072bb  ltoa                          
20007361  atoi                          
200073ad  __aeabi_d2iz                  
200073f5  __TI_auto_init_nobinit_nopinit
20007439  PinModeSet                    
20007479  vsnprintf                     
200074f9  PRCMPeripheralClkEnable       
20007571  minit                         
200075a9  GPIODirModeSet                
200075df  PinTypeGPIO                   
20007611  UARTDisable                   
20007671  __aeabi_i2d                   
200076a1  PRCMSysResetCauseGet          
200076cd  PRCMPeripheralClkDisable      
200076f5  _c_int00_noargs               
20007745  UARTEnable                    
20007769  memmove                       
2000778d  SPIReset                      
200077af  GPIOPinWrite                  
200077cf  SPIDataGet                    
200077ef  SPIDataPut                    
2000780d  UARTCharPut                   
2000782b  UARTCharGetNonBlocking        
20007847  __TI_zero_init_nomemset       
20007863  memccpy                       
2000787f  PinTypeSPI                    
20007899  PinTypeUART                   
200078b3  SPICSDisable                  
200078cb  SPICSEnable                   
200078e3  SPIDisable                    
200078fb  SPIEnable                     
20007913  UARTCharsAvail                
20007943  PRCMHIBRegRead                
20007959  PRCMHIBRegWrite               
2000796f  UARTCharGet                   
20007985  strchr                        
2000799b  CPUcpsie                      
200079b1  IntVTableBaseSet              
200079c5  strlen                        
200079d9  wcslen                        
200079eb  __TI_decompress_none          
200079f9  ResetISR                      
20007a07  IntMasterEnable               
20007a11  __aeabi_errno_addr            
20007a19  copysign                      
20007a19  copysignl                     
20007a21  UtilsDelay                    
20007a27  _system_pre_init              
20007a2b  C$$EXIT                       
20007a2b  abort                         
20007a30  _ctypes_                      
20007cf8  __TI_static_base__            
20007d14  __TI_Handler_Table_Base       
20007d20  __TI_Handler_Table_Limit      
20007d28  __TI_CINIT_Base               
20007d38  __TI_CINIT_Limit              
20017000  _sys_memory                   
200178d8  _lock                         
200178dc  _unlock                       
200178e0  errno                         
2002f800  __stack                       
20030000  __STACK_END                   
ffffffff  __TI_pprof_out_hndl           
ffffffff  __TI_prof_data_size           
ffffffff  __TI_prof_data_start          
ffffffff  __binit__                     
ffffffff  __c_args__                    
ffffffff  binit                         
UNDEFED   __mpu_init                    
UNDEFED   _system_post_cinit            

[135 symbols]
