******************************************************************************
                  TI ARM Linker PC v16.9.0                     
******************************************************************************
>> Linked Wed Apr 20 12:09:00 2022

OUTPUT FILE NAME:   <Decode.out>
ENTRY POINT SYMBOL: "_c_int00"  address: 2000700d


MEMORY CONFIGURATION

         name            origin    length      used     unused   attr    fill
----------------------  --------  ---------  --------  --------  ----  --------
  SRAM_CODE             20004000   00019000  00003700  00015900  RW X
  SRAM_DATA             2001d000   00023000  0000103e  00021fc2  RW X


SEGMENT ALLOCATION MAP

run origin  load origin   length   init length attrs members
----------  ----------- ---------- ----------- ----- -------
20004000    20004000    00003700   00003700    r-x
  20004000    20004000    00000400   00000400    r-- .intvecs
  20004400    20004400    00002ff4   00002ff4    r-x .text
  200073f4    200073f4    000002c4   000002c4    r-- .const
  200076b8    200076b8    00000048   00000048    r-- .cinit
2001d000    2001d000    0000083e   00000000    rw-
  2001d000    2001d000    00000800   00000000    rw- .sysmem
  2001d800    2001d800    00000030   00000000    rw- .data
  2001d830    2001d830    0000000e   00000000    rw- .bss
2003f800    2003f800    00000800   00000000    rw-
  2003f800    2003f800    00000800   00000000    rw- .stack


SECTION ALLOCATION MAP

 output                                  attributes/
section   page    origin      length       input sections
--------  ----  ----------  ----------   ----------------
.intvecs   0    20004000    00000400     
                  20004000    00000400     startup_ccs.obj (.intvecs)

.init_array 
*          0    20004000    00000000     UNINITIALIZED

.text      0    20004400    00002ff4     
                  20004400    0000111e     rtsv7M4_T_le_eabi.lib : _printfi.obj (.text)
                  2000551e    00000002                           : mpu_init.obj (.text)
                  20005520    000003d0                           : memory.obj (.text)
                  200058f0    00000280     uart_if.obj (.text)
                  20005b70    00000258     main.obj (.text)
                  20005dc8    000001f4     rtsv7M4_T_le_eabi.lib : ull_div_t2.obj (.text)
                  20005fbc    000001b6                           : fd_add_t2.obj (.text)
                  20006172    00000002                           : startup.obj (.text)
                  20006174    00000178     driverlib.a : prcm.obj (.text:PRCMCC3200MCUInit)
                  200062ec    00000136     rtsv7M4_T_le_eabi.lib : fd_div_t2.obj (.text)
                  20006422    00000002     --HOLE-- [fill = 0]
                  20006424    00000114     pin_mux_config.obj (.text)
                  20006538    000000fc     rtsv7M4_T_le_eabi.lib : fd_mul_t2.obj (.text)
                  20006634    000000d0                           : s_scalbn.obj (.text)
                  20006704    000000a8     driverlib.a : interrupt.obj (.text:IntEnable)
                  200067ac    0000009c     rtsv7M4_T_le_eabi.lib : memcpy_t2.obj (.text)
                  20006848    00000094     driverlib.a : prcm.obj (.text:PRCMPeripheralClockGet)
                  200068dc    00000088                 : pin.obj (.text:PinConfigSet)
                  20006964    00000088     rtsv7M4_T_le_eabi.lib : vsnprintf.obj (.text)
                  200069ec    00000086                           : fd_cmp_t2.obj (.text:__aeabi_cdcmple)
                  20006a72    00000086                           : fd_cmp_t2.obj (.text:__aeabi_cdrcmple)
                  20006af8    00000082     driverlib.a : gpio.obj (.text:GPIOIntTypeSet)
                  20006b7a    0000007a     rtsv7M4_T_le_eabi.lib : memset_t2.obj (.text)
                  20006bf4    00000076     driverlib.a : uart.obj (.text:UARTConfigSetExpClk)
                  20006c6a    00000002     --HOLE-- [fill = 0]
                  20006c6c    00000070     rtsv7M4_T_le_eabi.lib : autoinit.obj (.text)
                  20006cdc    00000068                           : copy_decompress_lzss.obj (.text:decompress:lzss)
                  20006d44    0000005c                           : s_frexp.obj (.text)
                  20006da0    00000058     driverlib.a : prcm.obj (.text:PRCMPeripheralReset)
                  20006df8    00000056     rtsv7M4_T_le_eabi.lib : ltoa.obj (.text)
                  20006e4e    00000002     --HOLE-- [fill = 0]
                  20006e50    00000054                           : exit.obj (.text)
                  20006ea4    0000004c                           : atoi.obj (.text)
                  20006ef0    0000004c                           : cpy_tbl.obj (.text)
                  20006f3c    00000048     driverlib.a : gpio.obj (.text:GPIOGetIntNumber)
                  20006f84    00000048     rtsv7M4_T_le_eabi.lib : fd_toi_t2.obj (.text)
                  20006fcc    00000040     driverlib.a : pin.obj (.text:PinModeSet)
                  2000700c    00000040     rtsv7M4_T_le_eabi.lib : boot.obj (.text)
                  2000704c    0000003c     driverlib.a : prcm.obj (.text:PRCMPeripheralClkEnable)
                  20007088    00000036                 : gpio.obj (.text:GPIODirModeSet)
                  200070be    00000030                 : pin.obj (.text:PinTypeGPIO)
                  200070ee    00000002     --HOLE-- [fill = 0]
                  200070f0    00000030                 : uart.obj (.text:UARTDisable)
                  20007120    0000002e     rtsv7M4_T_le_eabi.lib : i_tofd_t2.obj (.text)
                  2000714e    00000002     --HOLE-- [fill = 0]
                  20007150    0000002c     driverlib.a : prcm.obj (.text:PRCMSysResetCauseGet)
                  2000717c    00000028                 : prcm.obj (.text:PRCMPeripheralClkDisable)
                  200071a4    00000024                 : uart.obj (.text:UARTEnable)
                  200071c8    00000024     rtsv7M4_T_le_eabi.lib : memmov.obj (.text)
                  200071ec    00000022     driverlib.a : gpio.obj (.text:GPIOIntStatus)
                  2000720e    00000002     --HOLE-- [fill = 0]
                  20007210    00000020                 : interrupt.obj (.text:IntRegister)
                  20007230    0000001e                 : gpio.obj (.text:GPIOIntRegister)
                  2000724e    0000001e                 : uart.obj (.text:UARTCharPut)
                  2000726c    0000001c                 : uart.obj (.text:UARTCharGetNonBlocking)
                  20007288    0000001c     rtsv7M4_T_le_eabi.lib : memccpy.obj (.text)
                  200072a4    0000001a     driverlib.a : gpio.obj (.text:GPIOIntEnable)
                  200072be    0000001a                 : pin.obj (.text:PinTypeUART)
                  200072d8    00000018                 : uart.obj (.text:UARTCharsAvail)
                  200072f0    00000018     rtsv7M4_T_le_eabi.lib : args_main.obj (.text)
                  20007308    00000016     driverlib.a : prcm.obj (.text:PRCMHIBRegRead)
                  2000731e    00000016                 : prcm.obj (.text:PRCMHIBRegWrite)
                  20007334    00000016     rtsv7M4_T_le_eabi.lib : strchr.obj (.text)
                  2000734a    00000014     driverlib.a : cpu.obj (.text:CPUcpsie)
                  2000735e    00000014                 : gpio.obj (.text:GPIOIntClear)
                  20007372    00000002     --HOLE-- [fill = 0]
                  20007374    00000014                 : interrupt.obj (.text:IntVTableBaseSet)
                  20007388    00000014     rtsv7M4_T_le_eabi.lib : _lock.obj (.text)
                  2000739c    00000014                           : strlen.obj (.text)
                  200073b0    0000000e                           : copy_decompress_none.obj (.text:decompress:none)
                  200073be    0000000e     startup_ccs.obj (.text)
                  200073cc    0000000c     rtsv7M4_T_le_eabi.lib : copy_zero_init.obj (.text:decompress:ZI)
                  200073d8    0000000a     driverlib.a : interrupt.obj (.text:IntMasterEnable)
                  200073e2    00000008     rtsv7M4_T_le_eabi.lib : s_copysign.obj (.text)
                  200073ea    00000006     driverlib.a : utils.obj (.text:UtilsDelay)
                  200073f0    00000004     rtsv7M4_T_le_eabi.lib : pre_init.obj (.text)

.const     0    200073f4    000002c4     
                  200073f4    00000101     rtsv7M4_T_le_eabi.lib : ctype.obj (.const:.string:_ctypes_)
                  200074f5    00000003     --HOLE-- [fill = 0]
                  200074f8    00000100     driverlib.a : pin.obj (.const:g_ulPinToPadMap)
                  200075f8    000000a8                 : prcm.obj (.const:PRCM_PeriphRegsList)
                  200076a0    00000018                 : interrupt.obj (.const:g_pulEnRegs)

.cinit     0    200076b8    00000048     
                  200076b8    00000023     (.cinit..data.load) [load image, compression = lzss]
                  200076db    00000001     --HOLE-- [fill = 0]
                  200076dc    0000000c     (__TI_handler_table)
                  200076e8    00000008     (.cinit..bss.load) [load image, compression = zero_init]
                  200076f0    00000010     (__TI_cinit_table)

.sysmem    0    2001d000    00000800     UNINITIALIZED
                  2001d000    00000008     rtsv7M4_T_le_eabi.lib : memory.obj (.sysmem)
                  2001d008    000007f8     --HOLE--

.data      0    2001d800    00000030     UNINITIALIZED
                  2001d800    0000000c     rtsv7M4_T_le_eabi.lib : exit.obj (.data:$O1$$)
                  2001d80c    0000000c                           : memory.obj (.data:$O1$$)
                  2001d818    00000008                           : _lock.obj (.data:$O1$$)
                  2001d820    00000008     main.obj (.data:switch2)
                  2001d828    00000004     rtsv7M4_T_le_eabi.lib : errno.obj (.data)
                  2001d82c    00000004                           : stkdepth_vars.obj (.data)

.bss       0    2001d830    0000000e     UNINITIALIZED
                  2001d830    00000004     uart_if.obj (.bss)
                  2001d834    00000004     (.common:SW2_intcount)
                  2001d838    00000004     (.common:SW3_intcount)
                  2001d83c    00000001     (.common:SW2_intflag)
                  2001d83d    00000001     (.common:SW3_intflag)

.stack     0    2003f800    00000800     UNINITIALIZED
                  2003f800    00000800     --HOLE--

MODULE SUMMARY

       Module                     code    ro data   rw data
       ------                     ----    -------   -------
    .\
       startup_ccs.obj            14      1024      0      
       uart_if.obj                640     0         4      
       main.obj                   600     0         18     
       pin_mux_config.obj         276     0         0      
    +--+--------------------------+-------+---------+---------+
       Total:                     1530    1024      22     
                                                           
    C:/ti/CC3200SDK_1.4.0/cc3200-sdk/driverlib/ccs/Release/driverlib.a
       prcm.obj                   800     168       0      
       pin.obj                    274     256       0      
       gpio.obj                   366     0         0      
       uart.obj                   284     0         0      
       interrupt.obj              230     24        0      
       cpu.obj                    20      0         0      
       utils.obj                  6       0         0      
    +--+--------------------------+-------+---------+---------+
       Total:                     1980    448       0      
                                                           
    C:\ti.old\lib\rtsv7M4_T_le_eabi.lib
       _printfi.obj               4382    0         0      
       memory.obj                 976     0         12     
       ull_div_t2.obj             500     0         0      
       fd_add_t2.obj              438     0         0      
       fd_div_t2.obj              310     0         0      
       fd_cmp_t2.obj              268     0         0      
       ctype.obj                  0       257       0      
       fd_mul_t2.obj              252     0         0      
       s_scalbn.obj               208     0         0      
       memcpy_t2.obj              156     0         0      
       vsnprintf.obj              136     0         0      
       memset_t2.obj              122     0         0      
       autoinit.obj               112     0         0      
       copy_decompress_lzss.obj   104     0         0      
       exit.obj                   84      0         12     
       s_frexp.obj                92      0         0      
       ltoa.obj                   86      0         0      
       atoi.obj                   76      0         0      
       cpy_tbl.obj                76      0         0      
       fd_toi_t2.obj              72      0         0      
       boot.obj                   64      0         0      
       i_tofd_t2.obj              46      0         0      
       memmov.obj                 36      0         0      
       _lock.obj                  20      0         8      
       memccpy.obj                28      0         0      
       args_main.obj              24      0         0      
       strchr.obj                 22      0         0      
       strlen.obj                 20      0         0      
       copy_decompress_none.obj   14      0         0      
       copy_zero_init.obj         12      0         0      
       s_copysign.obj             8       0         0      
       errno.obj                  0       0         4      
       pre_init.obj               4       0         0      
       stkdepth_vars.obj          0       0         4      
       mpu_init.obj               2       0         0      
       startup.obj                2       0         0      
    +--+--------------------------+-------+---------+---------+
       Total:                     8752    257       40     
                                                           
       Heap:                      0       0         2048   
       Stack:                     0       0         2048   
       Linker Generated:          0       71        0      
    +--+--------------------------+-------+---------+---------+
       Grand Total:               12262   1800      4158   


LINKER GENERATED COPY TABLES

__TI_cinit_table @ 200076f0 records: 2, size/record: 8, table size: 16
	.data: load addr=200076b8, load size=00000023 bytes, run addr=2001d800, run size=00000030 bytes, compression=lzss
	.bss: load addr=200076e8, load size=00000008 bytes, run addr=2001d830, run size=0000000e bytes, compression=zero_init


LINKER GENERATED HANDLER TABLE

__TI_handler_table @ 200076dc records: 3, size/record: 4, table size: 12
	index: 0, handler: __TI_decompress_lzss
	index: 1, handler: __TI_decompress_none
	index: 2, handler: __TI_zero_init


GLOBAL SYMBOLS: SORTED ALPHABETICALLY BY Name 

address   name                           
-------   ----                           
20006e51  C$$EXIT                        
2000734b  CPUcpsie                       
20005931  ClearTerm                      
2000593b  Error                          
20007089  GPIODirModeSet                 
2000735f  GPIOIntClear                   
200072a5  GPIOIntEnable                  
20007231  GPIOIntRegister                
200071ed  GPIOIntStatus                  
20006af9  GPIOIntTypeSet                 
20005973  GetCmd                         
200058f1  InitTerm                       
20006705  IntEnable                      
200073d9  IntMasterEnable                
20007211  IntRegister                    
20007375  IntVTableBaseSet               
2000590f  Message                        
20006175  PRCMCC3200MCUInit              
20007309  PRCMHIBRegRead                 
2000731f  PRCMHIBRegWrite                
2000717d  PRCMPeripheralClkDisable       
2000704d  PRCMPeripheralClkEnable        
20006849  PRCMPeripheralClockGet         
20006da1  PRCMPeripheralReset            
20007151  PRCMSysResetCauseGet           
200068dd  PinConfigSet                   
20006fcd  PinModeSet                     
20006425  PinMuxConfig                   
200070bf  PinTypeGPIO                    
200072bf  PinTypeUART                    
20005ab1  Report                         
200073bf  ResetISR                       
UNDEFED   SHT$$INIT_ARRAY$$Base          
UNDEFED   SHT$$INIT_ARRAY$$Limit         
2001d834  SW2_intcount                   
2001d83c  SW2_intflag                    
2001d838  SW3_intcount                   
2001d83d  SW3_intflag                    
20005a19  TrimSpace                      
2000726d  UARTCharGetNonBlocking         
2000724f  UARTCharPut                    
200072d9  UARTCharsAvail                 
20006bf5  UARTConfigSetExpClk            
200070f1  UARTDisable                    
200071a5  UARTEnable                     
200073eb  UtilsDelay                     
20040000  __STACK_END                    
00000800  __STACK_SIZE                   
00000800  __SYSMEM_SIZE                  
200076f0  __TI_CINIT_Base                
20007700  __TI_CINIT_Limit               
200076dc  __TI_Handler_Table_Base        
200076e8  __TI_Handler_Table_Limit       
20006c6d  __TI_auto_init                 
2001d800  __TI_cleanup_ptr               
20006cdd  __TI_decompress_lzss           
200073b1  __TI_decompress_none           
2001d804  __TI_dtors_ptr                 
2001d808  __TI_enable_exit_profile_output
ffffffff  __TI_pprof_out_hndl            
20004c35  __TI_printfi                   
ffffffff  __TI_prof_data_size            
ffffffff  __TI_prof_data_start           
200076b8  __TI_static_base__             
200073cd  __TI_zero_init                 
200069ed  __aeabi_cdcmpeq                
200069ed  __aeabi_cdcmple                
20006a73  __aeabi_cdrcmple               
20006f85  __aeabi_d2iz                   
20005fc7  __aeabi_dadd                   
200062ed  __aeabi_ddiv                   
20006539  __aeabi_dmul                   
20005fbd  __aeabi_dsub                   
20007121  __aeabi_i2d                    
20006b7b  __aeabi_memclr                 
20006b7b  __aeabi_memclr4                
20006b7b  __aeabi_memclr8                
200067ad  __aeabi_memcpy                 
200067ad  __aeabi_memcpy4                
200067ad  __aeabi_memcpy8                
20006b7d  __aeabi_memset                 
20006b7d  __aeabi_memset4                
20006b7d  __aeabi_memset8                
20005dc9  __aeabi_uldivmod               
ffffffff  __binit__                      
ffffffff  __c_args__                     
2000551f  __mpu_init                     
2003f800  __stack                        
200072f1  _args_main                     
2000700d  _c_int00                       
200073f4  _ctypes_                       
2001d818  _lock                          
20007397  _nop                           
2000738f  _register_lock                 
20007389  _register_unlock               
2001d000  _sys_memory                    
20006173  _system_post_cinit             
200073f1  _system_pre_init               
2001d81c  _unlock                        
20006e55  abort                          
20006ea5  atoi                           
ffffffff  binit                          
200058c1  calloc                         
20006ef1  copy_in                        
200073e3  copysign                       
200073e3  copysignl                      
2001d828  errno                          
20006e5d  exit                           
2000560b  free                           
20006d45  frexp                          
20006d45  frexpl                         
20004000  g_pfnVectors                   
20006635  ldexp                          
20006635  ldexpl                         
20006df9  ltoa                           
20005bd5  main                           
2001d82c  main_func_sp                   
200055a1  malloc                         
200057d5  memalign                       
20007289  memccpy                        
200067ad  memcpy                         
200071c9  memmove                        
20006b83  memset                         
20005521  minit                          
200056cd  realloc                        
20006635  scalbn                         
20006635  scalbnl                        
20007335  strchr                         
2000739d  strlen                         
20006965  vsnprintf                      


GLOBAL SYMBOLS: SORTED BY Symbol Address 

address   name                           
-------   ----                           
00000800  __STACK_SIZE                   
00000800  __SYSMEM_SIZE                  
20004000  g_pfnVectors                   
20004c35  __TI_printfi                   
2000551f  __mpu_init                     
20005521  minit                          
200055a1  malloc                         
2000560b  free                           
200056cd  realloc                        
200057d5  memalign                       
200058c1  calloc                         
200058f1  InitTerm                       
2000590f  Message                        
20005931  ClearTerm                      
2000593b  Error                          
20005973  GetCmd                         
20005a19  TrimSpace                      
20005ab1  Report                         
20005bd5  main                           
20005dc9  __aeabi_uldivmod               
20005fbd  __aeabi_dsub                   
20005fc7  __aeabi_dadd                   
20006173  _system_post_cinit             
20006175  PRCMCC3200MCUInit              
200062ed  __aeabi_ddiv                   
20006425  PinMuxConfig                   
20006539  __aeabi_dmul                   
20006635  ldexp                          
20006635  ldexpl                         
20006635  scalbn                         
20006635  scalbnl                        
20006705  IntEnable                      
200067ad  __aeabi_memcpy                 
200067ad  __aeabi_memcpy4                
200067ad  __aeabi_memcpy8                
200067ad  memcpy                         
20006849  PRCMPeripheralClockGet         
200068dd  PinConfigSet                   
20006965  vsnprintf                      
200069ed  __aeabi_cdcmpeq                
200069ed  __aeabi_cdcmple                
20006a73  __aeabi_cdrcmple               
20006af9  GPIOIntTypeSet                 
20006b7b  __aeabi_memclr                 
20006b7b  __aeabi_memclr4                
20006b7b  __aeabi_memclr8                
20006b7d  __aeabi_memset                 
20006b7d  __aeabi_memset4                
20006b7d  __aeabi_memset8                
20006b83  memset                         
20006bf5  UARTConfigSetExpClk            
20006c6d  __TI_auto_init                 
20006cdd  __TI_decompress_lzss           
20006d45  frexp                          
20006d45  frexpl                         
20006da1  PRCMPeripheralReset            
20006df9  ltoa                           
20006e51  C$$EXIT                        
20006e55  abort                          
20006e5d  exit                           
20006ea5  atoi                           
20006ef1  copy_in                        
20006f85  __aeabi_d2iz                   
20006fcd  PinModeSet                     
2000700d  _c_int00                       
2000704d  PRCMPeripheralClkEnable        
20007089  GPIODirModeSet                 
200070bf  PinTypeGPIO                    
200070f1  UARTDisable                    
20007121  __aeabi_i2d                    
20007151  PRCMSysResetCauseGet           
2000717d  PRCMPeripheralClkDisable       
200071a5  UARTEnable                     
200071c9  memmove                        
200071ed  GPIOIntStatus                  
20007211  IntRegister                    
20007231  GPIOIntRegister                
2000724f  UARTCharPut                    
2000726d  UARTCharGetNonBlocking         
20007289  memccpy                        
200072a5  GPIOIntEnable                  
200072bf  PinTypeUART                    
200072d9  UARTCharsAvail                 
200072f1  _args_main                     
20007309  PRCMHIBRegRead                 
2000731f  PRCMHIBRegWrite                
20007335  strchr                         
2000734b  CPUcpsie                       
2000735f  GPIOIntClear                   
20007375  IntVTableBaseSet               
20007389  _register_unlock               
2000738f  _register_lock                 
20007397  _nop                           
2000739d  strlen                         
200073b1  __TI_decompress_none           
200073bf  ResetISR                       
200073cd  __TI_zero_init                 
200073d9  IntMasterEnable                
200073e3  copysign                       
200073e3  copysignl                      
200073eb  UtilsDelay                     
200073f1  _system_pre_init               
200073f4  _ctypes_                       
200076b8  __TI_static_base__             
200076dc  __TI_Handler_Table_Base        
200076e8  __TI_Handler_Table_Limit       
200076f0  __TI_CINIT_Base                
20007700  __TI_CINIT_Limit               
2001d000  _sys_memory                    
2001d800  __TI_cleanup_ptr               
2001d804  __TI_dtors_ptr                 
2001d808  __TI_enable_exit_profile_output
2001d818  _lock                          
2001d81c  _unlock                        
2001d828  errno                          
2001d82c  main_func_sp                   
2001d834  SW2_intcount                   
2001d838  SW3_intcount                   
2001d83c  SW2_intflag                    
2001d83d  SW3_intflag                    
2003f800  __stack                        
20040000  __STACK_END                    
ffffffff  __TI_pprof_out_hndl            
ffffffff  __TI_prof_data_size            
ffffffff  __TI_prof_data_start           
ffffffff  __binit__                      
ffffffff  __c_args__                     
ffffffff  binit                          
UNDEFED   SHT$$INIT_ARRAY$$Base          
UNDEFED   SHT$$INIT_ARRAY$$Limit         

[130 symbols]
