******************************************************************************
                  TI ARM Linker PC v18.1.6                     
******************************************************************************
>> Linked Mon Apr  4 12:41:25 2022

OUTPUT FILE NAME:   <spi_demo.out>
ENTRY POINT SYMBOL: "_c_int00_noargs"  address: 200075c5


MEMORY CONFIGURATION

         name            origin    length      used     unused   attr    fill
----------------------  --------  ---------  --------  --------  ----  --------
  SRAM_CODE             20004000   00013000  00003c2a  0000f3d6  RW X
  SRAM_DATA             20017000   00019000  000010e6  00017f1a  RW X


SEGMENT ALLOCATION MAP

run origin  load origin   length   init length attrs members
----------  ----------- ---------- ----------- ----- -------
20004000    20004000    00003c30   00003c30    r-x
  20004000    20004000    00000400   00000400    r-- .intvecs
  20004400    20004400    000034ea   000034ea    r-x .text
  200078ec    200078ec    00000300   00000300    r-- .const
  20007bf0    20007bf0    00000040   00000040    r-- .cinit
20017000    20017000    000008e8   00000000    rw-
  20017000    20017000    00000800   00000000    rw- .sysmem
  20017800    20017800    000000ce   00000000    rw- .bss
  200178d0    200178d0    00000018   00000000    rw- .data
2002f800    2002f800    00000800   00000000    rw-
  2002f800    2002f800    00000800   00000000    rw- .stack


SECTION ALLOCATION MAP

 output                                  attributes/
section   page    origin      length       input sections
--------  ----  ----------  ----------   ----------------
.intvecs   0    20004000    00000400     
                  20004000    00000400     startup_ccs.obj (.intvecs)

.init_array 
*          0    20004000    00000000     UNINITIALIZED

.text      0    20004400    000034ea     
                  20004400    00000a4a     rtsv7M4_T_le_eabi.lib : _printfi.c.obj (.text:__TI_printfi)
                  20004e4a    00000002                           : _lock.c.obj (.text:_nop)
                  20004e4c    0000038c     main.obj (.text)
                  200051d8    00000280     uart_if.obj (.text)
                  20005458    00000268     rtsv7M4_T_le_eabi.lib : _printfi.c.obj (.text:_pconv_a)
                  200056c0    000001cc                           : _printfi.c.obj (.text:_pconv_g)
                  2000588c    000001b6                           : fd_add_t2.asm.obj (.text)
                  20005a42    00000002                           : div0.asm.obj (.text)
                  20005a44    00000178     driverlib.a : prcm.obj (.text:PRCMCC3200MCUInit)
                  20005bbc    0000013c     rtsv7M4_T_le_eabi.lib : _printfi.c.obj (.text:_pconv_e)
                  20005cf8    00000136                           : fd_div_t2.asm.obj (.text)
                  20005e2e    00000002     --HOLE-- [fill = 0]
                  20005e30    00000134     pin_mux_config.obj (.text)
                  20005f64    00000120     rtsv7M4_T_le_eabi.lib : _printfi.c.obj (.text:fcvt)
                  20006084    00000114                           : memory.c.obj (.text:realloc)
                  20006198    000000fc                           : fd_mul_t2.asm.obj (.text)
                  20006294    000000d8                           : memory.c.obj (.text:free)
                  2000636c    000000d0     driverlib.a : spi.obj (.text:SPITransfer32)
                  2000643c    000000d0     rtsv7M4_T_le_eabi.lib : s_scalbn.c.obj (.text:scalbn)
                  2000650c    000000ce     driverlib.a : spi.obj (.text:SPITransfer16)
                  200065da    000000b8                 : spi.obj (.text:SPITransfer8)
                  20006692    00000002     --HOLE-- [fill = 0]
                  20006694    000000b1     rtsv7M4_T_le_eabi.lib : _printfi.c.obj (.text:_ltostr)
                  20006745    00000003     --HOLE-- [fill = 0]
                  20006748    000000a8     driverlib.a : interrupt.obj (.text:IntEnable)
                  200067f0    000000a0                 : spi.obj (.text:SPIConfigSetExpClk)
                  20006890    0000009c     rtsv7M4_T_le_eabi.lib : memcpy_t2.asm.obj (.text)
                  2000692c    00000096                           : ull_div_t2.asm.obj (.text)
                  200069c2    00000002     --HOLE-- [fill = 0]
                  200069c4    00000094     driverlib.a : prcm.obj (.text:PRCMPeripheralClockGet)
                  20006a58    00000088                 : pin.obj (.text:PinConfigSet)
                  20006ae0    00000088                 : spi.obj (.text:SPITransfer)
                  20006b68    00000086     rtsv7M4_T_le_eabi.lib : fd_cmp_t2.asm.obj (.text:__aeabi_cdcmple)
                  20006bee    00000086                           : fd_cmp_t2.asm.obj (.text:__aeabi_cdrcmple)
                  20006c74    0000007c     driverlib.a : spi.obj (.text:SPIIntStatus)
                  20006cf0    0000007a     rtsv7M4_T_le_eabi.lib : memset_t2.asm.obj (.text)
                  20006d6a    00000002     --HOLE-- [fill = 0]
                  20006d6c    00000078                           : memory.c.obj (.text:malloc)
                  20006de4    00000076     driverlib.a : uart.obj (.text:UARTConfigSetExpClk)
                  20006e5a    0000006e     rtsv7M4_T_le_eabi.lib : _printfi.c.obj (.text:_mcpy)
                  20006ec8    00000068                           : copy_decompress_lzss.c.obj (.text:decompress:lzss:__TI_decompress_lzss)
                  20006f30    0000005c                           : s_frexp.c.obj (.text:frexp)
                  20006f8c    00000058     driverlib.a : prcm.obj (.text:PRCMPeripheralReset)
                  20006fe4    00000056     rtsv7M4_T_le_eabi.lib : _printfi.c.obj (.text:_pconv_f)
                  2000703a    00000054                           : ltoa.c.obj (.text:ltoa)
                  2000708e    00000052                           : _printfi.c.obj (.text:_ecpy)
                  200070e0    0000004c     driverlib.a : spi.obj (.text:SPIIntEnable)
                  2000712c    0000004c                 : spi.obj (.text:SPIIntNumberGet)
                  20007178    0000004c     rtsv7M4_T_le_eabi.lib : atoi.c.obj (.text:atoi)
                  200071c4    00000048     driverlib.a : spi.obj (.text:SPIIntClear)
                  2000720c    00000048     rtsv7M4_T_le_eabi.lib : fd_toi_t2.asm.obj (.text)
                  20007254    00000044     driverlib.a : spi.obj (.text:SPIDmaMaskGet)
                  20007298    00000044     rtsv7M4_T_le_eabi.lib : autoinit.c.obj (.text:__TI_auto_init_nobinit_nopinit:__TI_auto_init_nobinit_nopinit)
                  200072dc    00000040     driverlib.a : pin.obj (.text:PinModeSet)
                  2000731c    00000040     rtsv7M4_T_le_eabi.lib : vsnprintf.c.obj (.text:vsnprintf)
                  2000735c    0000003e                           : _printfi.c.obj (.text:_fcpy)
                  2000739a    00000002     --HOLE-- [fill = 0]
                  2000739c    0000003c     driverlib.a : prcm.obj (.text:PRCMPeripheralClkEnable)
                  200073d8    0000003c     rtsv7M4_T_le_eabi.lib : memory.c.obj (.text:minsert)
                  20007414    00000038                           : memory.c.obj (.text:minit)
                  2000744c    00000036     driverlib.a : gpio.obj (.text:GPIODirModeSet)
                  20007482    00000030                 : pin.obj (.text:PinTypeGPIO)
                  200074b2    00000002     --HOLE-- [fill = 0]
                  200074b4    00000030                 : uart.obj (.text:UARTDisable)
                  200074e4    00000030     rtsv7M4_T_le_eabi.lib : vsnprintf.c.obj (.text:_outs)
                  20007514    0000002e                           : i_tofd_t2.asm.obj (.text)
                  20007542    00000002     --HOLE-- [fill = 0]
                  20007544    0000002c     driverlib.a : prcm.obj (.text:PRCMSysResetCauseGet)
                  20007570    0000002a                 : spi.obj (.text:SPIDataGetNonBlocking)
                  2000759a    00000002     --HOLE-- [fill = 0]
                  2000759c    00000028                 : prcm.obj (.text:PRCMPeripheralClkDisable)
                  200075c4    00000028     rtsv7M4_T_le_eabi.lib : boot_cortex_m.c.obj (.text:_c_int00_noargs:_c_int00_noargs)
                  200075ec    00000028                           : memory.c.obj (.text:mremove)
                  20007614    00000024     driverlib.a : uart.obj (.text:UARTEnable)
                  20007638    00000024     rtsv7M4_T_le_eabi.lib : memmov.c.obj (.text:memmove)
                  2000765c    00000022     driverlib.a : spi.obj (.text:SPIReset)
                  2000767e    00000002     --HOLE-- [fill = 0]
                  20007680    00000020                 : interrupt.obj (.text:IntRegister)
                  200076a0    00000020                 : spi.obj (.text:SPIDataGet)
                  200076c0    0000001e                 : spi.obj (.text:SPIDataPut)
                  200076de    0000001e                 : spi.obj (.text:SPIIntRegister)
                  200076fc    0000001e                 : uart.obj (.text:UARTCharPut)
                  2000771a    0000001c                 : uart.obj (.text:UARTCharGetNonBlocking)
                  20007736    0000001c     rtsv7M4_T_le_eabi.lib : copy_zero_init.c.obj (.text:decompress:ZI:__TI_zero_init_nomemset:__TI_zero_init_nomemset)
                  20007752    0000001c                           : memccpy.c.obj (.text:memccpy)
                  2000776e    0000001a     driverlib.a : pin.obj (.text:PinTypeUART)
                  20007788    00000018                 : spi.obj (.text:SPICSDisable)
                  200077a0    00000018                 : spi.obj (.text:SPICSEnable)
                  200077b8    00000018                 : spi.obj (.text:SPIEnable)
                  200077d0    00000018                 : uart.obj (.text:UARTCharsAvail)
                  200077e8    00000018     rtsv7M4_T_le_eabi.lib : vsnprintf.c.obj (.text:_outc)
                  20007800    00000016     driverlib.a : prcm.obj (.text:PRCMHIBRegRead)
                  20007816    00000016                 : prcm.obj (.text:PRCMHIBRegWrite)
                  2000782c    00000016                 : uart.obj (.text:UARTCharGet)
                  20007842    00000016     rtsv7M4_T_le_eabi.lib : strchr.c.obj (.text:strchr)
                  20007858    00000014     driverlib.a : cpu.obj (.text:CPUcpsie)
                  2000786c    00000014                 : interrupt.obj (.text:IntVTableBaseSet)
                  20007880    00000014     rtsv7M4_T_le_eabi.lib : strlen.c.obj (.text:strlen)
                  20007894    00000012                           : wcslen.c.obj (.text:wcslen)
                  200078a6    0000000e                           : copy_decompress_none.c.obj (.text:decompress:none:__TI_decompress_none)
                  200078b4    0000000e     startup_ccs.obj (.text)
                  200078c2    0000000a     driverlib.a : interrupt.obj (.text:IntMasterEnable)
                  200078cc    00000008     rtsv7M4_T_le_eabi.lib : errno.c.obj (.text:__aeabi_errno_addr)
                  200078d4    00000008                           : s_copysign.c.obj (.text:copysign)
                  200078dc    00000006     driverlib.a : utils.obj (.text:UtilsDelay)
                  200078e2    00000004     rtsv7M4_T_le_eabi.lib : pre_init.c.obj (.text:_system_pre_init)
                  200078e6    00000004                           : exit.c.obj (.text:abort:abort)

.const     0    200078ec    00000300     
                  200078ec    00000101     rtsv7M4_T_le_eabi.lib : ctype.c.obj (.const:.string:_ctypes_)
                  200079ed    00000003     --HOLE-- [fill = 0]
                  200079f0    00000100     driverlib.a : pin.obj (.const:g_ulPinToPadMap)
                  20007af0    000000a8                 : prcm.obj (.const:PRCM_PeriphRegsList)
                  20007b98    00000024                 : spi.obj (.const:g_ppulSPIIntMap)
                  20007bbc    00000018                 : interrupt.obj (.const:g_pulEnRegs)
                  20007bd4    00000018                 : spi.obj (.const:g_ulSPIDmaMaskMap)

.cinit     0    20007bf0    00000040     
                  20007bf0    0000001a     (.cinit..data.load) [load image, compression = lzss]
                  20007c0a    00000002     --HOLE-- [fill = 0]
                  20007c0c    0000000c     (__TI_handler_table)
                  20007c18    00000008     (.cinit..bss.load) [load image, compression = zero_init]
                  20007c20    00000010     (__TI_cinit_table)

.sysmem    0    20017000    00000800     UNINITIALIZED
                  20017000    00000008     rtsv7M4_T_le_eabi.lib : memory.c.obj (.sysmem)
                  20017008    000007f8     --HOLE--

.bss       0    20017800    000000ce     UNINITIALIZED
                  20017800    00000064     main.obj (.bss:g_ucRxBuff)
                  20017864    00000064     main.obj (.bss:g_ucTxBuff)
                  200178c8    00000004     uart_if.obj (.bss)
                  200178cc    00000002     main.obj (.bss)

.data      0    200178d0    00000018     UNINITIALIZED
                  200178d0    0000000c     rtsv7M4_T_le_eabi.lib : memory.c.obj (.data:$O1$$)
                  200178dc    00000008                           : _lock.c.obj (.data:$O1$$)
                  200178e4    00000004                           : errno.c.obj (.data)

.stack     0    2002f800    00000800     UNINITIALIZED
                  2002f800    00000004     rtsv7M4_T_le_eabi.lib : boot_cortex_m.c.obj (.stack)
                  2002f804    000007fc     --HOLE--

MODULE SUMMARY

       Module                       code    ro data   rw data
       ------                       ----    -------   -------
    .\
       main.obj                     908     0         202    
       startup_ccs.obj              14      1024      0      
       uart_if.obj                  640     0         4      
       pin_mux_config.obj           308     0         0      
    +--+----------------------------+-------+---------+---------+
       Total:                       1870    1024      206    
                                                             
    C:/ti/CC3200SDK_1.4.0/cc3200-sdk/driverlib/ccs/Release/driverlib.a
       spi.obj                      1550    60        0      
       prcm.obj                     800     168       0      
       pin.obj                      274     256       0      
       uart.obj                     306     0         0      
       interrupt.obj                230     24        0      
       gpio.obj                     54      0         0      
       cpu.obj                      20      0         0      
       utils.obj                    6       0         0      
    +--+----------------------------+-------+---------+---------+
       Total:                       3240    508       0      
                                                             
    C:\ti.old\ccsv8\tools\compiler\ti-cgt-arm_18.1.6.LTS\lib\rtsv7M4_T_le_eabi.lib
       _printfi.c.obj               4831    0         0      
       memory.c.obj                 768     0         12     
       fd_add_t2.asm.obj            438     0         0      
       fd_div_t2.asm.obj            310     0         0      
       fd_cmp_t2.asm.obj            268     0         0      
       ctype.c.obj                  0       257       0      
       fd_mul_t2.asm.obj            252     0         0      
       s_scalbn.c.obj               208     0         0      
       memcpy_t2.asm.obj            156     0         0      
       ull_div_t2.asm.obj           150     0         0      
       vsnprintf.c.obj              136     0         0      
       memset_t2.asm.obj            122     0         0      
       copy_decompress_lzss.c.obj   104     0         0      
       s_frexp.c.obj                92      0         0      
       ltoa.c.obj                   84      0         0      
       atoi.c.obj                   76      0         0      
       fd_toi_t2.asm.obj            72      0         0      
       autoinit.c.obj               68      0         0      
       i_tofd_t2.asm.obj            46      0         0      
       boot_cortex_m.c.obj          40      0         0      
       memmov.c.obj                 36      0         0      
       copy_zero_init.c.obj         28      0         0      
       memccpy.c.obj                28      0         0      
       strchr.c.obj                 22      0         0      
       strlen.c.obj                 20      0         0      
       wcslen.c.obj                 18      0         0      
       copy_decompress_none.c.obj   14      0         0      
       errno.c.obj                  8       0         4      
       _lock.c.obj                  2       0         8      
       s_copysign.c.obj             8       0         0      
       exit.c.obj                   4       0         0      
       pre_init.c.obj               4       0         0      
       div0.asm.obj                 2       0         0      
    +--+----------------------------+-------+---------+---------+
       Total:                       8415    257       24     
                                                             
       Heap:                        0       0         2048   
       Stack:                       0       0         2048   
       Linker Generated:            0       62        0      
    +--+----------------------------+-------+---------+---------+
       Grand Total:                 13525   1851      4326   


LINKER GENERATED COPY TABLES

__TI_cinit_table @ 20007c20 records: 2, size/record: 8, table size: 16
	.data: load addr=20007bf0, load size=0000001a bytes, run addr=200178d0, run size=00000018 bytes, compression=lzss
	.bss: load addr=20007c18, load size=00000008 bytes, run addr=20017800, run size=000000ce bytes, compression=zero_init


LINKER GENERATED HANDLER TABLE

__TI_handler_table @ 20007c0c records: 3, size/record: 4, table size: 12
	index: 0, handler: __TI_decompress_lzss
	index: 1, handler: __TI_decompress_none
	index: 2, handler: __TI_zero_init


GLOBAL SYMBOLS: SORTED ALPHABETICALLY BY Name 

address   name                          
-------   ----                          
200078e7  C$$EXIT                       
20007859  CPUcpsie                      
20005219  ClearTerm                     
20005223  Error                         
2000744d  GPIODirModeSet                
2000525b  GetCmd                        
200051d9  InitTerm                      
20006749  IntEnable                     
200078c3  IntMasterEnable               
20007681  IntRegister                   
2000786d  IntVTableBaseSet              
20004ebd  MasterMain                    
200051f7  Message                       
20005a45  PRCMCC3200MCUInit             
20007801  PRCMHIBRegRead                
20007817  PRCMHIBRegWrite               
2000759d  PRCMPeripheralClkDisable      
2000739d  PRCMPeripheralClkEnable       
200069c5  PRCMPeripheralClockGet        
20006f8d  PRCMPeripheralReset           
20007545  PRCMSysResetCauseGet          
20006a59  PinConfigSet                  
200072dd  PinModeSet                    
20005e31  PinMuxConfig                  
20007483  PinTypeGPIO                   
2000776f  PinTypeUART                   
20005399  Report                        
200078b5  ResetISR                      
20007789  SPICSDisable                  
200077a1  SPICSEnable                   
200067f1  SPIConfigSetExpClk            
200076a1  SPIDataGet                    
20007571  SPIDataGetNonBlocking         
200076c1  SPIDataPut                    
200077b9  SPIEnable                     
200071c5  SPIIntClear                   
200070e1  SPIIntEnable                  
200076df  SPIIntRegister                
20006c75  SPIIntStatus                  
2000765d  SPIReset                      
20006ae1  SPITransfer                   
20004f7b  SlaveMain                     
20005301  TrimSpace                     
2000782d  UARTCharGet                   
2000771b  UARTCharGetNonBlocking        
200076fd  UARTCharPut                   
200077d1  UARTCharsAvail                
20006de5  UARTConfigSetExpClk           
200074b5  UARTDisable                   
20007615  UARTEnable                    
200078dd  UtilsDelay                    
20030000  __STACK_END                   
00000800  __STACK_SIZE                  
00000800  __SYSMEM_SIZE                 
20007c20  __TI_CINIT_Base               
20007c30  __TI_CINIT_Limit              
20007c0c  __TI_Handler_Table_Base       
20007c18  __TI_Handler_Table_Limit      
20007299  __TI_auto_init_nobinit_nopinit
20006ec9  __TI_decompress_lzss          
200078a7  __TI_decompress_none          
ffffffff  __TI_pprof_out_hndl           
20004401  __TI_printfi                  
ffffffff  __TI_prof_data_size           
ffffffff  __TI_prof_data_start          
20007bf0  __TI_static_base__            
20007737  __TI_zero_init_nomemset       
20006b69  __aeabi_cdcmpeq               
20006b69  __aeabi_cdcmple               
20006bef  __aeabi_cdrcmple              
2000720d  __aeabi_d2iz                  
20005897  __aeabi_dadd                  
20005cf9  __aeabi_ddiv                  
20006199  __aeabi_dmul                  
2000588d  __aeabi_dsub                  
200078cd  __aeabi_errno_addr            
20007515  __aeabi_i2d                   
20005a43  __aeabi_idiv0                 
20005a43  __aeabi_ldiv0                 
20006cf1  __aeabi_memclr                
20006cf1  __aeabi_memclr4               
20006cf1  __aeabi_memclr8               
20006891  __aeabi_memcpy                
20006891  __aeabi_memcpy4               
20006891  __aeabi_memcpy8               
20006cf3  __aeabi_memset                
20006cf3  __aeabi_memset4               
20006cf3  __aeabi_memset8               
2000692d  __aeabi_uldivmod              
ffffffff  __binit__                     
ffffffff  __c_args__                    
UNDEFED   __mpu_init                    
2002f800  __stack                       
200075c5  _c_int00_noargs               
200078ec  _ctypes_                      
200178dc  _lock                         
20004e4b  _nop                          
20017000  _sys_memory                   
UNDEFED   _system_post_cinit            
200078e3  _system_pre_init              
200178e0  _unlock                       
200078e7  abort                         
20007179  atoi                          
ffffffff  binit                         
200078d5  copysign                      
200078d5  copysignl                     
200178e4  errno                         
20006295  free                          
20006f31  frexp                         
20006f31  frexpl                        
20004000  g_pfnVectors                  
2000643d  ldexp                         
2000643d  ldexpl                        
2000703b  ltoa                          
20004feb  main                          
20006d6d  malloc                        
20007753  memccpy                       
20006891  memcpy                        
20007639  memmove                       
20006cf9  memset                        
20007415  minit                         
20006085  realloc                       
2000643d  scalbn                        
2000643d  scalbnl                       
20007843  strchr                        
20007881  strlen                        
2000731d  vsnprintf                     
20007895  wcslen                        


GLOBAL SYMBOLS: SORTED BY Symbol Address 

address   name                          
-------   ----                          
00000800  __STACK_SIZE                  
00000800  __SYSMEM_SIZE                 
20004000  g_pfnVectors                  
20004401  __TI_printfi                  
20004e4b  _nop                          
20004ebd  MasterMain                    
20004f7b  SlaveMain                     
20004feb  main                          
200051d9  InitTerm                      
200051f7  Message                       
20005219  ClearTerm                     
20005223  Error                         
2000525b  GetCmd                        
20005301  TrimSpace                     
20005399  Report                        
2000588d  __aeabi_dsub                  
20005897  __aeabi_dadd                  
20005a43  __aeabi_idiv0                 
20005a43  __aeabi_ldiv0                 
20005a45  PRCMCC3200MCUInit             
20005cf9  __aeabi_ddiv                  
20005e31  PinMuxConfig                  
20006085  realloc                       
20006199  __aeabi_dmul                  
20006295  free                          
2000643d  ldexp                         
2000643d  ldexpl                        
2000643d  scalbn                        
2000643d  scalbnl                       
20006749  IntEnable                     
200067f1  SPIConfigSetExpClk            
20006891  __aeabi_memcpy                
20006891  __aeabi_memcpy4               
20006891  __aeabi_memcpy8               
20006891  memcpy                        
2000692d  __aeabi_uldivmod              
200069c5  PRCMPeripheralClockGet        
20006a59  PinConfigSet                  
20006ae1  SPITransfer                   
20006b69  __aeabi_cdcmpeq               
20006b69  __aeabi_cdcmple               
20006bef  __aeabi_cdrcmple              
20006c75  SPIIntStatus                  
20006cf1  __aeabi_memclr                
20006cf1  __aeabi_memclr4               
20006cf1  __aeabi_memclr8               
20006cf3  __aeabi_memset                
20006cf3  __aeabi_memset4               
20006cf3  __aeabi_memset8               
20006cf9  memset                        
20006d6d  malloc                        
20006de5  UARTConfigSetExpClk           
20006ec9  __TI_decompress_lzss          
20006f31  frexp                         
20006f31  frexpl                        
20006f8d  PRCMPeripheralReset           
2000703b  ltoa                          
200070e1  SPIIntEnable                  
20007179  atoi                          
200071c5  SPIIntClear                   
2000720d  __aeabi_d2iz                  
20007299  __TI_auto_init_nobinit_nopinit
200072dd  PinModeSet                    
2000731d  vsnprintf                     
2000739d  PRCMPeripheralClkEnable       
20007415  minit                         
2000744d  GPIODirModeSet                
20007483  PinTypeGPIO                   
200074b5  UARTDisable                   
20007515  __aeabi_i2d                   
20007545  PRCMSysResetCauseGet          
20007571  SPIDataGetNonBlocking         
2000759d  PRCMPeripheralClkDisable      
200075c5  _c_int00_noargs               
20007615  UARTEnable                    
20007639  memmove                       
2000765d  SPIReset                      
20007681  IntRegister                   
200076a1  SPIDataGet                    
200076c1  SPIDataPut                    
200076df  SPIIntRegister                
200076fd  UARTCharPut                   
2000771b  UARTCharGetNonBlocking        
20007737  __TI_zero_init_nomemset       
20007753  memccpy                       
2000776f  PinTypeUART                   
20007789  SPICSDisable                  
200077a1  SPICSEnable                   
200077b9  SPIEnable                     
200077d1  UARTCharsAvail                
20007801  PRCMHIBRegRead                
20007817  PRCMHIBRegWrite               
2000782d  UARTCharGet                   
20007843  strchr                        
20007859  CPUcpsie                      
2000786d  IntVTableBaseSet              
20007881  strlen                        
20007895  wcslen                        
200078a7  __TI_decompress_none          
200078b5  ResetISR                      
200078c3  IntMasterEnable               
200078cd  __aeabi_errno_addr            
200078d5  copysign                      
200078d5  copysignl                     
200078dd  UtilsDelay                    
200078e3  _system_pre_init              
200078e7  C$$EXIT                       
200078e7  abort                         
200078ec  _ctypes_                      
20007bf0  __TI_static_base__            
20007c0c  __TI_Handler_Table_Base       
20007c18  __TI_Handler_Table_Limit      
20007c20  __TI_CINIT_Base               
20007c30  __TI_CINIT_Limit              
20017000  _sys_memory                   
200178dc  _lock                         
200178e0  _unlock                       
200178e4  errno                         
2002f800  __stack                       
20030000  __STACK_END                   
ffffffff  __TI_pprof_out_hndl           
ffffffff  __TI_prof_data_size           
ffffffff  __TI_prof_data_start          
ffffffff  __binit__                     
ffffffff  __c_args__                    
ffffffff  binit                         
UNDEFED   __mpu_init                    
UNDEFED   _system_post_cinit            

[128 symbols]
