******************************************************************************
                  TI ARM Linker PC v18.1.6                     
******************************************************************************
>> Linked Wed Apr 20 12:39:41 2022

OUTPUT FILE NAME:   <Decode.out>
ENTRY POINT SYMBOL: "_c_int00_noargs"  address: 20006fe5


MEMORY CONFIGURATION

         name            origin    length      used     unused   attr    fill
----------------------  --------  ---------  --------  --------  ----  --------
  SRAM_CODE             20004000   00019000  000035aa  00015a56  RW X
  SRAM_DATA             2001d000   00023000  0000102e  00021fd2  RW X


SEGMENT ALLOCATION MAP

run origin  load origin   length   init length attrs members
----------  ----------- ---------- ----------- ----- -------
20004000    20004000    000035b0   000035b0    r-x
  20004000    20004000    00000400   00000400    r-- .intvecs
  20004400    20004400    00002e9e   00002e9e    r-x .text
  200072a0    200072a0    000002c4   000002c4    r-- .const
  20007568    20007568    00000048   00000048    r-- .cinit
2001d000    2001d000    0000082e   00000000    rw-
  2001d000    2001d000    00000800   00000000    rw- .sysmem
  2001d800    2001d800    00000020   00000000    rw- .data
  2001d820    2001d820    0000000e   00000000    rw- .bss
2003f800    2003f800    00000800   00000000    rw-
  2003f800    2003f800    00000800   00000000    rw- .stack


SECTION ALLOCATION MAP

 output                                  attributes/
section   page    origin      length       input sections
--------  ----  ----------  ----------   ----------------
.intvecs   0    20004000    00000400     
                  20004000    00000400     startup_ccs.obj (.intvecs)

.init_array 
*          0    20004000    00000000     UNINITIALIZED

.text      0    20004400    00002e9e     
                  20004400    00000a4a     rtsv7M4_T_le_eabi.lib : _printfi.c.obj (.text:__TI_printfi)
                  20004e4a    00000002                           : _lock.c.obj (.text:_nop)
                  20004e4c    00000280     uart_if.obj (.text)
                  200050cc    00000268     rtsv7M4_T_le_eabi.lib : _printfi.c.obj (.text:_pconv_a)
                  20005334    00000258     main.obj (.text)
                  2000558c    000001cc     rtsv7M4_T_le_eabi.lib : _printfi.c.obj (.text:_pconv_g)
                  20005758    000001b6                           : fd_add_t2.asm.obj (.text)
                  2000590e    00000002                           : div0.asm.obj (.text)
                  20005910    00000178     driverlib.a : prcm.obj (.text:PRCMCC3200MCUInit)
                  20005a88    0000013c     rtsv7M4_T_le_eabi.lib : _printfi.c.obj (.text:_pconv_e)
                  20005bc4    00000136                           : fd_div_t2.asm.obj (.text)
                  20005cfa    00000002     --HOLE-- [fill = 0]
                  20005cfc    00000120                           : _printfi.c.obj (.text:fcvt)
                  20005e1c    00000114                           : memory.c.obj (.text:realloc)
                  20005f30    0000010c     pin_mux_config.obj (.text)
                  2000603c    000000fc     rtsv7M4_T_le_eabi.lib : fd_mul_t2.asm.obj (.text)
                  20006138    000000d8                           : memory.c.obj (.text:free)
                  20006210    000000d0                           : s_scalbn.c.obj (.text:scalbn)
                  200062e0    000000b1                           : _printfi.c.obj (.text:_ltostr)
                  20006391    00000003     --HOLE-- [fill = 0]
                  20006394    000000a8     driverlib.a : interrupt.obj (.text:IntEnable)
                  2000643c    0000009c     rtsv7M4_T_le_eabi.lib : memcpy_t2.asm.obj (.text)
                  200064d8    00000096                           : ull_div_t2.asm.obj (.text)
                  2000656e    00000002     --HOLE-- [fill = 0]
                  20006570    00000094     driverlib.a : prcm.obj (.text:PRCMPeripheralClockGet)
                  20006604    00000088                 : pin.obj (.text:PinConfigSet)
                  2000668c    00000086     rtsv7M4_T_le_eabi.lib : fd_cmp_t2.asm.obj (.text:__aeabi_cdcmple)
                  20006712    00000086                           : fd_cmp_t2.asm.obj (.text:__aeabi_cdrcmple)
                  20006798    00000082     driverlib.a : gpio.obj (.text:GPIOIntTypeSet)
                  2000681a    0000007a     rtsv7M4_T_le_eabi.lib : memset_t2.asm.obj (.text)
                  20006894    00000078                           : memory.c.obj (.text:malloc)
                  2000690c    00000076     driverlib.a : uart.obj (.text:UARTConfigSetExpClk)
                  20006982    0000006e     rtsv7M4_T_le_eabi.lib : _printfi.c.obj (.text:_mcpy)
                  200069f0    00000068                           : copy_decompress_lzss.c.obj (.text:decompress:lzss:__TI_decompress_lzss)
                  20006a58    0000005c                           : s_frexp.c.obj (.text:frexp)
                  20006ab4    00000058     driverlib.a : prcm.obj (.text:PRCMPeripheralReset)
                  20006b0c    00000056     rtsv7M4_T_le_eabi.lib : _printfi.c.obj (.text:_pconv_f)
                  20006b62    00000054                           : ltoa.c.obj (.text:ltoa)
                  20006bb6    00000052                           : _printfi.c.obj (.text:_ecpy)
                  20006c08    0000004c                           : atoi.c.obj (.text:atoi)
                  20006c54    00000048     driverlib.a : gpio.obj (.text:GPIOGetIntNumber)
                  20006c9c    00000048     rtsv7M4_T_le_eabi.lib : fd_toi_t2.asm.obj (.text)
                  20006ce4    00000044                           : autoinit.c.obj (.text:__TI_auto_init_nobinit_nopinit:__TI_auto_init_nobinit_nopinit)
                  20006d28    00000040     driverlib.a : pin.obj (.text:PinModeSet)
                  20006d68    00000040     rtsv7M4_T_le_eabi.lib : vsnprintf.c.obj (.text:vsnprintf)
                  20006da8    0000003e                           : _printfi.c.obj (.text:_fcpy)
                  20006de6    00000002     --HOLE-- [fill = 0]
                  20006de8    0000003c     driverlib.a : prcm.obj (.text:PRCMPeripheralClkEnable)
                  20006e24    0000003c     rtsv7M4_T_le_eabi.lib : memory.c.obj (.text:minsert)
                  20006e60    00000038                           : memory.c.obj (.text:minit)
                  20006e98    00000036     driverlib.a : gpio.obj (.text:GPIODirModeSet)
                  20006ece    00000030                 : pin.obj (.text:PinTypeGPIO)
                  20006efe    00000002     --HOLE-- [fill = 0]
                  20006f00    00000030                 : uart.obj (.text:UARTDisable)
                  20006f30    00000030     rtsv7M4_T_le_eabi.lib : vsnprintf.c.obj (.text:_outs)
                  20006f60    0000002e                           : i_tofd_t2.asm.obj (.text)
                  20006f8e    00000002     --HOLE-- [fill = 0]
                  20006f90    0000002c     driverlib.a : prcm.obj (.text:PRCMSysResetCauseGet)
                  20006fbc    00000028                 : prcm.obj (.text:PRCMPeripheralClkDisable)
                  20006fe4    00000028     rtsv7M4_T_le_eabi.lib : boot_cortex_m.c.obj (.text:_c_int00_noargs:_c_int00_noargs)
                  2000700c    00000028                           : memory.c.obj (.text:mremove)
                  20007034    00000024     driverlib.a : uart.obj (.text:UARTEnable)
                  20007058    00000024     rtsv7M4_T_le_eabi.lib : memmov.c.obj (.text:memmove)
                  2000707c    00000022     driverlib.a : gpio.obj (.text:GPIOIntStatus)
                  2000709e    00000002     --HOLE-- [fill = 0]
                  200070a0    00000020                 : interrupt.obj (.text:IntRegister)
                  200070c0    0000001e                 : gpio.obj (.text:GPIOIntRegister)
                  200070de    0000001e                 : uart.obj (.text:UARTCharPut)
                  200070fc    0000001c                 : uart.obj (.text:UARTCharGetNonBlocking)
                  20007118    0000001c     rtsv7M4_T_le_eabi.lib : copy_zero_init.c.obj (.text:decompress:ZI:__TI_zero_init_nomemset:__TI_zero_init_nomemset)
                  20007134    0000001c                           : memccpy.c.obj (.text:memccpy)
                  20007150    0000001a     driverlib.a : gpio.obj (.text:GPIOIntEnable)
                  2000716a    0000001a                 : pin.obj (.text:PinTypeUART)
                  20007184    00000018                 : uart.obj (.text:UARTCharsAvail)
                  2000719c    00000018     rtsv7M4_T_le_eabi.lib : vsnprintf.c.obj (.text:_outc)
                  200071b4    00000016     driverlib.a : prcm.obj (.text:PRCMHIBRegRead)
                  200071ca    00000016                 : prcm.obj (.text:PRCMHIBRegWrite)
                  200071e0    00000016     rtsv7M4_T_le_eabi.lib : strchr.c.obj (.text:strchr)
                  200071f6    00000014     driverlib.a : cpu.obj (.text:CPUcpsie)
                  2000720a    00000014                 : gpio.obj (.text:GPIOIntClear)
                  2000721e    00000002     --HOLE-- [fill = 0]
                  20007220    00000014                 : interrupt.obj (.text:IntVTableBaseSet)
                  20007234    00000014     rtsv7M4_T_le_eabi.lib : strlen.c.obj (.text:strlen)
                  20007248    00000012                           : wcslen.c.obj (.text:wcslen)
                  2000725a    0000000e                           : copy_decompress_none.c.obj (.text:decompress:none:__TI_decompress_none)
                  20007268    0000000e     startup_ccs.obj (.text)
                  20007276    0000000a     driverlib.a : interrupt.obj (.text:IntMasterEnable)
                  20007280    00000008     rtsv7M4_T_le_eabi.lib : errno.c.obj (.text:__aeabi_errno_addr)
                  20007288    00000008                           : s_copysign.c.obj (.text:copysign)
                  20007290    00000006     driverlib.a : utils.obj (.text:UtilsDelay)
                  20007296    00000004     rtsv7M4_T_le_eabi.lib : pre_init.c.obj (.text:_system_pre_init)
                  2000729a    00000004                           : exit.c.obj (.text:abort:abort)

.const     0    200072a0    000002c4     
                  200072a0    00000101     rtsv7M4_T_le_eabi.lib : ctype.c.obj (.const:.string:_ctypes_)
                  200073a1    00000003     --HOLE-- [fill = 0]
                  200073a4    00000100     driverlib.a : pin.obj (.const:g_ulPinToPadMap)
                  200074a4    000000a8                 : prcm.obj (.const:PRCM_PeriphRegsList)
                  2000754c    00000018                 : interrupt.obj (.const:g_pulEnRegs)

.cinit     0    20007568    00000048     
                  20007568    00000020     (.cinit..data.load) [load image, compression = lzss]
                  20007588    0000000c     (__TI_handler_table)
                  20007594    00000004     --HOLE-- [fill = 0]
                  20007598    00000008     (.cinit..bss.load) [load image, compression = zero_init]
                  200075a0    00000010     (__TI_cinit_table)

.sysmem    0    2001d000    00000800     UNINITIALIZED
                  2001d000    00000008     rtsv7M4_T_le_eabi.lib : memory.c.obj (.sysmem)
                  2001d008    000007f8     --HOLE--

.data      0    2001d800    00000020     UNINITIALIZED
                  2001d800    0000000c     rtsv7M4_T_le_eabi.lib : memory.c.obj (.data:$O1$$)
                  2001d80c    00000008                           : _lock.c.obj (.data:$O1$$)
                  2001d814    00000008     main.obj (.data:switch2)
                  2001d81c    00000004     rtsv7M4_T_le_eabi.lib : errno.c.obj (.data)

.bss       0    2001d820    0000000e     UNINITIALIZED
                  2001d820    00000004     uart_if.obj (.bss)
                  2001d824    00000004     (.common:SW2_intcount)
                  2001d828    00000004     (.common:SW3_intcount)
                  2001d82c    00000001     (.common:SW2_intflag)
                  2001d82d    00000001     (.common:SW3_intflag)

.stack     0    2003f800    00000800     UNINITIALIZED
                  2003f800    00000004     rtsv7M4_T_le_eabi.lib : boot_cortex_m.c.obj (.stack)
                  2003f804    000007fc     --HOLE--

MODULE SUMMARY

       Module                       code    ro data   rw data
       ------                       ----    -------   -------
    .\
       startup_ccs.obj              14      1024      0      
       uart_if.obj                  640     0         4      
       main.obj                     600     0         18     
       pin_mux_config.obj           268     0         0      
    +--+----------------------------+-------+---------+---------+
       Total:                       1522    1024      22     
                                                             
    C:/ti/CC3200SDK_1.4.0/cc3200-sdk/driverlib/ccs/Release/driverlib.a
       prcm.obj                     800     168       0      
       pin.obj                      274     256       0      
       gpio.obj                     366     0         0      
       uart.obj                     284     0         0      
       interrupt.obj                230     24        0      
       cpu.obj                      20      0         0      
       utils.obj                    6       0         0      
    +--+----------------------------+-------+---------+---------+
       Total:                       1980    448       0      
                                                             
    C:\ti.old\ccsv8\tools\compiler\ti-cgt-arm_18.1.6.LTS\lib\rtsv7M4_T_le_eabi.lib
       _printfi.c.obj               4831    0         0      
       memory.c.obj                 768     0         12     
       fd_add_t2.asm.obj            438     0         0      
       fd_div_t2.asm.obj            310     0         0      
       fd_cmp_t2.asm.obj            268     0         0      
       ctype.c.obj                  0       257       0      
       fd_mul_t2.asm.obj            252     0         0      
       s_scalbn.c.obj               208     0         0      
       memcpy_t2.asm.obj            156     0         0      
       ull_div_t2.asm.obj           150     0         0      
       vsnprintf.c.obj              136     0         0      
       memset_t2.asm.obj            122     0         0      
       copy_decompress_lzss.c.obj   104     0         0      
       s_frexp.c.obj                92      0         0      
       ltoa.c.obj                   84      0         0      
       atoi.c.obj                   76      0         0      
       fd_toi_t2.asm.obj            72      0         0      
       autoinit.c.obj               68      0         0      
       i_tofd_t2.asm.obj            46      0         0      
       boot_cortex_m.c.obj          40      0         0      
       memmov.c.obj                 36      0         0      
       copy_zero_init.c.obj         28      0         0      
       memccpy.c.obj                28      0         0      
       strchr.c.obj                 22      0         0      
       strlen.c.obj                 20      0         0      
       wcslen.c.obj                 18      0         0      
       copy_decompress_none.c.obj   14      0         0      
       errno.c.obj                  8       0         4      
       _lock.c.obj                  2       0         8      
       s_copysign.c.obj             8       0         0      
       exit.c.obj                   4       0         0      
       pre_init.c.obj               4       0         0      
       div0.asm.obj                 2       0         0      
    +--+----------------------------+-------+---------+---------+
       Total:                       8415    257       24     
                                                             
       Heap:                        0       0         2048   
       Stack:                       0       0         2048   
       Linker Generated:            0       68        0      
    +--+----------------------------+-------+---------+---------+
       Grand Total:                 11917   1797      4142   


LINKER GENERATED COPY TABLES

__TI_cinit_table @ 200075a0 records: 2, size/record: 8, table size: 16
	.data: load addr=20007568, load size=00000020 bytes, run addr=2001d800, run size=00000020 bytes, compression=lzss
	.bss: load addr=20007598, load size=00000008 bytes, run addr=2001d820, run size=0000000e bytes, compression=zero_init


LINKER GENERATED HANDLER TABLE

__TI_handler_table @ 20007588 records: 3, size/record: 4, table size: 12
	index: 0, handler: __TI_decompress_lzss
	index: 1, handler: __TI_decompress_none
	index: 2, handler: __TI_zero_init


GLOBAL SYMBOLS: SORTED ALPHABETICALLY BY Name 

address   name                          
-------   ----                          
2000729b  C$$EXIT                       
200071f7  CPUcpsie                      
20004e8d  ClearTerm                     
20004e97  Error                         
20006e99  GPIODirModeSet                
2000720b  GPIOIntClear                  
20007151  GPIOIntEnable                 
200070c1  GPIOIntRegister               
2000707d  GPIOIntStatus                 
20006799  GPIOIntTypeSet                
20004ecf  GetCmd                        
20004e4d  InitTerm                      
20006395  IntEnable                     
20007277  IntMasterEnable               
200070a1  IntRegister                   
20007221  IntVTableBaseSet              
20004e6b  Message                       
20005911  PRCMCC3200MCUInit             
200071b5  PRCMHIBRegRead                
200071cb  PRCMHIBRegWrite               
20006fbd  PRCMPeripheralClkDisable      
20006de9  PRCMPeripheralClkEnable       
20006571  PRCMPeripheralClockGet        
20006ab5  PRCMPeripheralReset           
20006f91  PRCMSysResetCauseGet          
20006605  PinConfigSet                  
20006d29  PinModeSet                    
20005f31  PinMuxConfig                  
20006ecf  PinTypeGPIO                   
2000716b  PinTypeUART                   
2000500d  Report                        
20007269  ResetISR                      
2001d824  SW2_intcount                  
2001d82c  SW2_intflag                   
2001d828  SW3_intcount                  
2001d82d  SW3_intflag                   
20004f75  TrimSpace                     
200070fd  UARTCharGetNonBlocking        
200070df  UARTCharPut                   
20007185  UARTCharsAvail                
2000690d  UARTConfigSetExpClk           
20006f01  UARTDisable                   
20007035  UARTEnable                    
20007291  UtilsDelay                    
20040000  __STACK_END                   
00000800  __STACK_SIZE                  
00000800  __SYSMEM_SIZE                 
200075a0  __TI_CINIT_Base               
200075b0  __TI_CINIT_Limit              
20007588  __TI_Handler_Table_Base       
20007594  __TI_Handler_Table_Limit      
20006ce5  __TI_auto_init_nobinit_nopinit
200069f1  __TI_decompress_lzss          
2000725b  __TI_decompress_none          
ffffffff  __TI_pprof_out_hndl           
20004401  __TI_printfi                  
ffffffff  __TI_prof_data_size           
ffffffff  __TI_prof_data_start          
20007568  __TI_static_base__            
20007119  __TI_zero_init_nomemset       
2000668d  __aeabi_cdcmpeq               
2000668d  __aeabi_cdcmple               
20006713  __aeabi_cdrcmple              
20006c9d  __aeabi_d2iz                  
20005763  __aeabi_dadd                  
20005bc5  __aeabi_ddiv                  
2000603d  __aeabi_dmul                  
20005759  __aeabi_dsub                  
20007281  __aeabi_errno_addr            
20006f61  __aeabi_i2d                   
2000590f  __aeabi_idiv0                 
2000590f  __aeabi_ldiv0                 
2000681b  __aeabi_memclr                
2000681b  __aeabi_memclr4               
2000681b  __aeabi_memclr8               
2000643d  __aeabi_memcpy                
2000643d  __aeabi_memcpy4               
2000643d  __aeabi_memcpy8               
2000681d  __aeabi_memset                
2000681d  __aeabi_memset4               
2000681d  __aeabi_memset8               
200064d9  __aeabi_uldivmod              
ffffffff  __binit__                     
ffffffff  __c_args__                    
UNDEFED   __mpu_init                    
2003f800  __stack                       
20006fe5  _c_int00_noargs               
200072a0  _ctypes_                      
2001d80c  _lock                         
20004e4b  _nop                          
2001d000  _sys_memory                   
UNDEFED   _system_post_cinit            
20007297  _system_pre_init              
2001d810  _unlock                       
2000729b  abort                         
20006c09  atoi                          
ffffffff  binit                         
20007289  copysign                      
20007289  copysignl                     
2001d81c  errno                         
20006139  free                          
20006a59  frexp                         
20006a59  frexpl                        
20004000  g_pfnVectors                  
20006211  ldexp                         
20006211  ldexpl                        
20006b63  ltoa                          
20005399  main                          
20006895  malloc                        
20007135  memccpy                       
2000643d  memcpy                        
20007059  memmove                       
20006823  memset                        
20006e61  minit                         
20005e1d  realloc                       
20006211  scalbn                        
20006211  scalbnl                       
200071e1  strchr                        
20007235  strlen                        
20006d69  vsnprintf                     
20007249  wcslen                        


GLOBAL SYMBOLS: SORTED BY Symbol Address 

address   name                          
-------   ----                          
00000800  __STACK_SIZE                  
00000800  __SYSMEM_SIZE                 
20004000  g_pfnVectors                  
20004401  __TI_printfi                  
20004e4b  _nop                          
20004e4d  InitTerm                      
20004e6b  Message                       
20004e8d  ClearTerm                     
20004e97  Error                         
20004ecf  GetCmd                        
20004f75  TrimSpace                     
2000500d  Report                        
20005399  main                          
20005759  __aeabi_dsub                  
20005763  __aeabi_dadd                  
2000590f  __aeabi_idiv0                 
2000590f  __aeabi_ldiv0                 
20005911  PRCMCC3200MCUInit             
20005bc5  __aeabi_ddiv                  
20005e1d  realloc                       
20005f31  PinMuxConfig                  
2000603d  __aeabi_dmul                  
20006139  free                          
20006211  ldexp                         
20006211  ldexpl                        
20006211  scalbn                        
20006211  scalbnl                       
20006395  IntEnable                     
2000643d  __aeabi_memcpy                
2000643d  __aeabi_memcpy4               
2000643d  __aeabi_memcpy8               
2000643d  memcpy                        
200064d9  __aeabi_uldivmod              
20006571  PRCMPeripheralClockGet        
20006605  PinConfigSet                  
2000668d  __aeabi_cdcmpeq               
2000668d  __aeabi_cdcmple               
20006713  __aeabi_cdrcmple              
20006799  GPIOIntTypeSet                
2000681b  __aeabi_memclr                
2000681b  __aeabi_memclr4               
2000681b  __aeabi_memclr8               
2000681d  __aeabi_memset                
2000681d  __aeabi_memset4               
2000681d  __aeabi_memset8               
20006823  memset                        
20006895  malloc                        
2000690d  UARTConfigSetExpClk           
200069f1  __TI_decompress_lzss          
20006a59  frexp                         
20006a59  frexpl                        
20006ab5  PRCMPeripheralReset           
20006b63  ltoa                          
20006c09  atoi                          
20006c9d  __aeabi_d2iz                  
20006ce5  __TI_auto_init_nobinit_nopinit
20006d29  PinModeSet                    
20006d69  vsnprintf                     
20006de9  PRCMPeripheralClkEnable       
20006e61  minit                         
20006e99  GPIODirModeSet                
20006ecf  PinTypeGPIO                   
20006f01  UARTDisable                   
20006f61  __aeabi_i2d                   
20006f91  PRCMSysResetCauseGet          
20006fbd  PRCMPeripheralClkDisable      
20006fe5  _c_int00_noargs               
20007035  UARTEnable                    
20007059  memmove                       
2000707d  GPIOIntStatus                 
200070a1  IntRegister                   
200070c1  GPIOIntRegister               
200070df  UARTCharPut                   
200070fd  UARTCharGetNonBlocking        
20007119  __TI_zero_init_nomemset       
20007135  memccpy                       
20007151  GPIOIntEnable                 
2000716b  PinTypeUART                   
20007185  UARTCharsAvail                
200071b5  PRCMHIBRegRead                
200071cb  PRCMHIBRegWrite               
200071e1  strchr                        
200071f7  CPUcpsie                      
2000720b  GPIOIntClear                  
20007221  IntVTableBaseSet              
20007235  strlen                        
20007249  wcslen                        
2000725b  __TI_decompress_none          
20007269  ResetISR                      
20007277  IntMasterEnable               
20007281  __aeabi_errno_addr            
20007289  copysign                      
20007289  copysignl                     
20007291  UtilsDelay                    
20007297  _system_pre_init              
2000729b  C$$EXIT                       
2000729b  abort                         
200072a0  _ctypes_                      
20007568  __TI_static_base__            
20007588  __TI_Handler_Table_Base       
20007594  __TI_Handler_Table_Limit      
200075a0  __TI_CINIT_Base               
200075b0  __TI_CINIT_Limit              
2001d000  _sys_memory                   
2001d80c  _lock                         
2001d810  _unlock                       
2001d81c  errno                         
2001d824  SW2_intcount                  
2001d828  SW3_intcount                  
2001d82c  SW2_intflag                   
2001d82d  SW3_intflag                   
2003f800  __stack                       
20040000  __STACK_END                   
ffffffff  __TI_pprof_out_hndl           
ffffffff  __TI_prof_data_size           
ffffffff  __TI_prof_data_start          
ffffffff  __binit__                     
ffffffff  __c_args__                    
ffffffff  binit                         
UNDEFED   __mpu_init                    
UNDEFED   _system_post_cinit            

[121 symbols]
