******************************************************************************
                  TI ARM Linker PC v16.9.0                     
******************************************************************************
>> Linked Tue Apr 05 14:09:12 2022

OUTPUT FILE NAME:   <blinky.out>
ENTRY POINT SYMBOL: "_c_int00"  address: 20007471


MEMORY CONFIGURATION

         name            origin    length      used     unused   attr    fill
----------------------  --------  ---------  --------  --------  ----  --------
  SRAM_CODE             20004000   00019000  00003cc4  0001533c  RW X
  SRAM_DATA             2001d000   00023000  0000104f  00021fb1  RW X


SEGMENT ALLOCATION MAP

run origin  load origin   length   init length attrs members
----------  ----------- ---------- ----------- ----- -------
20004000    20004000    00003cc8   00003cc8    r-x
  20004000    20004000    00000400   00000400    r-- .intvecs
  20004400    20004400    0000346c   0000346c    r-x .text
  2000786c    2000786c    00000400   00000400    r-- .const
  20007c70    20007c70    00000058   00000058    r-- .cinit
2001d000    2001d000    0000084f   00000000    rw-
  2001d000    2001d000    00000800   00000000    rw- .sysmem
  2001d800    2001d800    00000048   00000000    rw- .data
  2001d848    2001d848    00000007   00000000    rw- .bss
2003f800    2003f800    00000800   00000000    rw-
  2003f800    2003f800    00000800   00000000    rw- .stack


SECTION ALLOCATION MAP

 output                                  attributes/
section   page    origin      length       input sections
--------  ----  ----------  ----------   ----------------
.intvecs   0    20004000    00000400     
                  20004000    00000400     startup_ccs.obj (.intvecs)

.init_array 
*          0    20004000    00000000     UNINITIALIZED

.text      0    20004400    0000346c     
                  20004400    0000111e     rtsv7M4_T_le_eabi.lib : _printfi.obj (.text)
                  2000551e    00000002                           : mpu_init.obj (.text)
                  20005520    000003d0                           : memory.obj (.text)
                  200058f0    00000398     gpio_if.obj (.text)
                  20005c88    000002ac     main.obj (.text)
                  20005f34    00000280     uart_if.obj (.text)
                  200061b4    000001f4     rtsv7M4_T_le_eabi.lib : ull_div_t2.obj (.text)
                  200063a8    000001b6                           : fd_add_t2.obj (.text)
                  2000655e    00000002                           : startup.obj (.text)
                  20006560    00000178     driverlib.a : prcm.obj (.text:PRCMCC3200MCUInit)
                  200066d8    00000138     pinmux.obj (.text)
                  20006810    00000136     rtsv7M4_T_le_eabi.lib : fd_div_t2.obj (.text)
                  20006946    000000fc                           : fd_mul_t2.obj (.text)
                  20006a42    00000002     --HOLE-- [fill = 0]
                  20006a44    000000d0                           : s_scalbn.obj (.text)
                  20006b14    000000a8     driverlib.a : interrupt.obj (.text:IntEnable)
                  20006bbc    0000009c     rtsv7M4_T_le_eabi.lib : memcpy_t2.obj (.text)
                  20006c58    00000094     driverlib.a : prcm.obj (.text:PRCMPeripheralClockGet)
                  20006cec    00000088                 : pin.obj (.text:PinConfigSet)
                  20006d74    00000088     rtsv7M4_T_le_eabi.lib : vsnprintf.obj (.text)
                  20006dfc    00000086                           : fd_cmp_t2.obj (.text:__aeabi_cdcmple)
                  20006e82    00000086                           : fd_cmp_t2.obj (.text:__aeabi_cdrcmple)
                  20006f08    00000082     driverlib.a : gpio.obj (.text:GPIOIntTypeSet)
                  20006f8a    0000007a     rtsv7M4_T_le_eabi.lib : memset_t2.obj (.text)
                  20007004    00000076     driverlib.a : uart.obj (.text:UARTConfigSetExpClk)
                  2000707a    00000002     --HOLE-- [fill = 0]
                  2000707c    00000070     rtsv7M4_T_le_eabi.lib : autoinit.obj (.text)
                  200070ec    00000068                           : copy_decompress_lzss.obj (.text:decompress:lzss)
                  20007154    0000005c                           : s_frexp.obj (.text)
                  200071b0    00000058     driverlib.a : prcm.obj (.text:PRCMPeripheralReset)
                  20007208    00000056     rtsv7M4_T_le_eabi.lib : ltoa.obj (.text)
                  2000725e    00000002     --HOLE-- [fill = 0]
                  20007260    00000054     driverlib.a : interrupt.obj (.text:IntPrioritySet)
                  200072b4    00000054     rtsv7M4_T_le_eabi.lib : exit.obj (.text)
                  20007308    0000004c                           : atoi.obj (.text)
                  20007354    0000004c                           : cpy_tbl.obj (.text)
                  200073a0    00000048     driverlib.a : gpio.obj (.text:GPIOGetIntNumber)
                  200073e8    00000048     rtsv7M4_T_le_eabi.lib : fd_toi_t2.obj (.text)
                  20007430    00000040     driverlib.a : pin.obj (.text:PinModeSet)
                  20007470    00000040     rtsv7M4_T_le_eabi.lib : boot.obj (.text)
                  200074b0    0000003c     driverlib.a : prcm.obj (.text:PRCMPeripheralClkEnable)
                  200074ec    00000036                 : gpio.obj (.text:GPIODirModeSet)
                  20007522    00000030                 : pin.obj (.text:PinTypeGPIO)
                  20007552    00000002     --HOLE-- [fill = 0]
                  20007554    00000030                 : uart.obj (.text:UARTDisable)
                  20007584    0000002e     rtsv7M4_T_le_eabi.lib : i_tofd_t2.obj (.text)
                  200075b2    00000002     --HOLE-- [fill = 0]
                  200075b4    0000002c     driverlib.a : prcm.obj (.text:PRCMSysResetCauseGet)
                  200075e0    00000028                 : prcm.obj (.text:PRCMPeripheralClkDisable)
                  20007608    00000024                 : uart.obj (.text:UARTEnable)
                  2000762c    00000024     rtsv7M4_T_le_eabi.lib : memmov.obj (.text)
                  20007650    00000020     driverlib.a : gpio.obj (.text:GPIOPinWrite)
                  20007670    00000020                 : interrupt.obj (.text:IntRegister)
                  20007690    0000001e                 : gpio.obj (.text:GPIOIntRegister)
                  200076ae    0000001e                 : uart.obj (.text:UARTCharPut)
                  200076cc    0000001c                 : uart.obj (.text:UARTCharGetNonBlocking)
                  200076e8    0000001c     rtsv7M4_T_le_eabi.lib : memccpy.obj (.text)
                  20007704    0000001a     driverlib.a : gpio.obj (.text:GPIOIntEnable)
                  2000771e    0000001a                 : pin.obj (.text:PinTypeUART)
                  20007738    00000018                 : gpio.obj (.text:GPIOPinRead)
                  20007750    00000018                 : uart.obj (.text:UARTCharsAvail)
                  20007768    00000018     rtsv7M4_T_le_eabi.lib : args_main.obj (.text)
                  20007780    00000016     driverlib.a : prcm.obj (.text:PRCMHIBRegRead)
                  20007796    00000016                 : prcm.obj (.text:PRCMHIBRegWrite)
                  200077ac    00000016     rtsv7M4_T_le_eabi.lib : strchr.obj (.text)
                  200077c2    00000014     driverlib.a : cpu.obj (.text:CPUcpsie)
                  200077d6    00000014                 : gpio.obj (.text:GPIOIntClear)
                  200077ea    00000002     --HOLE-- [fill = 0]
                  200077ec    00000014                 : interrupt.obj (.text:IntVTableBaseSet)
                  20007800    00000014     rtsv7M4_T_le_eabi.lib : _lock.obj (.text)
                  20007814    00000014                           : strlen.obj (.text)
                  20007828    0000000e                           : copy_decompress_none.obj (.text:decompress:none)
                  20007836    0000000e     startup_ccs.obj (.text)
                  20007844    0000000c     rtsv7M4_T_le_eabi.lib : copy_zero_init.obj (.text:decompress:ZI)
                  20007850    0000000a     driverlib.a : interrupt.obj (.text:IntMasterEnable)
                  2000785a    00000008     rtsv7M4_T_le_eabi.lib : s_copysign.obj (.text)
                  20007862    00000006     driverlib.a : utils.obj (.text:UtilsDelay)
                  20007868    00000004     rtsv7M4_T_le_eabi.lib : pre_init.obj (.text)

.const     0    2000786c    00000400     
                  2000786c    00000101     rtsv7M4_T_le_eabi.lib : ctype.obj (.const:.string:_ctypes_)
                  2000796d    00000003     --HOLE-- [fill = 0]
                  20007970    00000100     driverlib.a : pin.obj (.const:g_ulPinToPadMap)
                  20007a70    000000d4                 : interrupt.obj (.const:g_pulRegs)
                  20007b44    000000a8                 : prcm.obj (.const:PRCM_PeriphRegsList)
                  20007bec    00000080                 : interrupt.obj (.const)

.cinit     0    20007c70    00000058     
                  20007c70    0000002e     (.cinit..data.load) [load image, compression = lzss]
                  20007c9e    00000002     --HOLE-- [fill = 0]
                  20007ca0    0000000c     (__TI_handler_table)
                  20007cac    00000004     --HOLE-- [fill = 0]
                  20007cb0    00000008     (.cinit..bss.load) [load image, compression = zero_init]
                  20007cb8    00000010     (__TI_cinit_table)

.sysmem    0    2001d000    00000800     UNINITIALIZED
                  2001d000    00000008     rtsv7M4_T_le_eabi.lib : memory.obj (.sysmem)
                  2001d008    000007f8     --HOLE--

.data      0    2001d800    00000048     UNINITIALIZED
                  2001d800    00000014     gpio_if.obj (.data:ulReg)
                  2001d814    0000000c     rtsv7M4_T_le_eabi.lib : exit.obj (.data:$O1$$)
                  2001d820    0000000c                           : memory.obj (.data:$O1$$)
                  2001d82c    0000000c     gpio_if.obj (.data)
                  2001d838    00000008     rtsv7M4_T_le_eabi.lib : _lock.obj (.data:$O1$$)
                  2001d840    00000004                           : errno.obj (.data)
                  2001d844    00000004                           : stkdepth_vars.obj (.data)

.bss       0    2001d848    00000007     UNINITIALIZED
                  2001d848    00000004     uart_if.obj (.bss)
                  2001d84c    00000001     (.common:g_ucLED1Pin)
                  2001d84d    00000001     (.common:g_ucLED2Pin)
                  2001d84e    00000001     (.common:g_ucLED3Pin)

.stack     0    2003f800    00000800     UNINITIALIZED
                  2003f800    00000800     --HOLE--

MODULE SUMMARY

       Module                     code    ro data   rw data
       ------                     ----    -------   -------
    .\
       startup_ccs.obj            14      1024      0      
       gpio_if.obj                920     0         35     
       main.obj                   684     0         0      
       uart_if.obj                640     0         4      
       pinmux.obj                 312     0         0      
    +--+--------------------------+-------+---------+---------+
       Total:                     2570    1024      39     
                                                           
    C:/ti/CC3200SDK_1.2.0/cc3200-sdk/driverlib/ccs/Release/driverlib.a
       prcm.obj                   800     168       0      
       interrupt.obj              314     340       0      
       pin.obj                    274     256       0      
       gpio.obj                   388     0         0      
       uart.obj                   284     0         0      
       cpu.obj                    20      0         0      
       utils.obj                  6       0         0      
    +--+--------------------------+-------+---------+---------+
       Total:                     2086    764       0      
                                                           
    C:\ti\ccsv7\tools\compiler\ti-cgt-arm_16.9.0.LTS\lib\rtsv7M4_T_le_eabi.lib
       _printfi.obj               4382    0         0      
       memory.obj                 976     0         12     
       ull_div_t2.obj             500     0         0      
       fd_add_t2.obj              438     0         0      
       fd_div_t2.obj              310     0         0      
       fd_cmp_t2.obj              268     0         0      
       ctype.obj                  0       257       0      
       fd_mul_t2.obj              252     0         0      
       s_scalbn.obj               208     0         0      
       memcpy_t2.obj              156     0         0      
       vsnprintf.obj              136     0         0      
       memset_t2.obj              122     0         0      
       autoinit.obj               112     0         0      
       copy_decompress_lzss.obj   104     0         0      
       exit.obj                   84      0         12     
       s_frexp.obj                92      0         0      
       ltoa.obj                   86      0         0      
       atoi.obj                   76      0         0      
       cpy_tbl.obj                76      0         0      
       fd_toi_t2.obj              72      0         0      
       boot.obj                   64      0         0      
       i_tofd_t2.obj              46      0         0      
       memmov.obj                 36      0         0      
       _lock.obj                  20      0         8      
       memccpy.obj                28      0         0      
       args_main.obj              24      0         0      
       strchr.obj                 22      0         0      
       strlen.obj                 20      0         0      
       copy_decompress_none.obj   14      0         0      
       copy_zero_init.obj         12      0         0      
       s_copysign.obj             8       0         0      
       errno.obj                  0       0         4      
       pre_init.obj               4       0         0      
       stkdepth_vars.obj          0       0         4      
       mpu_init.obj               2       0         0      
       startup.obj                2       0         0      
    +--+--------------------------+-------+---------+---------+
       Total:                     8752    257       40     
                                                           
       Heap:                      0       0         2048   
       Stack:                     0       0         2048   
       Linker Generated:          0       82        0      
    +--+--------------------------+-------+---------+---------+
       Grand Total:               13408   2127      4175   


LINKER GENERATED COPY TABLES

__TI_cinit_table @ 20007cb8 records: 2, size/record: 8, table size: 16
	.data: load addr=20007c70, load size=0000002e bytes, run addr=2001d800, run size=00000048 bytes, compression=lzss
	.bss: load addr=20007cb0, load size=00000008 bytes, run addr=2001d848, run size=00000007 bytes, compression=zero_init


LINKER GENERATED HANDLER TABLE

__TI_handler_table @ 20007ca0 records: 3, size/record: 4, table size: 12
	index: 0, handler: __TI_decompress_lzss
	index: 1, handler: __TI_decompress_none
	index: 2, handler: __TI_zero_init


GLOBAL SYMBOLS: SORTED ALPHABETICALLY BY Name 

address   name                           
-------   ----                           
200072b5  C$$EXIT                        
200077c3  CPUcpsie                       
20005f75  ClearTerm                      
20005f7f  Error                          
200074ed  GPIODirModeSet                 
200077d7  GPIOIntClear                   
20007705  GPIOIntEnable                  
20007691  GPIOIntRegister                
20006f09  GPIOIntTypeSet                 
20007739  GPIOPinRead                    
20007651  GPIOPinWrite                   
20005bb1  GPIO_IF_ConfigureNIntEnable    
20005c3d  GPIO_IF_Get                    
20005b6b  GPIO_IF_GetPortNPin            
2000592d  GPIO_IF_LedConfigure           
20005a1f  GPIO_IF_LedOff                 
2000596b  GPIO_IF_LedOn                  
20005ad3  GPIO_IF_LedStatus              
20005b3d  GPIO_IF_LedToggle              
20005bf9  GPIO_IF_Set                    
20005fb7  GetCmd                         
20005f35  InitTerm                       
20006b15  IntEnable                      
20007851  IntMasterEnable                
20007261  IntPrioritySet                 
20007671  IntRegister                    
200077ed  IntVTableBaseSet               
20005c89  LEDBlinkyRoutine               
20005f53  Message                        
20006561  PRCMCC3200MCUInit              
20007781  PRCMHIBRegRead                 
20007797  PRCMHIBRegWrite                
200075e1  PRCMPeripheralClkDisable       
200074b1  PRCMPeripheralClkEnable        
20006c59  PRCMPeripheralClockGet         
200071b1  PRCMPeripheralReset            
200075b5  PRCMSysResetCauseGet           
20006ced  PinConfigSet                   
20007431  PinModeSet                     
200066d9  PinMuxConfig                   
20007523  PinTypeGPIO                    
2000771f  PinTypeUART                    
200060f5  Report                         
20007837  ResetISR                       
UNDEFED   SHT$$INIT_ARRAY$$Base          
UNDEFED   SHT$$INIT_ARRAY$$Limit         
2000605d  TrimSpace                      
200076cd  UARTCharGetNonBlocking         
200076af  UARTCharPut                    
20007751  UARTCharsAvail                 
20007005  UARTConfigSetExpClk            
20007555  UARTDisable                    
20007609  UARTEnable                     
20007863  UtilsDelay                     
20040000  __STACK_END                    
00000800  __STACK_SIZE                   
00000800  __SYSMEM_SIZE                  
20007cb8  __TI_CINIT_Base                
20007cc8  __TI_CINIT_Limit               
20007ca0  __TI_Handler_Table_Base        
20007cac  __TI_Handler_Table_Limit       
2000707d  __TI_auto_init                 
2001d814  __TI_cleanup_ptr               
200070ed  __TI_decompress_lzss           
20007829  __TI_decompress_none           
2001d818  __TI_dtors_ptr                 
2001d81c  __TI_enable_exit_profile_output
ffffffff  __TI_pprof_out_hndl            
20004c35  __TI_printfi                   
ffffffff  __TI_prof_data_size            
ffffffff  __TI_prof_data_start           
20007c70  __TI_static_base__             
20007845  __TI_zero_init                 
20006dfd  __aeabi_cdcmpeq                
20006dfd  __aeabi_cdcmple                
20006e83  __aeabi_cdrcmple               
200073e9  __aeabi_d2iz                   
200063b3  __aeabi_dadd                   
20006811  __aeabi_ddiv                   
20006947  __aeabi_dmul                   
200063a9  __aeabi_dsub                   
20007585  __aeabi_i2d                    
20006f8b  __aeabi_memclr                 
20006f8b  __aeabi_memclr4                
20006f8b  __aeabi_memclr8                
20006bbd  __aeabi_memcpy                 
20006bbd  __aeabi_memcpy4                
20006bbd  __aeabi_memcpy8                
20006f8d  __aeabi_memset                 
20006f8d  __aeabi_memset4                
20006f8d  __aeabi_memset8                
200061b5  __aeabi_uldivmod               
ffffffff  __binit__                      
ffffffff  __c_args__                     
2000551f  __mpu_init                     
2003f800  __stack                        
20007769  _args_main                     
20007471  _c_int00                       
2000786c  _ctypes_                       
2001d838  _lock                          
2000780f  _nop                           
20007807  _register_lock                 
20007801  _register_unlock               
2001d000  _sys_memory                    
2000655f  _system_post_cinit             
20007869  _system_pre_init               
2001d83c  _unlock                        
200072b9  abort                          
20007309  atoi                           
ffffffff  binit                          
200058c1  calloc                         
20007355  copy_in                        
2000785b  copysign                       
2000785b  copysignl                      
2001d840  errno                          
200072c1  exit                           
2000560b  free                           
20007155  frexp                          
20007155  frexpl                         
20004000  g_pfnVectors                   
2001d84c  g_ucLED1Pin                    
2001d84d  g_ucLED2Pin                    
2001d84e  g_ucLED3Pin                    
2001d82c  g_uiLED1Port                   
2001d830  g_uiLED2Port                   
2001d834  g_uiLED3Port                   
20006a45  ldexp                          
20006a45  ldexpl                         
20007209  ltoa                           
20005d93  main                           
2001d844  main_func_sp                   
200055a1  malloc                         
200057d5  memalign                       
200076e9  memccpy                        
20006bbd  memcpy                         
2000762d  memmove                        
20006f93  memset                         
20005521  minit                          
200056cd  realloc                        
20006a45  scalbn                         
20006a45  scalbnl                        
200077ad  strchr                         
20007815  strlen                         
20006d75  vsnprintf                      


GLOBAL SYMBOLS: SORTED BY Symbol Address 

address   name                           
-------   ----                           
00000800  __STACK_SIZE                   
00000800  __SYSMEM_SIZE                  
20004000  g_pfnVectors                   
20004c35  __TI_printfi                   
2000551f  __mpu_init                     
20005521  minit                          
200055a1  malloc                         
2000560b  free                           
200056cd  realloc                        
200057d5  memalign                       
200058c1  calloc                         
2000592d  GPIO_IF_LedConfigure           
2000596b  GPIO_IF_LedOn                  
20005a1f  GPIO_IF_LedOff                 
20005ad3  GPIO_IF_LedStatus              
20005b3d  GPIO_IF_LedToggle              
20005b6b  GPIO_IF_GetPortNPin            
20005bb1  GPIO_IF_ConfigureNIntEnable    
20005bf9  GPIO_IF_Set                    
20005c3d  GPIO_IF_Get                    
20005c89  LEDBlinkyRoutine               
20005d93  main                           
20005f35  InitTerm                       
20005f53  Message                        
20005f75  ClearTerm                      
20005f7f  Error                          
20005fb7  GetCmd                         
2000605d  TrimSpace                      
200060f5  Report                         
200061b5  __aeabi_uldivmod               
200063a9  __aeabi_dsub                   
200063b3  __aeabi_dadd                   
2000655f  _system_post_cinit             
20006561  PRCMCC3200MCUInit              
200066d9  PinMuxConfig                   
20006811  __aeabi_ddiv                   
20006947  __aeabi_dmul                   
20006a45  ldexp                          
20006a45  ldexpl                         
20006a45  scalbn                         
20006a45  scalbnl                        
20006b15  IntEnable                      
20006bbd  __aeabi_memcpy                 
20006bbd  __aeabi_memcpy4                
20006bbd  __aeabi_memcpy8                
20006bbd  memcpy                         
20006c59  PRCMPeripheralClockGet         
20006ced  PinConfigSet                   
20006d75  vsnprintf                      
20006dfd  __aeabi_cdcmpeq                
20006dfd  __aeabi_cdcmple                
20006e83  __aeabi_cdrcmple               
20006f09  GPIOIntTypeSet                 
20006f8b  __aeabi_memclr                 
20006f8b  __aeabi_memclr4                
20006f8b  __aeabi_memclr8                
20006f8d  __aeabi_memset                 
20006f8d  __aeabi_memset4                
20006f8d  __aeabi_memset8                
20006f93  memset                         
20007005  UARTConfigSetExpClk            
2000707d  __TI_auto_init                 
200070ed  __TI_decompress_lzss           
20007155  frexp                          
20007155  frexpl                         
200071b1  PRCMPeripheralReset            
20007209  ltoa                           
20007261  IntPrioritySet                 
200072b5  C$$EXIT                        
200072b9  abort                          
200072c1  exit                           
20007309  atoi                           
20007355  copy_in                        
200073e9  __aeabi_d2iz                   
20007431  PinModeSet                     
20007471  _c_int00                       
200074b1  PRCMPeripheralClkEnable        
200074ed  GPIODirModeSet                 
20007523  PinTypeGPIO                    
20007555  UARTDisable                    
20007585  __aeabi_i2d                    
200075b5  PRCMSysResetCauseGet           
200075e1  PRCMPeripheralClkDisable       
20007609  UARTEnable                     
2000762d  memmove                        
20007651  GPIOPinWrite                   
20007671  IntRegister                    
20007691  GPIOIntRegister                
200076af  UARTCharPut                    
200076cd  UARTCharGetNonBlocking         
200076e9  memccpy                        
20007705  GPIOIntEnable                  
2000771f  PinTypeUART                    
20007739  GPIOPinRead                    
20007751  UARTCharsAvail                 
20007769  _args_main                     
20007781  PRCMHIBRegRead                 
20007797  PRCMHIBRegWrite                
200077ad  strchr                         
200077c3  CPUcpsie                       
200077d7  GPIOIntClear                   
200077ed  IntVTableBaseSet               
20007801  _register_unlock               
20007807  _register_lock                 
2000780f  _nop                           
20007815  strlen                         
20007829  __TI_decompress_none           
20007837  ResetISR                       
20007845  __TI_zero_init                 
20007851  IntMasterEnable                
2000785b  copysign                       
2000785b  copysignl                      
20007863  UtilsDelay                     
20007869  _system_pre_init               
2000786c  _ctypes_                       
20007c70  __TI_static_base__             
20007ca0  __TI_Handler_Table_Base        
20007cac  __TI_Handler_Table_Limit       
20007cb8  __TI_CINIT_Base                
20007cc8  __TI_CINIT_Limit               
2001d000  _sys_memory                    
2001d814  __TI_cleanup_ptr               
2001d818  __TI_dtors_ptr                 
2001d81c  __TI_enable_exit_profile_output
2001d82c  g_uiLED1Port                   
2001d830  g_uiLED2Port                   
2001d834  g_uiLED3Port                   
2001d838  _lock                          
2001d83c  _unlock                        
2001d840  errno                          
2001d844  main_func_sp                   
2001d84c  g_ucLED1Pin                    
2001d84d  g_ucLED2Pin                    
2001d84e  g_ucLED3Pin                    
2003f800  __stack                        
20040000  __STACK_END                    
ffffffff  __TI_pprof_out_hndl            
ffffffff  __TI_prof_data_size            
ffffffff  __TI_prof_data_start           
ffffffff  __binit__                      
ffffffff  __c_args__                     
ffffffff  binit                          
UNDEFED   SHT$$INIT_ARRAY$$Base          
UNDEFED   SHT$$INIT_ARRAY$$Limit         

[144 symbols]
