******************************************************************************
                  TI ARM Linker PC v16.9.0                     
******************************************************************************
>> Linked Tue Mar 29 16:44:13 2022

OUTPUT FILE NAME:   <Lab1.out>
ENTRY POINT SYMBOL: "_c_int00"  address: 200074dd


MEMORY CONFIGURATION

         name            origin    length      used     unused   attr    fill
----------------------  --------  ---------  --------  --------  ----  --------
  SRAM_CODE             20004000   00019000  00003d30  000152d0  RW X
  SRAM_DATA             2001d000   00023000  0000104f  00021fb1  RW X


SEGMENT ALLOCATION MAP

run origin  load origin   length   init length attrs members
----------  ----------- ---------- ----------- ----- -------
20004000    20004000    00003d30   00003d30    r-x
  20004000    20004000    00000400   00000400    r-- .intvecs
  20004400    20004400    000034d8   000034d8    r-x .text
  200078d8    200078d8    00000400   00000400    r-- .const
  20007cd8    20007cd8    00000058   00000058    r-- .cinit
2001d000    2001d000    0000084f   00000000    rw-
  2001d000    2001d000    00000800   00000000    rw- .sysmem
  2001d800    2001d800    00000048   00000000    rw- .data
  2001d848    2001d848    00000007   00000000    rw- .bss
2003f800    2003f800    00000800   00000000    rw-
  2003f800    2003f800    00000800   00000000    rw- .stack


SECTION ALLOCATION MAP

 output                                  attributes/
section   page    origin      length       input sections
--------  ----  ----------  ----------   ----------------
.intvecs   0    20004000    00000400     
                  20004000    00000400     startup_ccs.obj (.intvecs)

.init_array 
*          0    20004000    00000000     UNINITIALIZED

.text      0    20004400    000034d8     
                  20004400    0000111e     rtsv7M4_T_le_eabi.lib : _printfi.obj (.text)
                  2000551e    00000002                           : mpu_init.obj (.text)
                  20005520    000003d0                           : memory.obj (.text)
                  200058f0    00000398     gpio_if.obj (.text)
                  20005c88    00000318     main.obj (.text)
                  20005fa0    00000280     uart_if.obj (.text)
                  20006220    000001f4     rtsv7M4_T_le_eabi.lib : ull_div_t2.obj (.text)
                  20006414    000001b6                           : fd_add_t2.obj (.text)
                  200065ca    00000002                           : startup.obj (.text)
                  200065cc    00000178     driverlib.a : prcm.obj (.text:PRCMCC3200MCUInit)
                  20006744    00000138     pinmux.obj (.text)
                  2000687c    00000136     rtsv7M4_T_le_eabi.lib : fd_div_t2.obj (.text)
                  200069b2    000000fc                           : fd_mul_t2.obj (.text)
                  20006aae    00000002     --HOLE-- [fill = 0]
                  20006ab0    000000d0                           : s_scalbn.obj (.text)
                  20006b80    000000a8     driverlib.a : interrupt.obj (.text:IntEnable)
                  20006c28    0000009c     rtsv7M4_T_le_eabi.lib : memcpy_t2.obj (.text)
                  20006cc4    00000094     driverlib.a : prcm.obj (.text:PRCMPeripheralClockGet)
                  20006d58    00000088                 : pin.obj (.text:PinConfigSet)
                  20006de0    00000088     rtsv7M4_T_le_eabi.lib : vsnprintf.obj (.text)
                  20006e68    00000086                           : fd_cmp_t2.obj (.text:__aeabi_cdcmple)
                  20006eee    00000086                           : fd_cmp_t2.obj (.text:__aeabi_cdrcmple)
                  20006f74    00000082     driverlib.a : gpio.obj (.text:GPIOIntTypeSet)
                  20006ff6    0000007a     rtsv7M4_T_le_eabi.lib : memset_t2.obj (.text)
                  20007070    00000076     driverlib.a : uart.obj (.text:UARTConfigSetExpClk)
                  200070e6    00000002     --HOLE-- [fill = 0]
                  200070e8    00000070     rtsv7M4_T_le_eabi.lib : autoinit.obj (.text)
                  20007158    00000068                           : copy_decompress_lzss.obj (.text:decompress:lzss)
                  200071c0    0000005c                           : s_frexp.obj (.text)
                  2000721c    00000058     driverlib.a : prcm.obj (.text:PRCMPeripheralReset)
                  20007274    00000056     rtsv7M4_T_le_eabi.lib : ltoa.obj (.text)
                  200072ca    00000002     --HOLE-- [fill = 0]
                  200072cc    00000054     driverlib.a : interrupt.obj (.text:IntPrioritySet)
                  20007320    00000054     rtsv7M4_T_le_eabi.lib : exit.obj (.text)
                  20007374    0000004c                           : atoi.obj (.text)
                  200073c0    0000004c                           : cpy_tbl.obj (.text)
                  2000740c    00000048     driverlib.a : gpio.obj (.text:GPIOGetIntNumber)
                  20007454    00000048     rtsv7M4_T_le_eabi.lib : fd_toi_t2.obj (.text)
                  2000749c    00000040     driverlib.a : pin.obj (.text:PinModeSet)
                  200074dc    00000040     rtsv7M4_T_le_eabi.lib : boot.obj (.text)
                  2000751c    0000003c     driverlib.a : prcm.obj (.text:PRCMPeripheralClkEnable)
                  20007558    00000036                 : gpio.obj (.text:GPIODirModeSet)
                  2000758e    00000030                 : pin.obj (.text:PinTypeGPIO)
                  200075be    00000002     --HOLE-- [fill = 0]
                  200075c0    00000030                 : uart.obj (.text:UARTDisable)
                  200075f0    0000002e     rtsv7M4_T_le_eabi.lib : i_tofd_t2.obj (.text)
                  2000761e    00000002     --HOLE-- [fill = 0]
                  20007620    0000002c     driverlib.a : prcm.obj (.text:PRCMSysResetCauseGet)
                  2000764c    00000028                 : prcm.obj (.text:PRCMPeripheralClkDisable)
                  20007674    00000024                 : uart.obj (.text:UARTEnable)
                  20007698    00000024     rtsv7M4_T_le_eabi.lib : memmov.obj (.text)
                  200076bc    00000020     driverlib.a : gpio.obj (.text:GPIOPinWrite)
                  200076dc    00000020                 : interrupt.obj (.text:IntRegister)
                  200076fc    0000001e                 : gpio.obj (.text:GPIOIntRegister)
                  2000771a    0000001e                 : uart.obj (.text:UARTCharPut)
                  20007738    0000001c                 : uart.obj (.text:UARTCharGetNonBlocking)
                  20007754    0000001c     rtsv7M4_T_le_eabi.lib : memccpy.obj (.text)
                  20007770    0000001a     driverlib.a : gpio.obj (.text:GPIOIntEnable)
                  2000778a    0000001a                 : pin.obj (.text:PinTypeUART)
                  200077a4    00000018                 : gpio.obj (.text:GPIOPinRead)
                  200077bc    00000018                 : uart.obj (.text:UARTCharsAvail)
                  200077d4    00000018     rtsv7M4_T_le_eabi.lib : args_main.obj (.text)
                  200077ec    00000016     driverlib.a : prcm.obj (.text:PRCMHIBRegRead)
                  20007802    00000016                 : prcm.obj (.text:PRCMHIBRegWrite)
                  20007818    00000016     rtsv7M4_T_le_eabi.lib : strchr.obj (.text)
                  2000782e    00000014     driverlib.a : cpu.obj (.text:CPUcpsie)
                  20007842    00000014                 : gpio.obj (.text:GPIOIntClear)
                  20007856    00000002     --HOLE-- [fill = 0]
                  20007858    00000014                 : interrupt.obj (.text:IntVTableBaseSet)
                  2000786c    00000014     rtsv7M4_T_le_eabi.lib : _lock.obj (.text)
                  20007880    00000014                           : strlen.obj (.text)
                  20007894    0000000e                           : copy_decompress_none.obj (.text:decompress:none)
                  200078a2    0000000e     startup_ccs.obj (.text)
                  200078b0    0000000c     rtsv7M4_T_le_eabi.lib : copy_zero_init.obj (.text:decompress:ZI)
                  200078bc    0000000a     driverlib.a : interrupt.obj (.text:IntMasterEnable)
                  200078c6    00000008     rtsv7M4_T_le_eabi.lib : s_copysign.obj (.text)
                  200078ce    00000006     driverlib.a : utils.obj (.text:UtilsDelay)
                  200078d4    00000004     rtsv7M4_T_le_eabi.lib : pre_init.obj (.text)

.const     0    200078d8    00000400     
                  200078d8    00000101     rtsv7M4_T_le_eabi.lib : ctype.obj (.const:.string:_ctypes_)
                  200079d9    00000003     --HOLE-- [fill = 0]
                  200079dc    00000100     driverlib.a : pin.obj (.const:g_ulPinToPadMap)
                  20007adc    000000d4                 : interrupt.obj (.const:g_pulRegs)
                  20007bb0    000000a8                 : prcm.obj (.const:PRCM_PeriphRegsList)
                  20007c58    00000080                 : interrupt.obj (.const)

.cinit     0    20007cd8    00000058     
                  20007cd8    0000002e     (.cinit..data.load) [load image, compression = lzss]
                  20007d06    00000002     --HOLE-- [fill = 0]
                  20007d08    0000000c     (__TI_handler_table)
                  20007d14    00000004     --HOLE-- [fill = 0]
                  20007d18    00000008     (.cinit..bss.load) [load image, compression = zero_init]
                  20007d20    00000010     (__TI_cinit_table)

.sysmem    0    2001d000    00000800     UNINITIALIZED
                  2001d000    00000008     rtsv7M4_T_le_eabi.lib : memory.obj (.sysmem)
                  2001d008    000007f8     --HOLE--

.data      0    2001d800    00000048     UNINITIALIZED
                  2001d800    00000014     gpio_if.obj (.data:ulReg)
                  2001d814    0000000c     rtsv7M4_T_le_eabi.lib : exit.obj (.data:$O1$$)
                  2001d820    0000000c                           : memory.obj (.data:$O1$$)
                  2001d82c    0000000c     gpio_if.obj (.data)
                  2001d838    00000008     rtsv7M4_T_le_eabi.lib : _lock.obj (.data:$O1$$)
                  2001d840    00000004                           : errno.obj (.data)
                  2001d844    00000004                           : stkdepth_vars.obj (.data)

.bss       0    2001d848    00000007     UNINITIALIZED
                  2001d848    00000004     uart_if.obj (.bss)
                  2001d84c    00000001     (.common:g_ucLED1Pin)
                  2001d84d    00000001     (.common:g_ucLED2Pin)
                  2001d84e    00000001     (.common:g_ucLED3Pin)

.stack     0    2003f800    00000800     UNINITIALIZED
                  2003f800    00000800     --HOLE--

MODULE SUMMARY

       Module                     code    ro data   rw data
       ------                     ----    -------   -------
    .\
       startup_ccs.obj            14      1024      0      
       gpio_if.obj                920     0         35     
       main.obj                   792     0         0      
       uart_if.obj                640     0         4      
       pinmux.obj                 312     0         0      
    +--+--------------------------+-------+---------+---------+
       Total:                     2678    1024      39     
                                                           
    C:/ti/CC3200SDK_1.2.0/cc3200-sdk/driverlib/ccs/Release/driverlib.a
       prcm.obj                   800     168       0      
       interrupt.obj              314     340       0      
       pin.obj                    274     256       0      
       gpio.obj                   388     0         0      
       uart.obj                   284     0         0      
       cpu.obj                    20      0         0      
       utils.obj                  6       0         0      
    +--+--------------------------+-------+---------+---------+
       Total:                     2086    764       0      
                                                           
    C:\ti\ccsv7\tools\compiler\ti-cgt-arm_16.9.0.LTS\lib\rtsv7M4_T_le_eabi.lib
       _printfi.obj               4382    0         0      
       memory.obj                 976     0         12     
       ull_div_t2.obj             500     0         0      
       fd_add_t2.obj              438     0         0      
       fd_div_t2.obj              310     0         0      
       fd_cmp_t2.obj              268     0         0      
       ctype.obj                  0       257       0      
       fd_mul_t2.obj              252     0         0      
       s_scalbn.obj               208     0         0      
       memcpy_t2.obj              156     0         0      
       vsnprintf.obj              136     0         0      
       memset_t2.obj              122     0         0      
       autoinit.obj               112     0         0      
       copy_decompress_lzss.obj   104     0         0      
       exit.obj                   84      0         12     
       s_frexp.obj                92      0         0      
       ltoa.obj                   86      0         0      
       atoi.obj                   76      0         0      
       cpy_tbl.obj                76      0         0      
       fd_toi_t2.obj              72      0         0      
       boot.obj                   64      0         0      
       i_tofd_t2.obj              46      0         0      
       memmov.obj                 36      0         0      
       _lock.obj                  20      0         8      
       memccpy.obj                28      0         0      
       args_main.obj              24      0         0      
       strchr.obj                 22      0         0      
       strlen.obj                 20      0         0      
       copy_decompress_none.obj   14      0         0      
       copy_zero_init.obj         12      0         0      
       s_copysign.obj             8       0         0      
       errno.obj                  0       0         4      
       pre_init.obj               4       0         0      
       stkdepth_vars.obj          0       0         4      
       mpu_init.obj               2       0         0      
       startup.obj                2       0         0      
    +--+--------------------------+-------+---------+---------+
       Total:                     8752    257       40     
                                                           
       Heap:                      0       0         2048   
       Stack:                     0       0         2048   
       Linker Generated:          0       82        0      
    +--+--------------------------+-------+---------+---------+
       Grand Total:               13516   2127      4175   


LINKER GENERATED COPY TABLES

__TI_cinit_table @ 20007d20 records: 2, size/record: 8, table size: 16
	.data: load addr=20007cd8, load size=0000002e bytes, run addr=2001d800, run size=00000048 bytes, compression=lzss
	.bss: load addr=20007d18, load size=00000008 bytes, run addr=2001d848, run size=00000007 bytes, compression=zero_init


LINKER GENERATED HANDLER TABLE

__TI_handler_table @ 20007d08 records: 3, size/record: 4, table size: 12
	index: 0, handler: __TI_decompress_lzss
	index: 1, handler: __TI_decompress_none
	index: 2, handler: __TI_zero_init


GLOBAL SYMBOLS: SORTED ALPHABETICALLY BY Name 

address   name                           
-------   ----                           
20007321  C$$EXIT                        
2000782f  CPUcpsie                       
20005fe1  ClearTerm                      
20005feb  Error                          
20007559  GPIODirModeSet                 
20007843  GPIOIntClear                   
20007771  GPIOIntEnable                  
200076fd  GPIOIntRegister                
20006f75  GPIOIntTypeSet                 
200077a5  GPIOPinRead                    
200076bd  GPIOPinWrite                   
20005bb1  GPIO_IF_ConfigureNIntEnable    
20005c3d  GPIO_IF_Get                    
20005b6b  GPIO_IF_GetPortNPin            
2000592d  GPIO_IF_LedConfigure           
20005a1f  GPIO_IF_LedOff                 
2000596b  GPIO_IF_LedOn                  
20005ad3  GPIO_IF_LedStatus              
20005b3d  GPIO_IF_LedToggle              
20005bf9  GPIO_IF_Set                    
20006023  GetCmd                         
20005fa1  InitTerm                       
20006b81  IntEnable                      
200078bd  IntMasterEnable                
200072cd  IntPrioritySet                 
200076dd  IntRegister                    
20007859  IntVTableBaseSet               
20005c89  LEDBlinkyRoutine               
20005fbf  Message                        
200065cd  PRCMCC3200MCUInit              
200077ed  PRCMHIBRegRead                 
20007803  PRCMHIBRegWrite                
2000764d  PRCMPeripheralClkDisable       
2000751d  PRCMPeripheralClkEnable        
20006cc5  PRCMPeripheralClockGet         
2000721d  PRCMPeripheralReset            
20007621  PRCMSysResetCauseGet           
20006d59  PinConfigSet                   
2000749d  PinModeSet                     
20006745  PinMuxConfig                   
2000758f  PinTypeGPIO                    
2000778b  PinTypeUART                    
20006161  Report                         
200078a3  ResetISR                       
UNDEFED   SHT$$INIT_ARRAY$$Base          
UNDEFED   SHT$$INIT_ARRAY$$Limit         
200060c9  TrimSpace                      
20007739  UARTCharGetNonBlocking         
2000771b  UARTCharPut                    
200077bd  UARTCharsAvail                 
20007071  UARTConfigSetExpClk            
200075c1  UARTDisable                    
20007675  UARTEnable                     
200078cf  UtilsDelay                     
20040000  __STACK_END                    
00000800  __STACK_SIZE                   
00000800  __SYSMEM_SIZE                  
20007d20  __TI_CINIT_Base                
20007d30  __TI_CINIT_Limit               
20007d08  __TI_Handler_Table_Base        
20007d14  __TI_Handler_Table_Limit       
200070e9  __TI_auto_init                 
2001d814  __TI_cleanup_ptr               
20007159  __TI_decompress_lzss           
20007895  __TI_decompress_none           
2001d818  __TI_dtors_ptr                 
2001d81c  __TI_enable_exit_profile_output
ffffffff  __TI_pprof_out_hndl            
20004c35  __TI_printfi                   
ffffffff  __TI_prof_data_size            
ffffffff  __TI_prof_data_start           
20007cd8  __TI_static_base__             
200078b1  __TI_zero_init                 
20006e69  __aeabi_cdcmpeq                
20006e69  __aeabi_cdcmple                
20006eef  __aeabi_cdrcmple               
20007455  __aeabi_d2iz                   
2000641f  __aeabi_dadd                   
2000687d  __aeabi_ddiv                   
200069b3  __aeabi_dmul                   
20006415  __aeabi_dsub                   
200075f1  __aeabi_i2d                    
20006ff7  __aeabi_memclr                 
20006ff7  __aeabi_memclr4                
20006ff7  __aeabi_memclr8                
20006c29  __aeabi_memcpy                 
20006c29  __aeabi_memcpy4                
20006c29  __aeabi_memcpy8                
20006ff9  __aeabi_memset                 
20006ff9  __aeabi_memset4                
20006ff9  __aeabi_memset8                
20006221  __aeabi_uldivmod               
ffffffff  __binit__                      
ffffffff  __c_args__                     
2000551f  __mpu_init                     
2003f800  __stack                        
200077d5  _args_main                     
200074dd  _c_int00                       
200078d8  _ctypes_                       
2001d838  _lock                          
2000787b  _nop                           
20007873  _register_lock                 
2000786d  _register_unlock               
2001d000  _sys_memory                    
200065cb  _system_post_cinit             
200078d5  _system_pre_init               
2001d83c  _unlock                        
20007325  abort                          
20007375  atoi                           
ffffffff  binit                          
200058c1  calloc                         
200073c1  copy_in                        
200078c7  copysign                       
200078c7  copysignl                      
2001d840  errno                          
2000732d  exit                           
2000560b  free                           
200071c1  frexp                          
200071c1  frexpl                         
20004000  g_pfnVectors                   
2001d84c  g_ucLED1Pin                    
2001d84d  g_ucLED2Pin                    
2001d84e  g_ucLED3Pin                    
2001d82c  g_uiLED1Port                   
2001d830  g_uiLED2Port                   
2001d834  g_uiLED3Port                   
20006ab1  ldexp                          
20006ab1  ldexpl                         
20007275  ltoa                           
20005e09  main                           
2001d844  main_func_sp                   
200055a1  malloc                         
200057d5  memalign                       
20007755  memccpy                        
20006c29  memcpy                         
20007699  memmove                        
20006fff  memset                         
20005521  minit                          
200056cd  realloc                        
20006ab1  scalbn                         
20006ab1  scalbnl                        
20007819  strchr                         
20007881  strlen                         
20006de1  vsnprintf                      


GLOBAL SYMBOLS: SORTED BY Symbol Address 

address   name                           
-------   ----                           
00000800  __STACK_SIZE                   
00000800  __SYSMEM_SIZE                  
20004000  g_pfnVectors                   
20004c35  __TI_printfi                   
2000551f  __mpu_init                     
20005521  minit                          
200055a1  malloc                         
2000560b  free                           
200056cd  realloc                        
200057d5  memalign                       
200058c1  calloc                         
2000592d  GPIO_IF_LedConfigure           
2000596b  GPIO_IF_LedOn                  
20005a1f  GPIO_IF_LedOff                 
20005ad3  GPIO_IF_LedStatus              
20005b3d  GPIO_IF_LedToggle              
20005b6b  GPIO_IF_GetPortNPin            
20005bb1  GPIO_IF_ConfigureNIntEnable    
20005bf9  GPIO_IF_Set                    
20005c3d  GPIO_IF_Get                    
20005c89  LEDBlinkyRoutine               
20005e09  main                           
20005fa1  InitTerm                       
20005fbf  Message                        
20005fe1  ClearTerm                      
20005feb  Error                          
20006023  GetCmd                         
200060c9  TrimSpace                      
20006161  Report                         
20006221  __aeabi_uldivmod               
20006415  __aeabi_dsub                   
2000641f  __aeabi_dadd                   
200065cb  _system_post_cinit             
200065cd  PRCMCC3200MCUInit              
20006745  PinMuxConfig                   
2000687d  __aeabi_ddiv                   
200069b3  __aeabi_dmul                   
20006ab1  ldexp                          
20006ab1  ldexpl                         
20006ab1  scalbn                         
20006ab1  scalbnl                        
20006b81  IntEnable                      
20006c29  __aeabi_memcpy                 
20006c29  __aeabi_memcpy4                
20006c29  __aeabi_memcpy8                
20006c29  memcpy                         
20006cc5  PRCMPeripheralClockGet         
20006d59  PinConfigSet                   
20006de1  vsnprintf                      
20006e69  __aeabi_cdcmpeq                
20006e69  __aeabi_cdcmple                
20006eef  __aeabi_cdrcmple               
20006f75  GPIOIntTypeSet                 
20006ff7  __aeabi_memclr                 
20006ff7  __aeabi_memclr4                
20006ff7  __aeabi_memclr8                
20006ff9  __aeabi_memset                 
20006ff9  __aeabi_memset4                
20006ff9  __aeabi_memset8                
20006fff  memset                         
20007071  UARTConfigSetExpClk            
200070e9  __TI_auto_init                 
20007159  __TI_decompress_lzss           
200071c1  frexp                          
200071c1  frexpl                         
2000721d  PRCMPeripheralReset            
20007275  ltoa                           
200072cd  IntPrioritySet                 
20007321  C$$EXIT                        
20007325  abort                          
2000732d  exit                           
20007375  atoi                           
200073c1  copy_in                        
20007455  __aeabi_d2iz                   
2000749d  PinModeSet                     
200074dd  _c_int00                       
2000751d  PRCMPeripheralClkEnable        
20007559  GPIODirModeSet                 
2000758f  PinTypeGPIO                    
200075c1  UARTDisable                    
200075f1  __aeabi_i2d                    
20007621  PRCMSysResetCauseGet           
2000764d  PRCMPeripheralClkDisable       
20007675  UARTEnable                     
20007699  memmove                        
200076bd  GPIOPinWrite                   
200076dd  IntRegister                    
200076fd  GPIOIntRegister                
2000771b  UARTCharPut                    
20007739  UARTCharGetNonBlocking         
20007755  memccpy                        
20007771  GPIOIntEnable                  
2000778b  PinTypeUART                    
200077a5  GPIOPinRead                    
200077bd  UARTCharsAvail                 
200077d5  _args_main                     
200077ed  PRCMHIBRegRead                 
20007803  PRCMHIBRegWrite                
20007819  strchr                         
2000782f  CPUcpsie                       
20007843  GPIOIntClear                   
20007859  IntVTableBaseSet               
2000786d  _register_unlock               
20007873  _register_lock                 
2000787b  _nop                           
20007881  strlen                         
20007895  __TI_decompress_none           
200078a3  ResetISR                       
200078b1  __TI_zero_init                 
200078bd  IntMasterEnable                
200078c7  copysign                       
200078c7  copysignl                      
200078cf  UtilsDelay                     
200078d5  _system_pre_init               
200078d8  _ctypes_                       
20007cd8  __TI_static_base__             
20007d08  __TI_Handler_Table_Base        
20007d14  __TI_Handler_Table_Limit       
20007d20  __TI_CINIT_Base                
20007d30  __TI_CINIT_Limit               
2001d000  _sys_memory                    
2001d814  __TI_cleanup_ptr               
2001d818  __TI_dtors_ptr                 
2001d81c  __TI_enable_exit_profile_output
2001d82c  g_uiLED1Port                   
2001d830  g_uiLED2Port                   
2001d834  g_uiLED3Port                   
2001d838  _lock                          
2001d83c  _unlock                        
2001d840  errno                          
2001d844  main_func_sp                   
2001d84c  g_ucLED1Pin                    
2001d84d  g_ucLED2Pin                    
2001d84e  g_ucLED3Pin                    
2003f800  __stack                        
20040000  __STACK_END                    
ffffffff  __TI_pprof_out_hndl            
ffffffff  __TI_prof_data_size            
ffffffff  __TI_prof_data_start           
ffffffff  __binit__                      
ffffffff  __c_args__                     
ffffffff  binit                          
UNDEFED   SHT$$INIT_ARRAY$$Base          
UNDEFED   SHT$$INIT_ARRAY$$Limit         

[144 symbols]
