******************************************************************************
                  TI ARM Linker PC v20.2.5                     
******************************************************************************
>> Linked Fri Jun  3 19:31:09 2022

OUTPUT FILE NAME:   <red_board.out>
ENTRY POINT SYMBOL: "_c_int00_noargs"  address: 2000fb21


MEMORY CONFIGURATION

         name            origin    length      used     unused   attr    fill
----------------------  --------  ---------  --------  --------  ----  --------
  SRAM_CODE             20004000   00013000  0000cda0  00006260  RW X
  SRAM_DATA             20017000   00019000  00009626  0000f9da  RW X


SEGMENT ALLOCATION MAP

run origin  load origin   length   init length attrs members
----------  ----------- ---------- ----------- ----- -------
20004000    20004000    0000cda8   0000cda8    r-x
  20004000    20004000    00000400   00000400    r-- .intvecs
  20004400    20004400    0000bde6   0000bde6    r-x .text
  200101e8    200101e8    00000b4a   00000b4a    r-- .const
  20010d38    20010d38    00000070   00000070    r-- .cinit
20017000    20017000    00008628   00000000    rw-
  20017000    20017000    00008000   00000000    rw- .sysmem
  2001f000    2001f000    0000055e   00000000    rw- .bss
  2001f560    2001f560    000000c8   00000000    rw- .data
2002f000    2002f000    00001000   00000000    rw-
  2002f000    2002f000    00001000   00000000    rw- .stack


SECTION ALLOCATION MAP

 output                                  attributes/
section   page    origin      length       input sections
--------  ----  ----------  ----------   ----------------
.intvecs   0    20004000    00000400     
                  20004000    00000400     startup_ccs.obj (.intvecs)

.init_array 
*          0    20004000    00000000     UNINITIALIZED

.text      0    20004400    0000bde6     
                  20004400    00003510     main.obj (.text)
                  20007910    00000a80     Adafruit_GFX.obj (.text)
                  20008390    00000a4e     rtsv7M4_T_le_eabi.lib : _printfi.c.obj (.text:__TI_printfi)
                  20008dde    00000002     driverlib.a : interrupt.obj (.text:IntDefaultHandler)
                  20008de0    00000590     simplelink.a : driver.obj (.text:_SlDrvMsgRead)
                  20009370    000004ea     Adafruit_OLED.obj (.text)
                  2000985a    00000002     rtsv7M4_T_le_eabi.lib : _lock.c.obj (.text:_nop)
                  2000985c    00000398     gpio_if.obj (.text)
                  20009bf4    0000027c     simplelink.a : wlan.obj (.text:sl_WlanConnect)
                  20009e70    0000027c     uart_if.obj (.text)
                  2000a0ec    00000268     rtsv7M4_T_le_eabi.lib : _printfi.c.obj (.text:_pconv_a)
                  2000a354    0000024c     simplelink.a : driver.obj (.text:_SlDrvRxHdrRead)
                  2000a5a0    000001e4                  : driver.obj (.text:_SlDrvDataReadOp)
                  2000a784    000001d0                  : driver.obj (.text:_SlDrvReleasePoolObj)
                  2000a954    000001cc     rtsv7M4_T_le_eabi.lib : _printfi.c.obj (.text:_pconv_g)
                  2000ab20    000001b6                           : fd_add_t2.asm.obj (.text)
                  2000acd6    00000002                           : div0.asm.obj (.text)
                  2000acd8    000001b4     simplelink.a : driver.obj (.text:_SlDrvDriverCBInit)
                  2000ae8c    0000019c                  : driver.obj (.text:_SlDrvMsgWrite)
                  2000b028    00000190                  : driver.obj (.text:_SlDrvWaitForPoolObj)
                  2000b1b8    0000018c                  : socket.obj (.text:sl_Connect)
                  2000b344    00000178     driverlib.a : prcm.obj (.text:PRCMCC3200MCUInit)
                  2000b4bc    00000170     simplelink.a : driver.obj (.text:_SlFindAndSetActiveObj)
                  2000b62c    00000150                  : driver.obj (.text:_SlDrvDataWriteOp)
                  2000b77c    00000148                  : cc_pal.obj (.text:spi_Open)
                  2000b8c4    00000144                  : driver.obj (.text:_SlDrvMsgReadCmdCtx)
                  2000ba08    00000144                  : netapp.obj (.text:sl_NetAppDnsGetHostByName)
                  2000bb4c    0000013c     rtsv7M4_T_le_eabi.lib : _printfi.c.obj (.text:_pconv_e)
                  2000bc88    00000136                           : fd_div_t2.asm.obj (.text)
                  2000bdbe    00000002     --HOLE-- [fill = 0]
                  2000bdc0    00000134     simplelink.a : socket.obj (.text:sl_Send)
                  2000bef4    00000130                  : driver.obj (.text:_SlDrvDriverCBDeinit)
                  2000c024    00000130     pinmux.obj (.text)
                  2000c154    00000120     rtsv7M4_T_le_eabi.lib : _printfi.c.obj (.text:fcvt)
                  2000c274    00000104     simplelink.a : netapp.obj (.text:_SlDrvNetAppEventHandler)
                  2000c378    00000100     rtsv7M4_T_le_eabi.lib : memory.c.obj (.text:aligned_alloc)
                  2000c478    000000fc                           : fd_mul_t2.asm.obj (.text)
                  2000c574    000000f0     simplelink.a : device.obj (.text:sl_Stop)
                  2000c664    000000f0                  : cc_pal.obj (.text:spi_Read)
                  2000c754    000000f0     driverlib.a : udma.obj (.text:uDMAChannelTransferSet)
                  2000c844    000000ec     simplelink.a : device.obj (.text:sl_Start)
                  2000c930    000000e8                  : driver.obj (.text:_SlAsyncEventGenericHandler)
                  2000ca18    000000e8                  : driver.obj (.text:_SlDrvMsgReadSpawnCtx)
                  2000cb00    000000e4     rtsv7M4_T_le_eabi.lib : memory.c.obj (.text:free)
                  2000cbe4    000000e4                           : memory.c.obj (.text:realloc)
                  2000ccc8    000000e4     simplelink.a : netapp.obj (.text:sl_NetAppMDNSRegisterUnregisterService)
                  2000cdac    000000dc                  : driver.obj (.text:_SlDrvClassifyRxMsg)
                  2000ce88    000000d0     rtsv7M4_T_le_eabi.lib : s_scalbn.c.obj (.text:scalbn)
                  2000cf58    000000cc     simplelink.a : netapp.obj (.text:_sl_HandleAsync_DnsGetHostByService)
                  2000d024    000000cc                  : device.obj (.text:sl_DevGet)
                  2000d0f0    000000c4                  : driver.obj (.text:_SlRemoveFromList)
                  2000d1b4    000000c0                  : driver.obj (.text:_SlDrvCmdOp)
                  2000d274    000000b1     rtsv7M4_T_le_eabi.lib : _printfi.c.obj (.text:_ltostr)
                  2000d325    00000003     --HOLE-- [fill = 0]
                  2000d328    000000b0     simplelink.a : nonos.obj (.text:_SlNonOsSemGet)
                  2000d3d8    000000a8     driverlib.a : interrupt.obj (.text:IntDisable)
                  2000d480    000000a8                 : interrupt.obj (.text:IntEnable)
                  2000d528    000000a4     simplelink.a : driver.obj (.text:_SlDriverHandleError)
                  2000d5cc    000000a0     driverlib.a : spi.obj (.text:SPIConfigSetExpClk)
                  2000d66c    000000a0     simplelink.a : socket.obj (.text:sl_Recv)
                  2000d70c    0000009c     rtsv7M4_T_le_eabi.lib : memcpy_t2.asm.obj (.text)
                  2000d7a8    0000009a     simplelink.a : device.obj (.text:_SlDrvDeviceEventHandler)
                  2000d842    00000002     --HOLE-- [fill = 0]
                  2000d844    00000098                  : device.obj (.text:sl_DevSet)
                  2000d8dc    00000098                  : netcfg.obj (.text:sl_NetCfgSet)
                  2000d974    00000098                  : socket.obj (.text:sl_SetSockOpt)
                  2000da0c    00000098                  : wlan.obj (.text:sl_WlanSet)
                  2000daa4    00000098                  : cc_pal.obj (.text:spi_Write)
                  2000db3c    00000096     rtsv7M4_T_le_eabi.lib : ull_div_t2.asm.obj (.text)
                  2000dbd2    00000002     --HOLE-- [fill = 0]
                  2000dbd4    00000094     driverlib.a : prcm.obj (.text:PRCMPeripheralClockGet)
                  2000dc68    00000090     simplelink.a : netapp.obj (.text:_sl_HandleAsync_DnsGetHostByName)
                  2000dcf8    00000090                  : netapp.obj (.text:_sl_HandleAsync_PingResponse)
                  2000dd88    00000090                  : wlan.obj (.text:sl_WlanPolicySet)
                  2000de18    0000008c                  : cc_pal.obj (.text:SetupDMAReceive)
                  2000dea4    0000008c                  : cc_pal.obj (.text:SetupDMASend)
                  2000df30    0000008c                  : driver.obj (.text:_SlDrvIsTimeoutExpired)
                  2000dfbc    0000008c                  : device.obj (.text:_sl_HandleAsync_InitComplete)
                  2000e048    0000008c                  : socket.obj (.text:sl_Socket)
                  2000e0d4    00000088     driverlib.a : pin.obj (.text:PinConfigSet)
                  2000e15c    00000086     rtsv7M4_T_le_eabi.lib : fd_cmp_t2.asm.obj (.text:__aeabi_cdcmple)
                  2000e1e2    00000086                           : fd_cmp_t2.asm.obj (.text:__aeabi_cdrcmple)
                  2000e268    00000084     simplelink.a : wlan.obj (.text:sl_WlanRxFilterSet)
                  2000e2ec    00000082     driverlib.a : gpio.obj (.text:GPIOIntTypeSet)
                  2000e36e    00000002     --HOLE-- [fill = 0]
                  2000e370    00000080     simplelink.a : socket.obj (.text:_sl_HandleAsync_Connect)
                  2000e3f0    00000080                  : cc_pal.obj (.text:spi_Read_CPU)
                  2000e470    00000080                  : cc_pal.obj (.text:spi_Write_CPU)
                  2000e4f0    0000007a     rtsv7M4_T_le_eabi.lib : memset_t2.asm.obj (.text)
                  2000e56a    00000002     --HOLE-- [fill = 0]
                  2000e56c    00000078     simplelink.a : cc_pal.obj (.text:spi_Close)
                  2000e5e4    00000076     driverlib.a : uart.obj (.text:UARTConfigSetExpClk)
                  2000e65a    00000002     --HOLE-- [fill = 0]
                  2000e65c    00000074     simplelink.a : nonos.obj (.text:_SlNonOsMainLoopTask)
                  2000e6d0    00000070     rtsv7M4_T_le_eabi.lib : memory.c.obj (.text:split)
                  2000e740    0000006e                           : _printfi.c.obj (.text:_mcpy)
                  2000e7ae    00000002     --HOLE-- [fill = 0]
                  2000e7b0    0000006c     simplelink.a : driver.obj (.text:_SlDrvCmdSend)
                  2000e81c    0000006c                  : netapp.obj (.text:_sl_NetAppSendTokenValue)
                  2000e888    00000068     rtsv7M4_T_le_eabi.lib : copy_decompress_lzss.c.obj (.text:decompress:lzss:__TI_decompress_lzss)
                  2000e8f0    00000064     simplelink.a : nonos.obj (.text:_SlNonOsSpawn)
                  2000e954    00000064                  : socket.obj (.text:_sl_HandleAsync_Accept)
                  2000e9b8    00000064                  : netapp.obj (.text:sl_NetAppMDNSUnRegisterService)
                  2000ea1c    00000064     driverlib.a : udma.obj (.text:uDMAChannelAttributeDisable)
                  2000ea80    00000064                 : udma.obj (.text:uDMAChannelAttributeEnable)
                  2000eae4    00000060     simplelink.a : socket.obj (.text:sl_Close)
                  2000eb44    00000060                  : wlan.obj (.text:sl_WlanProfileDel)
                  2000eba4    00000060                  : wlan.obj (.text:sl_WlanSetMode)
                  2000ec04    0000005c     rtsv7M4_T_le_eabi.lib : s_frexp.c.obj (.text:frexp)
                  2000ec60    00000058     driverlib.a : interrupt.obj (.text:IntPendClear)
                  2000ecb8    00000058                 : prcm.obj (.text:PRCMPeripheralReset)
                  2000ed10    00000056     rtsv7M4_T_le_eabi.lib : _printfi.c.obj (.text:_pconv_f)
                  2000ed66    00000002     --HOLE-- [fill = 0]
                  2000ed68    00000054     driverlib.a : interrupt.obj (.text:IntPrioritySet)
                  2000edbc    00000054     simplelink.a : driver.obj (.text:_SlDrvRxIrqHandler)
                  2000ee10    00000054     rtsv7M4_T_le_eabi.lib : _ltoa.c.obj (.text:__TI_ltoa)
                  2000ee64    00000054     simplelink.a : socket.obj (.text:_sl_HandleAsync_Select)
                  2000eeb8    00000052     rtsv7M4_T_le_eabi.lib : _printfi.c.obj (.text:_ecpy)
                  2000ef0a    00000002     --HOLE-- [fill = 0]
                  2000ef0c    00000050     simplelink.a : device.obj (.text:_sl_HandleAsync_Stop)
                  2000ef5c    0000004c     driverlib.a : spi.obj (.text:SPIIntEnable)
                  2000efa8    0000004c                 : spi.obj (.text:SPIIntNumberGet)
                  2000eff4    0000004c     simplelink.a : driver.obj (.text:_SlDrvProtectAsyncRespSetting)
                  2000f040    0000004c                  : socket.obj (.text:_sl_BuildAddress)
                  2000f08c    0000004c     rtsv7M4_T_le_eabi.lib : atoi.c.obj (.text:atoi)
                  2000f0d8    0000004c     driverlib.a : udma.obj (.text:uDMAChannelAssign)
                  2000f124    00000048                 : gpio.obj (.text:GPIOGetIntNumber)
                  2000f16c    00000048                 : spi.obj (.text:SPIIntClear)
                  2000f1b4    00000048     simplelink.a : driver.obj (.text:_SlDrvBasicCmd)
                  2000f1fc    00000048     rtsv7M4_T_le_eabi.lib : fd_toi_t2.asm.obj (.text)
                  2000f244    00000044     driverlib.a : spi.obj (.text:SPIDmaMaskGet)
                  2000f288    00000044                 : timer.obj (.text:TimerConfigure)
                  2000f2cc    00000044                 : uart.obj (.text:UARTIntNumberGet)
                  2000f310    00000044     simplelink.a : driver.obj (.text:_SlDrvSyncObjWaitTimeout)
                  2000f354    00000044     rtsv7M4_T_le_eabi.lib : autoinit.c.obj (.text:__TI_auto_init_nobinit_nopinit:__TI_auto_init_nobinit_nopinit)
                  2000f398    00000044     simplelink.a : cc_pal.obj (.text:cc_SetupTransfer)
                  2000f3dc    00000042                  : socket.obj (.text:sl_Htonl)
                  2000f41e    00000002     --HOLE-- [fill = 0]
                  2000f420    00000040     driverlib.a : pin.obj (.text:PinModeSet)
                  2000f460    00000040     simplelink.a : socket.obj (.text:_sl_TruncatePayloadByProtocol)
                  2000f4a0    00000040     rtsv7M4_T_le_eabi.lib : sprintf.c.obj (.text:sprintf)
                  2000f4e0    00000040                           : vsnprintf.c.obj (.text:vsnprintf)
                  2000f520    0000003e     simplelink.a : cc_pal.obj (.text:NwpRegisterInterruptHandler)
                  2000f55e    0000003e     rtsv7M4_T_le_eabi.lib : _printfi.c.obj (.text:_fcpy)
                  2000f59c    0000003c     simplelink.a : netapp.obj (.text:CopyPingResultsToReport)
                  2000f5d8    0000003c     driverlib.a : prcm.obj (.text:PRCMPeripheralClkEnable)
                  2000f614    0000003c     simplelink.a : cc_pal.obj (.text:simplelink_timerA2_start)
                  2000f650    0000003c                  : socket.obj (.text:sl_Htons)
                  2000f68c    0000003c     driverlib.a : udma.obj (.text:uDMAChannelControlSet)
                  2000f6c8    00000038     simplelink.a : cc_pal.obj (.text:NwpPowerOff)
                  2000f700    00000038                  : wlan.obj (.text:sl_WlanDisconnect)
                  2000f738    00000036     driverlib.a : gpio.obj (.text:GPIODirModeSet)
                  2000f76e    00000002     --HOLE-- [fill = 0]
                  2000f770    00000034                 : prcm.obj (.text:PRCMPeripheralStatusGet)
                  2000f7a4    00000034                 : spi.obj (.text:SPIFIFOLevelSet)
                  2000f7d8    00000030                 : pin.obj (.text:PinTypeGPIO)
                  2000f808    00000030                 : uart.obj (.text:UARTDisable)
                  2000f838    00000030     rtsv7M4_T_le_eabi.lib : vsnprintf.c.obj (.text:_outs)
                  2000f868    0000002e                           : i_tofd_t2.asm.obj (.text)
                  2000f896    00000002     --HOLE-- [fill = 0]
                  2000f898    0000002c     simplelink.a : cc_pal.obj (.text:NwpPowerOn)
                  2000f8c4    0000002c     driverlib.a : prcm.obj (.text:PRCMSysResetCauseGet)
                  2000f8f0    0000002c     simplelink.a : driver.obj (.text:_SlDrvObjGlobalLockWaitForever)
                  2000f91c    0000002c                  : driver.obj (.text:_SlDrvProtectionObjLockWaitForever)
                  2000f948    0000002a     driverlib.a : timer.obj (.text:TimerLoadSet)
                  2000f972    0000002a                 : timer.obj (.text:TimerPrescaleSet)
                  2000f99c    00000028                 : prcm.obj (.text:PRCMPeripheralClkDisable)
                  2000f9c4    00000028     simplelink.a : driver.obj (.text:_SlDrvGlobalObjUnLock)
                  2000f9ec    00000028                  : driver.obj (.text:_SlDrvProtectionObjUnLock)
                  2000fa14    00000028                  : driver.obj (.text:_SlDrvSyncObjWaitForever)
                  2000fa3c    00000028     rtsv7M4_T_le_eabi.lib : memory.c.obj (.text:free_list_insert)
                  2000fa64    00000028                           : memmov.c.obj (.text:memmove)
                  2000fa8c    00000026     simplelink.a : driver.obj (.text:_SlDrvObjLockWaitForever)
                  2000fab2    00000002     --HOLE-- [fill = 0]
                  2000fab4    00000024                  : cc_pal.obj (.text:DmaSpiSwIntHandler)
                  2000fad8    00000024     driverlib.a : interrupt.obj (.text:IntUnregister)
                  2000fafc    00000024                 : uart.obj (.text:UARTEnable)
                  2000fb20    00000024     rtsv7M4_T_le_eabi.lib : boot_cortex_m.c.obj (.text:_c_int00_noargs:_c_int00_noargs)
                  2000fb44    00000022     driverlib.a : gpio.obj (.text:GPIOIntStatus)
                  2000fb66    00000022                 : spi.obj (.text:SPIReset)
                  2000fb88    00000022                 : spi.obj (.text:SPIWordCountSet)
                  2000fbaa    00000020                 : gpio.obj (.text:GPIOPinWrite)
                  2000fbca    00000002     --HOLE-- [fill = 0]
                  2000fbcc    00000020                 : interrupt.obj (.text:IntRegister)
                  2000fbec    00000020     simplelink.a : cc_pal.obj (.text:NwpPrePowerOffTimout0)
                  2000fc0c    00000020     driverlib.a : spi.obj (.text:SPIDataGet)
                  2000fc2c    00000020     simplelink.a : cc_pal.obj (.text:TimerGetCurrentTimestamp)
                  2000fc4c    00000020                  : driver.obj (.text:_SlDrvObjUnLock)
                  2000fc6c    00000020                  : driver.obj (.text:_SlDrvSyncObjSignal)
                  2000fc8c    0000001e     driverlib.a : gpio.obj (.text:GPIOIntRegister)
                  2000fcaa    0000001e                 : spi.obj (.text:SPIDataPut)
                  2000fcc8    0000001e                 : timer.obj (.text:TimerEnable)
                  2000fce6    0000001e                 : uart.obj (.text:UARTCharPut)
                  2000fd04    0000001e                 : uart.obj (.text:UARTIntRegister)
                  2000fd22    0000001e     simplelink.a : cc_pal.obj (.text:cc_UDMAChannelSelect)
                  2000fd40    0000001c     driverlib.a : timer.obj (.text:TimerValueGet)
                  2000fd5c    0000001c                 : uart.obj (.text:UARTCharGetNonBlocking)
                  2000fd78    0000001c     simplelink.a : driver.obj (.text:_SlDrvStartMeasureTimeout)
                  2000fd94    0000001c     rtsv7M4_T_le_eabi.lib : memory.c.obj (.text:free_list_remove)
                  2000fdb0    0000001c                           : memccpy.c.obj (.text:memccpy)
                  2000fdcc    0000001c     driverlib.a : udma.obj (.text:uDMAChannelEnable)
                  2000fde8    0000001a                 : gpio.obj (.text:GPIOIntEnable)
                  2000fe02    0000001a                 : pin.obj (.text:PinTypeSPI)
                  2000fe1c    0000001a                 : pin.obj (.text:PinTypeUART)
                  2000fe36    0000001a                 : spi.obj (.text:SPIDmaDisable)
                  2000fe50    0000001a                 : spi.obj (.text:SPIDmaEnable)
                  2000fe6a    0000001a                 : spi.obj (.text:SPIFIFODisable)
                  2000fe84    0000001a                 : spi.obj (.text:SPIFIFOEnable)
                  2000fe9e    0000001a                 : spi.obj (.text:SPIIntUnregister)
                  2000feb8    00000018                 : gpio.obj (.text:GPIOPinRead)
                  2000fed0    00000018                 : spi.obj (.text:SPICSDisable)
                  2000fee8    00000018                 : spi.obj (.text:SPICSEnable)
                  2000ff00    00000018                 : spi.obj (.text:SPIDisable)
                  2000ff18    00000018                 : spi.obj (.text:SPIEnable)
                  2000ff30    00000018                 : systick.obj (.text:SysTickIntUnregister)
                  2000ff48    00000018                 : systick.obj (.text:SysTickPeriodSet)
                  2000ff60    00000018                 : uart.obj (.text:UARTBusy)
                  2000ff78    00000018                 : uart.obj (.text:UARTCharsAvail)
                  2000ff90    00000018                 : uart.obj (.text:UARTDMADisable)
                  2000ffa8    00000018                 : uart.obj (.text:UARTIntEnable)
                  2000ffc0    00000018     simplelink.a : nonos.obj (.text:_SlNonOsSemSet)
                  2000ffd8    00000018     rtsv7M4_T_le_eabi.lib : vsnprintf.c.obj (.text:_outc)
                  2000fff0    00000018                           : sprintf.c.obj (.text:_outs)
                  20010008    00000018     simplelink.a : device.obj (.text:_sl_GetStartResponseConvert)
                  20010020    00000016     driverlib.a : prcm.obj (.text:PRCMHIBRegRead)
                  20010036    00000016                 : prcm.obj (.text:PRCMHIBRegWrite)
                  2001004c    00000016                 : uart.obj (.text:UARTCharGet)
                  20010062    00000016                 : uart.obj (.text:UARTFIFODisable)
                  20010078    00000016     simplelink.a : driver.obj (.text:_SlDrvMemZero)
                  2001008e    00000016     rtsv7M4_T_le_eabi.lib : strchr.c.obj (.text:strchr)
                  200100a4    00000014     driverlib.a : cpu.obj (.text:CPUcpsie)
                  200100b8    00000014                 : gpio.obj (.text:GPIOIntClear)
                  200100cc    00000014                 : interrupt.obj (.text:IntVTableBaseSet)
                  200100e0    00000014     rtsv7M4_T_le_eabi.lib : strcpy.c.obj (.text:strcpy)
                  200100f4    00000014                           : strlen.c.obj (.text:strlen)
                  20010108    00000012     driverlib.a : uart.obj (.text:UARTIntClear)
                  2001011a    00000012     rtsv7M4_T_le_eabi.lib : wcslen.c.obj (.text:wcslen)
                  2001012c    00000010     driverlib.a : systick.obj (.text:SysTickEnable)
                  2001013c    00000010     simplelink.a : driver.obj (.text:_SlDrvDispatchHttpServerEvents)
                  2001014c    0000000e                  : driver.obj (.text:_SlDrvResetCmdExt)
                  2001015a    0000000e     rtsv7M4_T_le_eabi.lib : copy_decompress_none.c.obj (.text:decompress:none:__TI_decompress_none)
                  20010168    0000000e     startup_ccs.obj (.text)
                  20010176    00000002     --HOLE-- [fill = 0]
                  20010178    0000000c     simplelink.a : cc_pal.obj (.text:NwpMaskInterrupt)
                  20010184    0000000c                  : cc_pal.obj (.text:NwpUnMaskInterrupt)
                  20010190    0000000c     driverlib.a : systick.obj (.text:SysTickValueGet)
                  2001019c    0000000c     rtsv7M4_T_le_eabi.lib : s_copysign.c.obj (.text:copysign)
                  200101a8    0000000c                           : copy_zero_init.c.obj (.text:decompress:ZI:__TI_zero_init)
                  200101b4    0000000a     driverlib.a : interrupt.obj (.text:IntMasterEnable)
                  200101be    0000000a     rtsv7M4_T_le_eabi.lib : sprintf.c.obj (.text:_outc)
                  200101c8    00000008                           : errno.c.obj (.text:__aeabi_errno_addr)
                  200101d0    00000008                           : memory.c.obj (.text:malloc)
                  200101d8    00000006     driverlib.a : utils.obj (.text:UtilsDelay)
                  200101de    00000004     rtsv7M4_T_le_eabi.lib : pre_init.c.obj (.text:_system_pre_init)
                  200101e2    00000004                           : exit.c.obj (.text:abort:abort)

.const     0    200101e8    00000b4a     
                  200101e8    000004fb     Adafruit_GFX.obj (.const:.string:font)
                  200106e3    00000101     rtsv7M4_T_le_eabi.lib : ctype.c.obj (.const:.string:_ctypes_)
                  200107e4    00000100     driverlib.a : pin.obj (.const:g_ulPinToPadMap)
                  200108e4    000000d4                 : interrupt.obj (.const:g_pulRegs)
                  200109b8    000000a8                 : prcm.obj (.const:PRCM_PeriphRegsList)
                  20010a60    00000080                 : interrupt.obj (.const)
                  20010ae0    0000003c     simplelink.a : driver.obj (.const:OpcodeTranslateTable)
                  20010b1c    00000038                  : driver.obj (.const:_SlActionLookupTable)
                  20010b54    00000030     main.obj (.const:.string)
                  20010b84    0000002c     main.obj (.const:$P$T1$2)
                  20010bb0    00000024     driverlib.a : spi.obj (.const:g_ppulSPIIntMap)
                  20010bd4    00000022     main.obj (.const:.string:$P$T0$1)
                  20010bf6    00000001     main.obj (.const:.string:$P$T8$9)
                  20010bf7    00000001     --HOLE-- [fill = 0]
                  20010bf8    00000020     simplelink.a : driver.obj (.const:RxMsgClassLUT)
                  20010c18    00000018     driverlib.a : spi.obj (.const)
                  20010c30    00000015     main.obj (.const:.string:$P$T6$7)
                  20010c45    00000003     --HOLE-- [fill = 0]
                  20010c48    00000014     simplelink.a : driver.obj (.const:$P$T0$1)
                  20010c5c    00000014                  : nonos.obj (.const:$P$T0$1)
                  20010c70    00000014     main.obj (.const:$P$T2$3)
                  20010c84    00000010     simplelink.a : socket.obj (.const:.string:_SlPayloadByProtocolLUT)
                  20010c94    00000010     driverlib.a : uart.obj (.const)
                  20010ca4    0000000c     main.obj (.const:$P$T4$5)
                  20010cb0    0000000c     main.obj (.const:.string:$P$T3$4)
                  20010cbc    00000009     main.obj (.const:.string:$P$T5$6)
                  20010cc5    00000008     simplelink.a : device.obj (.const:StartResponseLUT)
                  20010ccd    00000003     --HOLE-- [fill = 0]
                  20010cd0    00000008                  : driver.obj (.const:g_H2NCnysPattern)
                  20010cd8    00000008                  : driver.obj (.const:g_H2NSyncPattern)
                  20010ce0    00000005     main.obj (.const:.string:$P$T7$8)
                  20010ce5    00000001     --HOLE-- [fill = 0]
                  20010ce6    00000004     simplelink.a : wlan.obj (.const:$P$T0$1)
                  20010cea    00000004                  : socket.obj (.const:$P$T2$3)
                  20010cee    00000004                  : device.obj (.const:_SlDeviceGetCmdCtrl)
                  20010cf2    00000004                  : device.obj (.const:_SlDeviceSetCmdCtrl)
                  20010cf6    00000004                  : netapp.obj (.const:_SlGetHostByNameCtrl)
                  20010cfa    00000004                  : netapp.obj (.const:_SlNetAppSendTokenValueCmdCtrl)
                  20010cfe    00000004                  : netcfg.obj (.const:_SlNetCfgSetCmdCtrl)
                  20010d02    00000004                  : wlan.obj (.const:_SlPolicySetCmdCtrl)
                  20010d06    00000004                  : wlan.obj (.const:_SlProfileDelCmdCtrl)
                  20010d0a    00000004                  : socket.obj (.const:_SlRecvCmdCtrl)
                  20010d0e    00000004                  : netapp.obj (.const:_SlRegisterServiceCtrl)
                  20010d12    00000004                  : wlan.obj (.const:_SlRxFilterSetCmdCtrl)
                  20010d16    00000004                  : socket.obj (.const:_SlSendCmdCtrl)
                  20010d1a    00000004                  : socket.obj (.const:_SlSetSockOptCmdCtrl)
                  20010d1e    00000004                  : socket.obj (.const:_SlSockCloseCmdCtrl)
                  20010d22    00000004                  : socket.obj (.const:_SlSockSocketCmdCtrl)
                  20010d26    00000004                  : device.obj (.const:_SlStopCmdCtrl)
                  20010d2a    00000004                  : wlan.obj (.const:_SlWlanCfgSetCmdCtrl)
                  20010d2e    00000004                  : wlan.obj (.const:_SlWlanSetModeCmdCtrl)

.cinit     0    20010d38    00000070     
                  20010d38    00000046     (.cinit..data.load) [load image, compression = lzss]
                  20010d7e    00000002     --HOLE-- [fill = 0]
                  20010d80    0000000c     (__TI_handler_table)
                  20010d8c    00000004     --HOLE-- [fill = 0]
                  20010d90    00000008     (.cinit..bss.load) [load image, compression = zero_init]
                  20010d98    00000010     (__TI_cinit_table)

.sysmem    0    20017000    00008000     UNINITIALIZED
                  20017000    00000010     rtsv7M4_T_le_eabi.lib : memory.c.obj (.sysmem)
                  20017010    00007ff0     --HOLE--

.bss       0    2001f000    0000055e     UNINITIALIZED
                  2001f000    000001f8     (.common:c4_table)
                  2001f1f8    00000168     simplelink.a : driver.obj (.bss:g_StatMem)
                  2001f360    0000008c     (.common:times)
                  2001f3ec    0000006c     (.common:tic_tac_table)
                  2001f458    00000050     (.common:g_ucDinDout)
                  2001f4a8    0000002c     (.common:g_time)
                  2001f4d4    00000024     (.common:g_ucConnectionSSID)
                  2001f4f8    00000018     (.common:rpstable)
                  2001f510    00000010     (.common:red_wins_buff)
                  2001f520    00000010     (.common:yellow_wins_buff)
                  2001f530    00000008     (.common:g_ucConnectionBSSID)
                  2001f538    00000004     uart_if.obj (.bss)
                  2001f53c    00000004     (.common:i)
                  2001f540    00000004     (.common:j)
                  2001f544    00000004     (.common:k)
                  2001f548    00000004     (.common:m)
                  2001f54c    00000004     (.common:n)
                  2001f550    00000004     (.common:red_wins)
                  2001f554    00000004     (.common:yellow_wins)
                  2001f558    00000001     (.common:RxIrqCnt)
                  2001f559    00000001     (.common:g_bDeviceRestartIsRequired)
                  2001f55a    00000001     (.common:g_cDummy)
                  2001f55b    00000001     (.common:g_ucLED1Pin)
                  2001f55c    00000001     (.common:g_ucLED2Pin)
                  2001f55d    00000001     (.common:g_ucLED3Pin)

.data      0    2001f560    000000c8     UNINITIALIZED
                  2001f560    0000003c     simplelink.a : nonos.obj (.data:g__SlNonOsCB)
                  2001f59c    0000001c     main.obj (.data)
                  2001f5b8    00000015     Adafruit_GFX.obj (.data)
                  2001f5cd    00000003     --HOLE--
                  2001f5d0    00000014     gpio_if.obj (.data:ulReg)
                  2001f5e4    0000000d     simplelink.a : driver.obj (.data)
                  2001f5f1    00000003     --HOLE--
                  2001f5f4    0000000c     gpio_if.obj (.data)
                  2001f600    00000009     simplelink.a : cc_pal.obj (.data)
                  2001f609    00000003     --HOLE--
                  2001f60c    00000008     rtsv7M4_T_le_eabi.lib : _lock.c.obj (.data:$O1$$)
                  2001f614    00000008                           : memory.c.obj (.data:$O1$$)
                  2001f61c    00000008     main.obj (.data:switch2)
                  2001f624    00000004     rtsv7M4_T_le_eabi.lib : errno.c.obj (.data)

.stack     0    2002f000    00001000     UNINITIALIZED
                  2002f000    00000004     rtsv7M4_T_le_eabi.lib : boot_cortex_m.c.obj (.stack)
                  2002f004    00000ffc     --HOLE--

__llvm_prf_cnts 
*          0    20017000    00000000     UNINITIALIZED

MODULE SUMMARY

       Module                       code    ro data   rw data
       ------                       ----    -------   -------
    .\
       main.obj                     13584   206       960    
       Adafruit_GFX.obj             2688    1275      21     
       Adafruit_OLED.obj            1258    0         0      
       startup_ccs.obj              14      1024      0      
       gpio_if.obj                  920     0         35     
       uart_if.obj                  636     0         4      
       pinmux.obj                   304     0         0      
    +--+----------------------------+-------+---------+---------+
       Total:                       19404   2505      1020   
                                                             
    C:/ti/CC3200SDK_1.3.0/cc3200-sdk/driverlib/ccs/Release/driverlib.a
       prcm.obj                     852     168       0      
       interrupt.obj                608     340       0      
       spi.obj                      860     60        0      
       udma.obj                     604     0         0      
       pin.obj                      300     256       0      
       uart.obj                     516     16        0      
       gpio.obj                     422     0         0      
       timer.obj                    210     0         0      
       systick.obj                  76      0         0      
       cpu.obj                      20      0         0      
       utils.obj                    6       0         0      
    +--+----------------------------+-------+---------+---------+
       Total:                       4474    840       0      
                                                             
    C:/ti/CC3200SDK_1.3.0/cc3200-sdk/simplelink/ccs/NON_OS/simplelink.a
       driver.obj                   7714    184       375    
       cc_pal.obj                   1820    0         90     
       socket.obj                   1830    40        0      
       netapp.obj                   1572    12        0      
       wlan.obj                     1312    24        0      
       device.obj                   1230    20        0      
       nonos.obj                    416     20        60     
       netcfg.obj                   152     4         0      
    +--+----------------------------+-------+---------+---------+
       Total:                       16046   304       525    
                                                             
    C:\ti\ccs1120\ccs\tools\compiler\ti-cgt-arm_20.2.5.LTS\lib\rtsv7M4_T_le_eabi.lib
       _printfi.c.obj               4835    0         0      
       memory.c.obj                 900     0         8      
       fd_add_t2.asm.obj            438     0         0      
       fd_div_t2.asm.obj            310     0         0      
       fd_cmp_t2.asm.obj            268     0         0      
       ctype.c.obj                  0       257       0      
       fd_mul_t2.asm.obj            252     0         0      
       s_scalbn.c.obj               208     0         0      
       memcpy_t2.asm.obj            156     0         0      
       ull_div_t2.asm.obj           150     0         0      
       vsnprintf.c.obj              136     0         0      
       memset_t2.asm.obj            122     0         0      
       copy_decompress_lzss.c.obj   104     0         0      
       sprintf.c.obj                98      0         0      
       s_frexp.c.obj                92      0         0      
       _ltoa.c.obj                  84      0         0      
       atoi.c.obj                   76      0         0      
       fd_toi_t2.asm.obj            72      0         0      
       autoinit.c.obj               68      0         0      
       i_tofd_t2.asm.obj            46      0         0      
       memmov.c.obj                 40      0         0      
       boot_cortex_m.c.obj          36      0         0      
       memccpy.c.obj                28      0         0      
       strchr.c.obj                 22      0         0      
       strcpy.c.obj                 20      0         0      
       strlen.c.obj                 20      0         0      
       wcslen.c.obj                 18      0         0      
       copy_decompress_none.c.obj   14      0         0      
       copy_zero_init.c.obj         12      0         0      
       errno.c.obj                  8       0         4      
       s_copysign.c.obj             12      0         0      
       _lock.c.obj                  2       0         8      
       exit.c.obj                   4       0         0      
       pre_init.c.obj               4       0         0      
       div0.asm.obj                 2       0         0      
    +--+----------------------------+-------+---------+---------+
       Total:                       8657    257       20     
                                                             
       Heap:                        0       0         32768  
       Stack:                       0       0         4096   
       Linker Generated:            0       106       0      
    +--+----------------------------+-------+---------+---------+
       Grand Total:                 48581   4012      38429  


LINKER GENERATED COPY TABLES

__TI_cinit_table @ 20010d98 records: 2, size/record: 8, table size: 16
	.data: load addr=20010d38, load size=00000046 bytes, run addr=2001f560, run size=000000c8 bytes, compression=lzss
	.bss: load addr=20010d90, load size=00000008 bytes, run addr=2001f000, run size=0000055e bytes, compression=zero_init


LINKER GENERATED HANDLER TABLE

__TI_handler_table @ 20010d80 records: 3, size/record: 4, table size: 12
	index: 0, handler: __TI_decompress_lzss
	index: 1, handler: __TI_decompress_none
	index: 2, handler: __TI_zero_init


GLOBAL SYMBOLS: SORTED ALPHABETICALLY BY Name 

address   name                                  
-------   ----                                  
2000941d  Adafruit_Init                         
200101e3  C$$EXIT                               
200100a5  CPUcpsie                              
20009eb1  ClearTerm                             
200095b3  Color565                              
2000fab5  DmaSpiSwIntHandler                    
20009ebb  Error                                 
2000f739  GPIODirModeSet                        
200100b9  GPIOIntClear                          
2000fde9  GPIOIntEnable                         
2000fc8d  GPIOIntRegister                       
2000fb45  GPIOIntStatus                         
2000e2ed  GPIOIntTypeSet                        
2000feb9  GPIOPinRead                           
2000fbab  GPIOPinWrite                          
20009b1d  GPIO_IF_ConfigureNIntEnable           
20009ba9  GPIO_IF_Get                           
20009ad7  GPIO_IF_GetPortNPin                   
20009899  GPIO_IF_LedConfigure                  
2000998b  GPIO_IF_LedOff                        
200098d7  GPIO_IF_LedOn                         
20009a3f  GPIO_IF_LedStatus                     
20009aa9  GPIO_IF_LedToggle                     
20009b65  GPIO_IF_Set                           
20009ef3  GetCmd                                
20009e71  InitTerm                              
2000d3d9  IntDisable                            
2000d481  IntEnable                             
200101b5  IntMasterEnable                       
2000ec61  IntPendClear                          
2000ed69  IntPrioritySet                        
2000fbcd  IntRegister                           
2000fad9  IntUnregister                         
200100cd  IntVTableBaseSet                      
20009e8f  Message                               
20010179  NwpMaskInterrupt                      
2000f6c9  NwpPowerOff                           
2000f899  NwpPowerOn                            
2000fbed  NwpPrePowerOffTimout0                 
2000f521  NwpRegisterInterruptHandler           
20010185  NwpUnMaskInterrupt                    
20010ae0  OpcodeTranslateTable                  
200082bb  Outstr                                
2000b345  PRCMCC3200MCUInit                     
20010021  PRCMHIBRegRead                        
20010037  PRCMHIBRegWrite                       
2000f99d  PRCMPeripheralClkDisable              
2000f5d9  PRCMPeripheralClkEnable               
2000dbd5  PRCMPeripheralClockGet                
2000ecb9  PRCMPeripheralReset                   
2000f771  PRCMPeripheralStatusGet               
2000f8c5  PRCMSysResetCauseGet                  
2000e0d5  PinConfigSet                          
2000f421  PinModeSet                            
2000c025  PinMuxConfig                          
2000f7d9  PinTypeGPIO                           
2000fe03  PinTypeSPI                            
2000fe1d  PinTypeUART                           
2000a031  Report                                
20010169  ResetISR                              
2001f558  RxIrqCnt                              
2000fed1  SPICSDisable                          
2000fee9  SPICSEnable                           
2000d5cd  SPIConfigSetExpClk                    
2000fc0d  SPIDataGet                            
2000fcab  SPIDataPut                            
2000ff01  SPIDisable                            
2000fe37  SPIDmaDisable                         
2000fe51  SPIDmaEnable                          
2000ff19  SPIEnable                             
2000fe6b  SPIFIFODisable                        
2000fe85  SPIFIFOEnable                         
2000f7a5  SPIFIFOLevelSet                       
2000f16d  SPIIntClear                           
2000ef5d  SPIIntEnable                          
2000fe9f  SPIIntUnregister                      
2000fb67  SPIReset                              
2000fb89  SPIWordCountSet                       
200045d5  SimpleLinkGeneralEventHandler         
200045b1  SimpleLinkHttpServerCallback          
2000450f  SimpleLinkNetAppEventHandler          
200045f5  SimpleLinkSockEventHandler            
20004401  SimpleLinkWlanEventHandler            
2001012d  SysTickEnable                         
2000ff31  SysTickIntUnregister                  
2000ff49  SysTickPeriodSet                      
20010191  SysTickValueGet                       
2000f289  TimerConfigure                        
2000fcc9  TimerEnable                           
2000fc2d  TimerGetCurrentTimestamp              
2000f949  TimerLoadSet                          
2000f973  TimerPrescaleSet                      
2000fd41  TimerValueGet                         
20009f99  TrimSpace                             
2000ff61  UARTBusy                              
2001004d  UARTCharGet                           
2000fd5d  UARTCharGetNonBlocking                
2000fce7  UARTCharPut                           
2000ff79  UARTCharsAvail                        
2000e5e5  UARTConfigSetExpClk                   
2000ff91  UARTDMADisable                        
2000f809  UARTDisable                           
2000fafd  UARTEnable                            
20010063  UARTFIFODisable                       
20010109  UARTIntClear                          
2000ffa9  UARTIntEnable                         
2000fd05  UARTIntRegister                       
20005481  UARTMessageInHandler                  
200101d9  UtilsDelay                            
20010b1c  _SlActionLookupTable                  
2000d529  _SlDriverHandleError                  
2000f1b5  _SlDrvBasicCmd                        
2000d1b5  _SlDrvCmdOp                           
2000e7b1  _SlDrvCmdSend                         
2000a5a1  _SlDrvDataReadOp                      
2000b62d  _SlDrvDataWriteOp                     
2000d7a9  _SlDrvDeviceEventHandler              
2001013d  _SlDrvDispatchHttpServerEvents        
2000bef5  _SlDrvDriverCBDeinit                  
2000acd9  _SlDrvDriverCBInit                    
2000f9c5  _SlDrvGlobalObjUnLock                 
2000df31  _SlDrvIsTimeoutExpired                
20010079  _SlDrvMemZero                         
2000ca19  _SlDrvMsgReadSpawnCtx                 
2000c275  _SlDrvNetAppEventHandler              
2000fa8d  _SlDrvObjLockWaitForever              
2000fc4d  _SlDrvObjUnLock                       
2000eff5  _SlDrvProtectAsyncRespSetting         
2000f91d  _SlDrvProtectionObjLockWaitForever    
2000f9ed  _SlDrvProtectionObjUnLock             
2000a785  _SlDrvReleasePoolObj                  
2001014d  _SlDrvResetCmdExt                     
2000edbd  _SlDrvRxIrqHandler                    
2000fd79  _SlDrvStartMeasureTimeout             
2000fc6d  _SlDrvSyncObjSignal                   
2000fa15  _SlDrvSyncObjWaitForever              
2000f311  _SlDrvSyncObjWaitTimeout              
2000b029  _SlDrvWaitForPoolObj                  
20010cfa  _SlNetAppSendTokenValueCmdCtrl        
2000e65d  _SlNonOsMainLoopTask                  
2000d329  _SlNonOsSemGet                        
2000ffc1  _SlNonOsSemSet                        
2000e8f1  _SlNonOsSpawn                         
20030000  __STACK_END                           
00001000  __STACK_SIZE                          
00008000  __SYSMEM_SIZE                         
20010d98  __TI_CINIT_Base                       
20010da8  __TI_CINIT_Limit                      
20010d80  __TI_Handler_Table_Base               
20010d8c  __TI_Handler_Table_Limit              
2000f355  __TI_auto_init_nobinit_nopinit        
2000e889  __TI_decompress_lzss                  
2001015b  __TI_decompress_none                  
2000ee11  __TI_ltoa                             
ffffffff  __TI_pprof_out_hndl                   
20008391  __TI_printfi                          
ffffffff  __TI_prof_data_size                   
ffffffff  __TI_prof_data_start                  
20010d38  __TI_static_base__                    
200101a9  __TI_zero_init                        
2000e15d  __aeabi_cdcmpeq                       
2000e15d  __aeabi_cdcmple                       
2000e1e3  __aeabi_cdrcmple                      
2000f1fd  __aeabi_d2iz                          
2000ab2b  __aeabi_dadd                          
2000bc89  __aeabi_ddiv                          
2000c479  __aeabi_dmul                          
2000ab21  __aeabi_dsub                          
200101c9  __aeabi_errno_addr                    
2000f869  __aeabi_i2d                           
2000acd7  __aeabi_idiv0                         
2000acd7  __aeabi_ldiv0                         
2000e4f1  __aeabi_memclr                        
2000e4f1  __aeabi_memclr4                       
2000e4f1  __aeabi_memclr8                       
2000d70d  __aeabi_memcpy                        
2000d70d  __aeabi_memcpy4                       
2000d70d  __aeabi_memcpy8                       
2000e4f3  __aeabi_memset                        
2000e4f3  __aeabi_memset4                       
2000e4f3  __aeabi_memset8                       
2000db3d  __aeabi_uldivmod                      
ffffffff  __binit__                             
ffffffff  __c_args__                            
UNDEFED   __mpu_init                            
2002f000  __stack                               
20017000  __start___llvm_prf_cnts               
20017000  __stop___llvm_prf_cnts                
2000fb21  _c_int00_noargs                       
200106e3  _ctypes_                              
2001f60c  _lock                                 
2000985b  _nop                                  
2000e955  _sl_HandleAsync_Accept                
2000e371  _sl_HandleAsync_Connect               
2000dc69  _sl_HandleAsync_DnsGetHostByName      
2000cf59  _sl_HandleAsync_DnsGetHostByService   
2000dfbd  _sl_HandleAsync_InitComplete          
2000dcf9  _sl_HandleAsync_PingResponse          
2000ee65  _sl_HandleAsync_Select                
2000ef0d  _sl_HandleAsync_Stop                  
2000e81d  _sl_NetAppSendTokenValue              
20017000  _sys_memory                           
UNDEFED   _system_post_cinit                    
200101df  _system_pre_init                      
2001f610  _unlock                               
200101e3  abort                                 
2000c379  aligned_alloc                         
2000f08d  atoi                                  
ffffffff  binit                                 
2001f000  c4_table                              
2000648d  c4buttons                             
20006919  c4check                               
2001019d  copysign                              
2001019d  copysignl                             
2001f5b8  cursor_x                              
2001f5bc  cursor_y                              
2000816f  drawChar                              
20007911  drawCircle                            
20007a45  drawCircleHelper                      
20009765  drawFastHLine                         
200096c1  drawFastVLine                         
20007c8b  drawLine                              
20009801  drawPixel                             
20007d77  drawRect                              
20007dc5  drawRoundRect                         
20007f2d  drawTriangle                          
2001f624  errno                                 
20007b63  fillCircle                            
20007b9d  fillCircleHelper                      
2000960b  fillRect                              
20007eb3  fillRoundRect                         
200095f5  fillScreen                            
20007f6f  fillTriangle                          
2000cb01  free                                  
2000ec05  frexp                                 
2000ec05  frexpl                                
2001f5a8  g_Host                                
2001f5e4  g_SlDeviceStatus                      
2001f600  g_SpiFd                               
2001f560  g__SlNonOsCB                          
2001f559  g_bDeviceRestartIsRequired            
2001f55a  g_cDummy                              
2001f5e8  g_pCB                                 
2001f604  g_pHostIntHdl                         
20004000  g_pfnVectors                          
2001f4a8  g_time                                
2001f530  g_ucConnectionBSSID                   
2001f4d4  g_ucConnectionSSID                    
2001f608  g_ucDMAEnabled                        
2001f458  g_ucDinDout                           
2001f55b  g_ucLED1Pin                           
2001f55c  g_ucLED2Pin                           
2001f55d  g_ucLED3Pin                           
2001f5f4  g_uiLED1Port                          
2001f5f8  g_uiLED2Port                          
2001f5fc  g_uiLED3Port                          
2001f5a4  g_ulGatewayIP                         
2001f5a0  g_ulPingPacketsRecv                   
2001f59c  g_ulStatus                            
2001f5b0  gamemode                              
2000956f  goTo                                  
2000836f  height                                
2001f53c  i                                     
2000983f  invert                                
2001f540  j                                     
2001f544  k                                     
2001f5b4  lRetVal                               
2000ce89  ldexp                                 
2000ce89  ldexpl                                
2001f548  m                                     
20005b21  main                                  
200101d1  malloc                                
2000c379  memalign                              
2000fdb1  memccpy                               
2000d70d  memcpy                                
2000fa65  memmove                               
2000e4f9  memset                                
2001f54c  n                                     
2001f5ec  pPingCallBackFunc                     
20004d43  printErrConvenience                   
2000cbe5  realloc                               
2001f550  red_wins                              
2001f510  red_wins_buff                         
20007161  rpsbuttons                            
2001f4f8  rpstable                              
2000ce89  scalbn                                
2000ce89  scalbnl                               
20008307  setCursor                             
2000833f  setTextColor                          
2000831f  setTextSize                           
20008357  setTextWrap                           
2000f615  simplelink_timerA2_start              
2000eae5  sl_Close                              
2000b1b9  sl_Connect                            
2000d025  sl_DevGet                             
2000d845  sl_DevSet                             
2000f3dd  sl_Htonl                              
2000f651  sl_Htons                              
2000ba09  sl_NetAppDnsGetHostByName             
2000ccc9  sl_NetAppMDNSRegisterUnregisterService
2000e9b9  sl_NetAppMDNSUnRegisterService        
2000d8dd  sl_NetCfgSet                          
2000d66d  sl_Recv                               
2000bdc1  sl_Send                               
2000d975  sl_SetSockOpt                         
2000e049  sl_Socket                             
2000c845  sl_Start                              
2000c575  sl_Stop                               
20009bf5  sl_WlanConnect                        
2000f701  sl_WlanDisconnect                     
2000dd89  sl_WlanPolicySet                      
2000eb45  sl_WlanProfileDel                     
2000e269  sl_WlanRxFilterSet                    
2000da0d  sl_WlanSet                            
2000eba5  sl_WlanSetMode                        
2000e56d  spi_Close                             
2000b77d  spi_Open                              
2000c665  spi_Read                              
2000daa5  spi_Write                             
2000f4a1  sprintf                               
2001008f  strchr                                
200100e1  strcpy                                
200100f5  strlen                                
2001f5c8  textbgcolor                           
2001f5c4  textcolor                             
2001f5c0  textsize                              
2001f3ec  tic_tac_table                         
20006c09  tictacbuttons                         
20006fd9  tictaccheck                           
2001f360  times                                 
2001f5ac  times_index                           
2000f0d9  uDMAChannelAssign                     
2000ea1d  uDMAChannelAttributeDisable           
2000ea81  uDMAChannelAttributeEnable            
2000f68d  uDMAChannelControlSet                 
2000fdcd  uDMAChannelEnable                     
2000c755  uDMAChannelTransferSet                
2000f4e1  vsnprintf                             
2001011b  wcslen                                
2000836b  width                                 
2001f5cc  wrap                                  
20009371  writeCommand                          
200093c7  writeData                             
2001f554  yellow_wins                           
2001f520  yellow_wins_buff                      


GLOBAL SYMBOLS: SORTED BY Symbol Address 

address   name                                  
-------   ----                                  
00001000  __STACK_SIZE                          
00008000  __SYSMEM_SIZE                         
20004000  g_pfnVectors                          
20004401  SimpleLinkWlanEventHandler            
2000450f  SimpleLinkNetAppEventHandler          
200045b1  SimpleLinkHttpServerCallback          
200045d5  SimpleLinkGeneralEventHandler         
200045f5  SimpleLinkSockEventHandler            
20004d43  printErrConvenience                   
20005481  UARTMessageInHandler                  
20005b21  main                                  
2000648d  c4buttons                             
20006919  c4check                               
20006c09  tictacbuttons                         
20006fd9  tictaccheck                           
20007161  rpsbuttons                            
20007911  drawCircle                            
20007a45  drawCircleHelper                      
20007b63  fillCircle                            
20007b9d  fillCircleHelper                      
20007c8b  drawLine                              
20007d77  drawRect                              
20007dc5  drawRoundRect                         
20007eb3  fillRoundRect                         
20007f2d  drawTriangle                          
20007f6f  fillTriangle                          
2000816f  drawChar                              
200082bb  Outstr                                
20008307  setCursor                             
2000831f  setTextSize                           
2000833f  setTextColor                          
20008357  setTextWrap                           
2000836b  width                                 
2000836f  height                                
20008391  __TI_printfi                          
20009371  writeCommand                          
200093c7  writeData                             
2000941d  Adafruit_Init                         
2000956f  goTo                                  
200095b3  Color565                              
200095f5  fillScreen                            
2000960b  fillRect                              
200096c1  drawFastVLine                         
20009765  drawFastHLine                         
20009801  drawPixel                             
2000983f  invert                                
2000985b  _nop                                  
20009899  GPIO_IF_LedConfigure                  
200098d7  GPIO_IF_LedOn                         
2000998b  GPIO_IF_LedOff                        
20009a3f  GPIO_IF_LedStatus                     
20009aa9  GPIO_IF_LedToggle                     
20009ad7  GPIO_IF_GetPortNPin                   
20009b1d  GPIO_IF_ConfigureNIntEnable           
20009b65  GPIO_IF_Set                           
20009ba9  GPIO_IF_Get                           
20009bf5  sl_WlanConnect                        
20009e71  InitTerm                              
20009e8f  Message                               
20009eb1  ClearTerm                             
20009ebb  Error                                 
20009ef3  GetCmd                                
20009f99  TrimSpace                             
2000a031  Report                                
2000a5a1  _SlDrvDataReadOp                      
2000a785  _SlDrvReleasePoolObj                  
2000ab21  __aeabi_dsub                          
2000ab2b  __aeabi_dadd                          
2000acd7  __aeabi_idiv0                         
2000acd7  __aeabi_ldiv0                         
2000acd9  _SlDrvDriverCBInit                    
2000b029  _SlDrvWaitForPoolObj                  
2000b1b9  sl_Connect                            
2000b345  PRCMCC3200MCUInit                     
2000b62d  _SlDrvDataWriteOp                     
2000b77d  spi_Open                              
2000ba09  sl_NetAppDnsGetHostByName             
2000bc89  __aeabi_ddiv                          
2000bdc1  sl_Send                               
2000bef5  _SlDrvDriverCBDeinit                  
2000c025  PinMuxConfig                          
2000c275  _SlDrvNetAppEventHandler              
2000c379  aligned_alloc                         
2000c379  memalign                              
2000c479  __aeabi_dmul                          
2000c575  sl_Stop                               
2000c665  spi_Read                              
2000c755  uDMAChannelTransferSet                
2000c845  sl_Start                              
2000ca19  _SlDrvMsgReadSpawnCtx                 
2000cb01  free                                  
2000cbe5  realloc                               
2000ccc9  sl_NetAppMDNSRegisterUnregisterService
2000ce89  ldexp                                 
2000ce89  ldexpl                                
2000ce89  scalbn                                
2000ce89  scalbnl                               
2000cf59  _sl_HandleAsync_DnsGetHostByService   
2000d025  sl_DevGet                             
2000d1b5  _SlDrvCmdOp                           
2000d329  _SlNonOsSemGet                        
2000d3d9  IntDisable                            
2000d481  IntEnable                             
2000d529  _SlDriverHandleError                  
2000d5cd  SPIConfigSetExpClk                    
2000d66d  sl_Recv                               
2000d70d  __aeabi_memcpy                        
2000d70d  __aeabi_memcpy4                       
2000d70d  __aeabi_memcpy8                       
2000d70d  memcpy                                
2000d7a9  _SlDrvDeviceEventHandler              
2000d845  sl_DevSet                             
2000d8dd  sl_NetCfgSet                          
2000d975  sl_SetSockOpt                         
2000da0d  sl_WlanSet                            
2000daa5  spi_Write                             
2000db3d  __aeabi_uldivmod                      
2000dbd5  PRCMPeripheralClockGet                
2000dc69  _sl_HandleAsync_DnsGetHostByName      
2000dcf9  _sl_HandleAsync_PingResponse          
2000dd89  sl_WlanPolicySet                      
2000df31  _SlDrvIsTimeoutExpired                
2000dfbd  _sl_HandleAsync_InitComplete          
2000e049  sl_Socket                             
2000e0d5  PinConfigSet                          
2000e15d  __aeabi_cdcmpeq                       
2000e15d  __aeabi_cdcmple                       
2000e1e3  __aeabi_cdrcmple                      
2000e269  sl_WlanRxFilterSet                    
2000e2ed  GPIOIntTypeSet                        
2000e371  _sl_HandleAsync_Connect               
2000e4f1  __aeabi_memclr                        
2000e4f1  __aeabi_memclr4                       
2000e4f1  __aeabi_memclr8                       
2000e4f3  __aeabi_memset                        
2000e4f3  __aeabi_memset4                       
2000e4f3  __aeabi_memset8                       
2000e4f9  memset                                
2000e56d  spi_Close                             
2000e5e5  UARTConfigSetExpClk                   
2000e65d  _SlNonOsMainLoopTask                  
2000e7b1  _SlDrvCmdSend                         
2000e81d  _sl_NetAppSendTokenValue              
2000e889  __TI_decompress_lzss                  
2000e8f1  _SlNonOsSpawn                         
2000e955  _sl_HandleAsync_Accept                
2000e9b9  sl_NetAppMDNSUnRegisterService        
2000ea1d  uDMAChannelAttributeDisable           
2000ea81  uDMAChannelAttributeEnable            
2000eae5  sl_Close                              
2000eb45  sl_WlanProfileDel                     
2000eba5  sl_WlanSetMode                        
2000ec05  frexp                                 
2000ec05  frexpl                                
2000ec61  IntPendClear                          
2000ecb9  PRCMPeripheralReset                   
2000ed69  IntPrioritySet                        
2000edbd  _SlDrvRxIrqHandler                    
2000ee11  __TI_ltoa                             
2000ee65  _sl_HandleAsync_Select                
2000ef0d  _sl_HandleAsync_Stop                  
2000ef5d  SPIIntEnable                          
2000eff5  _SlDrvProtectAsyncRespSetting         
2000f08d  atoi                                  
2000f0d9  uDMAChannelAssign                     
2000f16d  SPIIntClear                           
2000f1b5  _SlDrvBasicCmd                        
2000f1fd  __aeabi_d2iz                          
2000f289  TimerConfigure                        
2000f311  _SlDrvSyncObjWaitTimeout              
2000f355  __TI_auto_init_nobinit_nopinit        
2000f3dd  sl_Htonl                              
2000f421  PinModeSet                            
2000f4a1  sprintf                               
2000f4e1  vsnprintf                             
2000f521  NwpRegisterInterruptHandler           
2000f5d9  PRCMPeripheralClkEnable               
2000f615  simplelink_timerA2_start              
2000f651  sl_Htons                              
2000f68d  uDMAChannelControlSet                 
2000f6c9  NwpPowerOff                           
2000f701  sl_WlanDisconnect                     
2000f739  GPIODirModeSet                        
2000f771  PRCMPeripheralStatusGet               
2000f7a5  SPIFIFOLevelSet                       
2000f7d9  PinTypeGPIO                           
2000f809  UARTDisable                           
2000f869  __aeabi_i2d                           
2000f899  NwpPowerOn                            
2000f8c5  PRCMSysResetCauseGet                  
2000f91d  _SlDrvProtectionObjLockWaitForever    
2000f949  TimerLoadSet                          
2000f973  TimerPrescaleSet                      
2000f99d  PRCMPeripheralClkDisable              
2000f9c5  _SlDrvGlobalObjUnLock                 
2000f9ed  _SlDrvProtectionObjUnLock             
2000fa15  _SlDrvSyncObjWaitForever              
2000fa65  memmove                               
2000fa8d  _SlDrvObjLockWaitForever              
2000fab5  DmaSpiSwIntHandler                    
2000fad9  IntUnregister                         
2000fafd  UARTEnable                            
2000fb21  _c_int00_noargs                       
2000fb45  GPIOIntStatus                         
2000fb67  SPIReset                              
2000fb89  SPIWordCountSet                       
2000fbab  GPIOPinWrite                          
2000fbcd  IntRegister                           
2000fbed  NwpPrePowerOffTimout0                 
2000fc0d  SPIDataGet                            
2000fc2d  TimerGetCurrentTimestamp              
2000fc4d  _SlDrvObjUnLock                       
2000fc6d  _SlDrvSyncObjSignal                   
2000fc8d  GPIOIntRegister                       
2000fcab  SPIDataPut                            
2000fcc9  TimerEnable                           
2000fce7  UARTCharPut                           
2000fd05  UARTIntRegister                       
2000fd41  TimerValueGet                         
2000fd5d  UARTCharGetNonBlocking                
2000fd79  _SlDrvStartMeasureTimeout             
2000fdb1  memccpy                               
2000fdcd  uDMAChannelEnable                     
2000fde9  GPIOIntEnable                         
2000fe03  PinTypeSPI                            
2000fe1d  PinTypeUART                           
2000fe37  SPIDmaDisable                         
2000fe51  SPIDmaEnable                          
2000fe6b  SPIFIFODisable                        
2000fe85  SPIFIFOEnable                         
2000fe9f  SPIIntUnregister                      
2000feb9  GPIOPinRead                           
2000fed1  SPICSDisable                          
2000fee9  SPICSEnable                           
2000ff01  SPIDisable                            
2000ff19  SPIEnable                             
2000ff31  SysTickIntUnregister                  
2000ff49  SysTickPeriodSet                      
2000ff61  UARTBusy                              
2000ff79  UARTCharsAvail                        
2000ff91  UARTDMADisable                        
2000ffa9  UARTIntEnable                         
2000ffc1  _SlNonOsSemSet                        
20010021  PRCMHIBRegRead                        
20010037  PRCMHIBRegWrite                       
2001004d  UARTCharGet                           
20010063  UARTFIFODisable                       
20010079  _SlDrvMemZero                         
2001008f  strchr                                
200100a5  CPUcpsie                              
200100b9  GPIOIntClear                          
200100cd  IntVTableBaseSet                      
200100e1  strcpy                                
200100f5  strlen                                
20010109  UARTIntClear                          
2001011b  wcslen                                
2001012d  SysTickEnable                         
2001013d  _SlDrvDispatchHttpServerEvents        
2001014d  _SlDrvResetCmdExt                     
2001015b  __TI_decompress_none                  
20010169  ResetISR                              
20010179  NwpMaskInterrupt                      
20010185  NwpUnMaskInterrupt                    
20010191  SysTickValueGet                       
2001019d  copysign                              
2001019d  copysignl                             
200101a9  __TI_zero_init                        
200101b5  IntMasterEnable                       
200101c9  __aeabi_errno_addr                    
200101d1  malloc                                
200101d9  UtilsDelay                            
200101df  _system_pre_init                      
200101e3  C$$EXIT                               
200101e3  abort                                 
200106e3  _ctypes_                              
20010ae0  OpcodeTranslateTable                  
20010b1c  _SlActionLookupTable                  
20010cfa  _SlNetAppSendTokenValueCmdCtrl        
20010d38  __TI_static_base__                    
20010d80  __TI_Handler_Table_Base               
20010d8c  __TI_Handler_Table_Limit              
20010d98  __TI_CINIT_Base                       
20010da8  __TI_CINIT_Limit                      
20017000  __start___llvm_prf_cnts               
20017000  __stop___llvm_prf_cnts                
20017000  _sys_memory                           
2001f000  c4_table                              
2001f360  times                                 
2001f3ec  tic_tac_table                         
2001f458  g_ucDinDout                           
2001f4a8  g_time                                
2001f4d4  g_ucConnectionSSID                    
2001f4f8  rpstable                              
2001f510  red_wins_buff                         
2001f520  yellow_wins_buff                      
2001f530  g_ucConnectionBSSID                   
2001f53c  i                                     
2001f540  j                                     
2001f544  k                                     
2001f548  m                                     
2001f54c  n                                     
2001f550  red_wins                              
2001f554  yellow_wins                           
2001f558  RxIrqCnt                              
2001f559  g_bDeviceRestartIsRequired            
2001f55a  g_cDummy                              
2001f55b  g_ucLED1Pin                           
2001f55c  g_ucLED2Pin                           
2001f55d  g_ucLED3Pin                           
2001f560  g__SlNonOsCB                          
2001f59c  g_ulStatus                            
2001f5a0  g_ulPingPacketsRecv                   
2001f5a4  g_ulGatewayIP                         
2001f5a8  g_Host                                
2001f5ac  times_index                           
2001f5b0  gamemode                              
2001f5b4  lRetVal                               
2001f5b8  cursor_x                              
2001f5bc  cursor_y                              
2001f5c0  textsize                              
2001f5c4  textcolor                             
2001f5c8  textbgcolor                           
2001f5cc  wrap                                  
2001f5e4  g_SlDeviceStatus                      
2001f5e8  g_pCB                                 
2001f5ec  pPingCallBackFunc                     
2001f5f4  g_uiLED1Port                          
2001f5f8  g_uiLED2Port                          
2001f5fc  g_uiLED3Port                          
2001f600  g_SpiFd                               
2001f604  g_pHostIntHdl                         
2001f608  g_ucDMAEnabled                        
2001f60c  _lock                                 
2001f610  _unlock                               
2001f624  errno                                 
2002f000  __stack                               
20030000  __STACK_END                           
ffffffff  __TI_pprof_out_hndl                   
ffffffff  __TI_prof_data_size                   
ffffffff  __TI_prof_data_start                  
ffffffff  __binit__                             
ffffffff  __c_args__                            
ffffffff  binit                                 
UNDEFED   __mpu_init                            
UNDEFED   _system_post_cinit                    

[345 symbols]
