******************************************************************************
                  TI ARM Linker PC v16.9.0                     
******************************************************************************
>> Linked Tue Apr 12 16:18:28 2022

OUTPUT FILE NAME:   <spi_demo.out>
ENTRY POINT SYMBOL: "_c_int00"  address: 2000897d


MEMORY CONFIGURATION

         name            origin    length      used     unused   attr    fill
----------------------  --------  ---------  --------  --------  ----  --------
  SRAM_CODE             20004000   00013000  00005b54  0000d4ac  RW X
  SRAM_DATA             20017000   00019000  0000110c  00017ef4  RW X


SEGMENT ALLOCATION MAP

run origin  load origin   length   init length attrs members
----------  ----------- ---------- ----------- ----- -------
20004000    20004000    00005b58   00005b58    r-x
  20004000    20004000    00000400   00000400    r-- .intvecs
  20004400    20004400    000049e4   000049e4    r-x .text
  20008de4    20008de4    00000d20   00000d20    r-- .const
  20009b08    20009b08    00000050   00000050    r-- .cinit
20017000    20017000    0000090c   00000000    rw-
  20017000    20017000    00000800   00000000    rw- .sysmem
  20017800    20017800    000000cc   00000000    rw- .bss
  200178cc    200178cc    00000040   00000000    rw- .data
2002f800    2002f800    00000800   00000000    rw-
  2002f800    2002f800    00000800   00000000    rw- .stack


SECTION ALLOCATION MAP

 output                                  attributes/
section   page    origin      length       input sections
--------  ----  ----------  ----------   ----------------
.intvecs   0    20004000    00000400     
                  20004000    00000400     startup_ccs.obj (.intvecs)

.init_array 
*          0    20004000    00000000     UNINITIALIZED

.text      0    20004400    000049e4     
                  20004400    0000111e     rtsv7M4_T_le_eabi.lib : _printfi.obj (.text)
                  2000551e    00000002                           : mpu_init.obj (.text)
                  20005520    00000a80     Adafruit_GFX.obj (.text)
                  20005fa0    00000712     test.obj (.text)
                  200066b2    00000002     rtsv7M4_T_le_eabi.lib : startup.obj (.text)
                  200066b4    000004e6     Adafruit_OLED.obj (.text)
                  20006b9a    00000002     --HOLE-- [fill = 0]
                  20006b9c    000003d0     rtsv7M4_T_le_eabi.lib : memory.obj (.text)
                  20006f6c    0000029c     main.obj (.text)
                  20007208    00000280     uart_if.obj (.text)
                  20007488    000001f4     rtsv7M4_T_le_eabi.lib : ull_div_t2.obj (.text)
                  2000767c    000001b6                           : fd_add_t2.obj (.text)
                  20007832    00000002     --HOLE-- [fill = 0]
                  20007834    00000178     driverlib.a : prcm.obj (.text:PRCMCC3200MCUInit)
                  200079ac    00000136     rtsv7M4_T_le_eabi.lib : fd_div_t2.obj (.text)
                  20007ae2    00000002     --HOLE-- [fill = 0]
                  20007ae4    00000110     pin_mux_config.obj (.text)
                  20007bf4    000000fc     rtsv7M4_T_le_eabi.lib : fd_mul_t2.obj (.text)
                  20007cf0    000000d0     driverlib.a : spi.obj (.text:SPITransfer32)
                  20007dc0    000000d0     rtsv7M4_T_le_eabi.lib : s_scalbn.obj (.text)
                  20007e90    000000ce     driverlib.a : spi.obj (.text:SPITransfer16)
                  20007f5e    000000b8                 : spi.obj (.text:SPITransfer8)
                  20008016    00000002     --HOLE-- [fill = 0]
                  20008018    000000a8                 : interrupt.obj (.text:IntEnable)
                  200080c0    000000a0                 : spi.obj (.text:SPIConfigSetExpClk)
                  20008160    0000009c     rtsv7M4_T_le_eabi.lib : memcpy_t2.obj (.text)
                  200081fc    00000094     driverlib.a : prcm.obj (.text:PRCMPeripheralClockGet)
                  20008290    00000088                 : pin.obj (.text:PinConfigSet)
                  20008318    00000088                 : spi.obj (.text:SPITransfer)
                  200083a0    00000088     rtsv7M4_T_le_eabi.lib : vsnprintf.obj (.text)
                  20008428    00000086                           : fd_cmp_t2.obj (.text:__aeabi_cdcmple)
                  200084ae    00000086                           : fd_cmp_t2.obj (.text:__aeabi_cdrcmple)
                  20008534    0000007a                           : memset_t2.obj (.text)
                  200085ae    00000076     driverlib.a : uart.obj (.text:UARTConfigSetExpClk)
                  20008624    00000070     rtsv7M4_T_le_eabi.lib : autoinit.obj (.text)
                  20008694    00000068                           : copy_decompress_lzss.obj (.text:decompress:lzss)
                  200086fc    0000005c                           : s_frexp.obj (.text)
                  20008758    00000058     driverlib.a : prcm.obj (.text:PRCMPeripheralReset)
                  200087b0    00000056     rtsv7M4_T_le_eabi.lib : ltoa.obj (.text)
                  20008806    00000002     --HOLE-- [fill = 0]
                  20008808    00000054                           : exit.obj (.text)
                  2000885c    0000004c                           : atoi.obj (.text)
                  200088a8    0000004c                           : cpy_tbl.obj (.text)
                  200088f4    00000048                           : fd_toi_t2.obj (.text)
                  2000893c    00000040     driverlib.a : pin.obj (.text:PinModeSet)
                  2000897c    00000040     rtsv7M4_T_le_eabi.lib : boot.obj (.text)
                  200089bc    0000003c     driverlib.a : prcm.obj (.text:PRCMPeripheralClkEnable)
                  200089f8    00000036                 : gpio.obj (.text:GPIODirModeSet)
                  20008a2e    00000030                 : pin.obj (.text:PinTypeGPIO)
                  20008a5e    00000002     --HOLE-- [fill = 0]
                  20008a60    00000030                 : uart.obj (.text:UARTDisable)
                  20008a90    0000002e     rtsv7M4_T_le_eabi.lib : i_tofd_t2.obj (.text)
                  20008abe    00000002     --HOLE-- [fill = 0]
                  20008ac0    0000002c     driverlib.a : prcm.obj (.text:PRCMSysResetCauseGet)
                  20008aec    00000028                 : prcm.obj (.text:PRCMPeripheralClkDisable)
                  20008b14    00000024                 : uart.obj (.text:UARTEnable)
                  20008b38    00000024     rtsv7M4_T_le_eabi.lib : memmov.obj (.text)
                  20008b5c    00000022     driverlib.a : spi.obj (.text:SPIReset)
                  20008b7e    00000020                 : gpio.obj (.text:GPIOPinWrite)
                  20008b9e    00000020                 : spi.obj (.text:SPIDataGet)
                  20008bbe    0000001e                 : spi.obj (.text:SPIDataPut)
                  20008bdc    0000001e                 : uart.obj (.text:UARTCharPut)
                  20008bfa    0000001c                 : uart.obj (.text:UARTCharGetNonBlocking)
                  20008c16    0000001c     rtsv7M4_T_le_eabi.lib : memccpy.obj (.text)
                  20008c32    0000001a     driverlib.a : pin.obj (.text:PinTypeSPI)
                  20008c4c    0000001a                 : pin.obj (.text:PinTypeUART)
                  20008c66    00000018                 : spi.obj (.text:SPICSDisable)
                  20008c7e    00000018                 : spi.obj (.text:SPICSEnable)
                  20008c96    00000018                 : spi.obj (.text:SPIDisable)
                  20008cae    00000018                 : spi.obj (.text:SPIEnable)
                  20008cc6    00000018                 : uart.obj (.text:UARTCharsAvail)
                  20008cde    00000002     --HOLE-- [fill = 0]
                  20008ce0    00000018     rtsv7M4_T_le_eabi.lib : args_main.obj (.text)
                  20008cf8    00000016     driverlib.a : prcm.obj (.text:PRCMHIBRegRead)
                  20008d0e    00000016                 : prcm.obj (.text:PRCMHIBRegWrite)
                  20008d24    00000016                 : uart.obj (.text:UARTCharGet)
                  20008d3a    00000016     rtsv7M4_T_le_eabi.lib : strchr.obj (.text)
                  20008d50    00000014     driverlib.a : cpu.obj (.text:CPUcpsie)
                  20008d64    00000014                 : interrupt.obj (.text:IntVTableBaseSet)
                  20008d78    00000014     rtsv7M4_T_le_eabi.lib : _lock.obj (.text)
                  20008d8c    00000014                           : strlen.obj (.text)
                  20008da0    0000000e                           : copy_decompress_none.obj (.text:decompress:none)
                  20008dae    0000000e     startup_ccs.obj (.text)
                  20008dbc    0000000c     rtsv7M4_T_le_eabi.lib : copy_zero_init.obj (.text:decompress:ZI)
                  20008dc8    0000000a     driverlib.a : interrupt.obj (.text:IntMasterEnable)
                  20008dd2    00000008     rtsv7M4_T_le_eabi.lib : s_copysign.obj (.text)
                  20008dda    00000006     driverlib.a : utils.obj (.text:UtilsDelay)
                  20008de0    00000004     rtsv7M4_T_le_eabi.lib : pre_init.obj (.text)

.const     0    20008de4    00000d20     
                  20008de4    000004fb     Adafruit_GFX.obj (.const:.string:font)
                  200092df    000004fb     main.obj (.const:.string:font)
                  200097da    00000101     rtsv7M4_T_le_eabi.lib : ctype.obj (.const:.string:_ctypes_)
                  200098db    00000001     --HOLE-- [fill = 0]
                  200098dc    00000100     driverlib.a : pin.obj (.const:g_ulPinToPadMap)
                  200099dc    000000a8                 : prcm.obj (.const:PRCM_PeriphRegsList)
                  20009a84    00000080                 : interrupt.obj (.const)

.cinit     0    20009b08    00000050     
                  20009b08    0000002b     (.cinit..data.load) [load image, compression = lzss]
                  20009b33    00000001     --HOLE-- [fill = 0]
                  20009b34    0000000c     (__TI_handler_table)
                  20009b40    00000008     (.cinit..bss.load) [load image, compression = zero_init]
                  20009b48    00000010     (__TI_cinit_table)

.sysmem    0    20017000    00000800     UNINITIALIZED
                  20017000    00000008     rtsv7M4_T_le_eabi.lib : memory.obj (.sysmem)
                  20017008    000007f8     --HOLE--

.bss       0    20017800    000000cc     UNINITIALIZED
                  20017800    00000064     main.obj (.bss:g_ucRxBuff)
                  20017864    00000064     main.obj (.bss:g_ucTxBuff)
                  200178c8    00000004     uart_if.obj (.bss)

.data      0    200178cc    00000040     UNINITIALIZED
                  200178cc    00000015     Adafruit_GFX.obj (.data)
                  200178e1    00000003     --HOLE--
                  200178e4    0000000c     rtsv7M4_T_le_eabi.lib : exit.obj (.data:$O1$$)
                  200178f0    0000000c                           : memory.obj (.data:$O1$$)
                  200178fc    00000008                           : _lock.obj (.data:$O1$$)
                  20017904    00000004                           : errno.obj (.data)
                  20017908    00000004                           : stkdepth_vars.obj (.data)

.stack     0    2002f800    00000800     UNINITIALIZED
                  2002f800    00000800     --HOLE--

MODULE SUMMARY

       Module                     code    ro data   rw data
       ------                     ----    -------   -------
    .\
       Adafruit_GFX.obj           2688    1275      21     
       main.obj                   668     1275      200    
       test.obj                   1810    0         0      
       Adafruit_OLED.obj          1254    0         0      
       startup_ccs.obj            14      1024      0      
       uart_if.obj                640     0         4      
       pin_mux_config.obj         272     0         0      
    +--+--------------------------+-------+---------+---------+
       Total:                     7346    3574      225    
                                                           
    C:/ti/CC3200SDK_1.2.0/cc3200-sdk/driverlib/ccs/Release/driverlib.a
       spi.obj                    1086    0         0      
       prcm.obj                   800     168       0      
       pin.obj                    300     256       0      
       interrupt.obj              198     128       0      
       uart.obj                   306     0         0      
       gpio.obj                   86      0         0      
       cpu.obj                    20      0         0      
       utils.obj                  6       0         0      
    +--+--------------------------+-------+---------+---------+
       Total:                     2802    552       0      
                                                           
    C:\ti\ccsv7\tools\compiler\ti-cgt-arm_16.9.0.LTS\lib\rtsv7M4_T_le_eabi.lib
       _printfi.obj               4382    0         0      
       memory.obj                 976     0         12     
       ull_div_t2.obj             500     0         0      
       fd_add_t2.obj              438     0         0      
       fd_div_t2.obj              310     0         0      
       fd_cmp_t2.obj              268     0         0      
       ctype.obj                  0       257       0      
       fd_mul_t2.obj              252     0         0      
       s_scalbn.obj               208     0         0      
       memcpy_t2.obj              156     0         0      
       vsnprintf.obj              136     0         0      
       memset_t2.obj              122     0         0      
       autoinit.obj               112     0         0      
       copy_decompress_lzss.obj   104     0         0      
       exit.obj                   84      0         12     
       s_frexp.obj                92      0         0      
       ltoa.obj                   86      0         0      
       atoi.obj                   76      0         0      
       cpy_tbl.obj                76      0         0      
       fd_toi_t2.obj              72      0         0      
       boot.obj                   64      0         0      
       i_tofd_t2.obj              46      0         0      
       memmov.obj                 36      0         0      
       _lock.obj                  20      0         8      
       memccpy.obj                28      0         0      
       args_main.obj              24      0         0      
       strchr.obj                 22      0         0      
       strlen.obj                 20      0         0      
       copy_decompress_none.obj   14      0         0      
       copy_zero_init.obj         12      0         0      
       s_copysign.obj             8       0         0      
       errno.obj                  0       0         4      
       pre_init.obj               4       0         0      
       stkdepth_vars.obj          0       0         4      
       mpu_init.obj               2       0         0      
       startup.obj                2       0         0      
    +--+--------------------------+-------+---------+---------+
       Total:                     8752    257       40     
                                                           
       Heap:                      0       0         2048   
       Stack:                     0       0         2048   
       Linker Generated:          0       79        0      
    +--+--------------------------+-------+---------+---------+
       Grand Total:               18900   4462      4361   


LINKER GENERATED COPY TABLES

__TI_cinit_table @ 20009b48 records: 2, size/record: 8, table size: 16
	.data: load addr=20009b08, load size=0000002b bytes, run addr=200178cc, run size=00000040 bytes, compression=lzss
	.bss: load addr=20009b40, load size=00000008 bytes, run addr=20017800, run size=000000cc bytes, compression=zero_init


LINKER GENERATED HANDLER TABLE

__TI_handler_table @ 20009b34 records: 3, size/record: 4, table size: 12
	index: 0, handler: __TI_decompress_lzss
	index: 1, handler: __TI_decompress_none
	index: 2, handler: __TI_zero_init


GLOBAL SYMBOLS: SORTED ALPHABETICALLY BY Name 

address   name                           
-------   ----                           
20006761  Adafruit_Init                  
20008809  C$$EXIT                        
20008d51  CPUcpsie                       
20007249  ClearTerm                      
200068f9  Color565                       
20007253  Error                          
200089f9  GPIODirModeSet                 
20008b7f  GPIOPinWrite                   
2000728b  GetCmd                         
20007209  InitTerm                       
20008019  IntEnable                      
20008dc9  IntMasterEnable                
20008d65  IntVTableBaseSet               
20006f6d  MasterMain                     
20007227  Message                        
20005ecb  Outstr                         
20007835  PRCMCC3200MCUInit              
20008cf9  PRCMHIBRegRead                 
20008d0f  PRCMHIBRegWrite                
20008aed  PRCMPeripheralClkDisable       
200089bd  PRCMPeripheralClkEnable        
200081fd  PRCMPeripheralClockGet         
20008759  PRCMPeripheralReset            
20008ac1  PRCMSysResetCauseGet           
20008291  PinConfigSet                   
2000893d  PinModeSet                     
20007ae5  PinMuxConfig                   
20008a2f  PinTypeGPIO                    
20008c33  PinTypeSPI                     
20008c4d  PinTypeUART                    
200073c9  Report                         
20008daf  ResetISR                       
UNDEFED   SHT$$INIT_ARRAY$$Base          
UNDEFED   SHT$$INIT_ARRAY$$Limit         
20008c67  SPICSDisable                   
20008c7f  SPICSEnable                    
200080c1  SPIConfigSetExpClk             
20008b9f  SPIDataGet                     
20008bbf  SPIDataPut                     
20008c97  SPIDisable                     
20008caf  SPIEnable                      
20008b5d  SPIReset                       
20008319  SPITransfer                    
20007331  TrimSpace                      
20008d25  UARTCharGet                    
20008bfb  UARTCharGetNonBlocking         
20008bdd  UARTCharPut                    
20008cc7  UARTCharsAvail                 
200085af  UARTConfigSetExpClk            
20008a61  UARTDisable                    
20008b15  UARTEnable                     
20008ddb  UtilsDelay                     
20030000  __STACK_END                    
00000800  __STACK_SIZE                   
00000800  __SYSMEM_SIZE                  
20009b48  __TI_CINIT_Base                
20009b58  __TI_CINIT_Limit               
20009b34  __TI_Handler_Table_Base        
20009b40  __TI_Handler_Table_Limit       
20008625  __TI_auto_init                 
200178e4  __TI_cleanup_ptr               
20008695  __TI_decompress_lzss           
20008da1  __TI_decompress_none           
200178e8  __TI_dtors_ptr                 
200178ec  __TI_enable_exit_profile_output
ffffffff  __TI_pprof_out_hndl            
20004c35  __TI_printfi                   
ffffffff  __TI_prof_data_size            
ffffffff  __TI_prof_data_start           
20009b08  __TI_static_base__             
20008dbd  __TI_zero_init                 
20008429  __aeabi_cdcmpeq                
20008429  __aeabi_cdcmple                
200084af  __aeabi_cdrcmple               
200088f5  __aeabi_d2iz                   
20007687  __aeabi_dadd                   
200079ad  __aeabi_ddiv                   
20007bf5  __aeabi_dmul                   
2000767d  __aeabi_dsub                   
20008a91  __aeabi_i2d                    
20008535  __aeabi_memclr                 
20008535  __aeabi_memclr4                
20008535  __aeabi_memclr8                
20008161  __aeabi_memcpy                 
20008161  __aeabi_memcpy4                
20008161  __aeabi_memcpy8                
20008537  __aeabi_memset                 
20008537  __aeabi_memset4                
20008537  __aeabi_memset8                
20007489  __aeabi_uldivmod               
ffffffff  __binit__                      
ffffffff  __c_args__                     
2000551f  __mpu_init                     
2002f800  __stack                        
20008ce1  _args_main                     
2000897d  _c_int00                       
200097da  _ctypes_                       
200178fc  _lock                          
20008d87  _nop                           
20008d7f  _register_lock                 
20008d79  _register_unlock               
20017000  _sys_memory                    
200066b3  _system_post_cinit             
20008de1  _system_pre_init               
20017900  _unlock                        
2000880d  abort                          
2000885d  atoi                           
ffffffff  binit                          
20006f3d  calloc                         
200088a9  copy_in                        
20008dd3  copysign                       
20008dd3  copysignl                      
200178cc  cursor_x                       
200178d0  cursor_y                       
20005fa1  delay                          
20005d7f  drawChar                       
20005521  drawCircle                     
20005655  drawCircleHelper               
20006aa5  drawFastHLine                  
20006a05  drawFastVLine                  
2000589b  drawLine                       
20006b41  drawPixel                      
20005987  drawRect                       
200059d5  drawRoundRect                  
20005b3d  drawTriangle                   
20017904  errno                          
20008815  exit                           
20005773  fillCircle                     
200057ad  fillCircleHelper               
20006951  fillRect                       
20005ac3  fillRoundRect                  
2000693b  fillScreen                     
20005b7f  fillTriangle                   
20006c87  free                           
200086fd  frexp                          
200086fd  frexpl                         
20004000  g_pfnVectors                   
200068b5  goTo                           
20005f7f  height                         
20006b7f  invert                         
20006513  lcdTestPattern                 
200065e3  lcdTestPattern2                
20007dc1  ldexp                          
20007dc1  ldexpl                         
200087b1  ltoa                           
20007037  main                           
20017908  main_func_sp                   
20006c1d  malloc                         
20006e51  memalign                       
20008c17  memccpy                        
20008161  memcpy                         
20008b39  memmove                        
2000853d  memset                         
20006b9d  minit                          
20006d49  realloc                        
20007dc1  scalbn                         
20007dc1  scalbnl                        
20005f17  setCursor                      
20005f4f  setTextColor                   
20005f2f  setTextSize                    
20005f67  setTextWrap                    
20008d3b  strchr                         
20008d8d  strlen                         
200061d7  testdrawcircles                
20006047  testdrawrects                  
20005fd5  testfastlines                  
20006165  testfillcircles                
200060a7  testfillrects                  
20006345  testlines                      
200062d3  testroundrects                 
20006251  testtriangles                  
200178dc  textbgcolor                    
200178d8  textcolor                      
200178d4  textsize                       
200083a1  vsnprintf                      
20005f7b  width                          
200178e0  wrap                           
200066b5  writeCommand                   
2000670b  writeData                      


GLOBAL SYMBOLS: SORTED BY Symbol Address 

address   name                           
-------   ----                           
00000800  __STACK_SIZE                   
00000800  __SYSMEM_SIZE                  
20004000  g_pfnVectors                   
20004c35  __TI_printfi                   
2000551f  __mpu_init                     
20005521  drawCircle                     
20005655  drawCircleHelper               
20005773  fillCircle                     
200057ad  fillCircleHelper               
2000589b  drawLine                       
20005987  drawRect                       
200059d5  drawRoundRect                  
20005ac3  fillRoundRect                  
20005b3d  drawTriangle                   
20005b7f  fillTriangle                   
20005d7f  drawChar                       
20005ecb  Outstr                         
20005f17  setCursor                      
20005f2f  setTextSize                    
20005f4f  setTextColor                   
20005f67  setTextWrap                    
20005f7b  width                          
20005f7f  height                         
20005fa1  delay                          
20005fd5  testfastlines                  
20006047  testdrawrects                  
200060a7  testfillrects                  
20006165  testfillcircles                
200061d7  testdrawcircles                
20006251  testtriangles                  
200062d3  testroundrects                 
20006345  testlines                      
20006513  lcdTestPattern                 
200065e3  lcdTestPattern2                
200066b3  _system_post_cinit             
200066b5  writeCommand                   
2000670b  writeData                      
20006761  Adafruit_Init                  
200068b5  goTo                           
200068f9  Color565                       
2000693b  fillScreen                     
20006951  fillRect                       
20006a05  drawFastVLine                  
20006aa5  drawFastHLine                  
20006b41  drawPixel                      
20006b7f  invert                         
20006b9d  minit                          
20006c1d  malloc                         
20006c87  free                           
20006d49  realloc                        
20006e51  memalign                       
20006f3d  calloc                         
20006f6d  MasterMain                     
20007037  main                           
20007209  InitTerm                       
20007227  Message                        
20007249  ClearTerm                      
20007253  Error                          
2000728b  GetCmd                         
20007331  TrimSpace                      
200073c9  Report                         
20007489  __aeabi_uldivmod               
2000767d  __aeabi_dsub                   
20007687  __aeabi_dadd                   
20007835  PRCMCC3200MCUInit              
200079ad  __aeabi_ddiv                   
20007ae5  PinMuxConfig                   
20007bf5  __aeabi_dmul                   
20007dc1  ldexp                          
20007dc1  ldexpl                         
20007dc1  scalbn                         
20007dc1  scalbnl                        
20008019  IntEnable                      
200080c1  SPIConfigSetExpClk             
20008161  __aeabi_memcpy                 
20008161  __aeabi_memcpy4                
20008161  __aeabi_memcpy8                
20008161  memcpy                         
200081fd  PRCMPeripheralClockGet         
20008291  PinConfigSet                   
20008319  SPITransfer                    
200083a1  vsnprintf                      
20008429  __aeabi_cdcmpeq                
20008429  __aeabi_cdcmple                
200084af  __aeabi_cdrcmple               
20008535  __aeabi_memclr                 
20008535  __aeabi_memclr4                
20008535  __aeabi_memclr8                
20008537  __aeabi_memset                 
20008537  __aeabi_memset4                
20008537  __aeabi_memset8                
2000853d  memset                         
200085af  UARTConfigSetExpClk            
20008625  __TI_auto_init                 
20008695  __TI_decompress_lzss           
200086fd  frexp                          
200086fd  frexpl                         
20008759  PRCMPeripheralReset            
200087b1  ltoa                           
20008809  C$$EXIT                        
2000880d  abort                          
20008815  exit                           
2000885d  atoi                           
200088a9  copy_in                        
200088f5  __aeabi_d2iz                   
2000893d  PinModeSet                     
2000897d  _c_int00                       
200089bd  PRCMPeripheralClkEnable        
200089f9  GPIODirModeSet                 
20008a2f  PinTypeGPIO                    
20008a61  UARTDisable                    
20008a91  __aeabi_i2d                    
20008ac1  PRCMSysResetCauseGet           
20008aed  PRCMPeripheralClkDisable       
20008b15  UARTEnable                     
20008b39  memmove                        
20008b5d  SPIReset                       
20008b7f  GPIOPinWrite                   
20008b9f  SPIDataGet                     
20008bbf  SPIDataPut                     
20008bdd  UARTCharPut                    
20008bfb  UARTCharGetNonBlocking         
20008c17  memccpy                        
20008c33  PinTypeSPI                     
20008c4d  PinTypeUART                    
20008c67  SPICSDisable                   
20008c7f  SPICSEnable                    
20008c97  SPIDisable                     
20008caf  SPIEnable                      
20008cc7  UARTCharsAvail                 
20008ce1  _args_main                     
20008cf9  PRCMHIBRegRead                 
20008d0f  PRCMHIBRegWrite                
20008d25  UARTCharGet                    
20008d3b  strchr                         
20008d51  CPUcpsie                       
20008d65  IntVTableBaseSet               
20008d79  _register_unlock               
20008d7f  _register_lock                 
20008d87  _nop                           
20008d8d  strlen                         
20008da1  __TI_decompress_none           
20008daf  ResetISR                       
20008dbd  __TI_zero_init                 
20008dc9  IntMasterEnable                
20008dd3  copysign                       
20008dd3  copysignl                      
20008ddb  UtilsDelay                     
20008de1  _system_pre_init               
200097da  _ctypes_                       
20009b08  __TI_static_base__             
20009b34  __TI_Handler_Table_Base        
20009b40  __TI_Handler_Table_Limit       
20009b48  __TI_CINIT_Base                
20009b58  __TI_CINIT_Limit               
20017000  _sys_memory                    
200178cc  cursor_x                       
200178d0  cursor_y                       
200178d4  textsize                       
200178d8  textcolor                      
200178dc  textbgcolor                    
200178e0  wrap                           
200178e4  __TI_cleanup_ptr               
200178e8  __TI_dtors_ptr                 
200178ec  __TI_enable_exit_profile_output
200178fc  _lock                          
20017900  _unlock                        
20017904  errno                          
20017908  main_func_sp                   
2002f800  __stack                        
20030000  __STACK_END                    
ffffffff  __TI_pprof_out_hndl            
ffffffff  __TI_prof_data_size            
ffffffff  __TI_prof_data_start           
ffffffff  __binit__                      
ffffffff  __c_args__                     
ffffffff  binit                          
UNDEFED   SHT$$INIT_ARRAY$$Base          
UNDEFED   SHT$$INIT_ARRAY$$Limit         

[179 symbols]
