******************************************************************************
                  TI ARM Linker PC v16.9.0                     
******************************************************************************
>> Linked Tue Apr 12 19:55:09 2022

OUTPUT FILE NAME:   <Ballgame.out>
ENTRY POINT SYMBOL: "_c_int00"  address: 20008685


MEMORY CONFIGURATION

         name            origin    length      used     unused   attr    fill
----------------------  --------  ---------  --------  --------  ----  --------
  SRAM_CODE             20004000   00013000  000054ec  0000db14  RW X
  SRAM_DATA             20017000   00019000  00001048  00017fb8  RW X


SEGMENT ALLOCATION MAP

run origin  load origin   length   init length attrs members
----------  ----------- ---------- ----------- ----- -------
20004000    20004000    000054f0   000054f0    r-x
  20004000    20004000    00000400   00000400    r-- .intvecs
  20004400    20004400    00004878   00004878    r-x .text
  20008c78    20008c78    00000824   00000824    r-- .const
  200094a0    200094a0    00000050   00000050    r-- .cinit
20017000    20017000    00000848   00000000    rw-
  20017000    20017000    00000800   00000000    rw- .sysmem
  20017800    20017800    00000044   00000000    rw- .data
  20017844    20017844    00000004   00000000    rw- .bss
2002f800    2002f800    00000800   00000000    rw-
  2002f800    2002f800    00000800   00000000    rw- .stack


SECTION ALLOCATION MAP

 output                                  attributes/
section   page    origin      length       input sections
--------  ----  ----------  ----------   ----------------
.intvecs   0    20004000    00000400     
                  20004000    00000400     startup_ccs.obj (.intvecs)

.init_array 
*          0    20004000    00000000     UNINITIALIZED

.text      0    20004400    00004878     
                  20004400    0000111e     rtsv7M4_T_le_eabi.lib : _printfi.obj (.text)
                  2000551e    00000002                           : mpu_init.obj (.text)
                  20005520    00000a80     Adafruit_GFX.obj (.text)
                  20005fa0    000005e8     main.obj (.text)
                  20006588    000004ea     Adafruit_OLED.obj (.text)
                  20006a72    00000002     rtsv7M4_T_le_eabi.lib : startup.obj (.text)
                  20006a74    000003d0                           : memory.obj (.text)
                  20006e44    00000284     i2c_if.obj (.text)
                  200070c8    00000280     uart_if.obj (.text)
                  20007348    000001f4     rtsv7M4_T_le_eabi.lib : ull_div_t2.obj (.text)
                  2000753c    000001b6                           : fd_add_t2.obj (.text)
                  200076f2    00000002     --HOLE-- [fill = 0]
                  200076f4    00000178     driverlib.a : prcm.obj (.text:PRCMCC3200MCUInit)
                  2000786c    00000136     rtsv7M4_T_le_eabi.lib : fd_div_t2.obj (.text)
                  200079a2    00000002     --HOLE-- [fill = 0]
                  200079a4    00000114                           : strtoul.obj (.text)
                  20007ab8    000000fc                           : fd_mul_t2.obj (.text)
                  20007bb4    000000d0                           : s_scalbn.obj (.text)
                  20007c84    000000a8     driverlib.a : interrupt.obj (.text:IntEnable)
                  20007d2c    000000a0                 : spi.obj (.text:SPIConfigSetExpClk)
                  20007dcc    000000a0     pin_mux_config.obj (.text)
                  20007e6c    0000009c     rtsv7M4_T_le_eabi.lib : memcpy_t2.obj (.text)
                  20007f08    00000094     driverlib.a : prcm.obj (.text:PRCMPeripheralClockGet)
                  20007f9c    00000088                 : pin.obj (.text:PinConfigSet)
                  20008024    00000088     rtsv7M4_T_le_eabi.lib : vsnprintf.obj (.text)
                  200080ac    00000086                           : fd_cmp_t2.obj (.text:__aeabi_cdcmple)
                  20008132    00000086                           : fd_cmp_t2.obj (.text:__aeabi_cdrcmple)
                  200081b8    00000084     driverlib.a : i2c.obj (.text:I2CMasterInitExpClk)
                  2000823c    0000007a     rtsv7M4_T_le_eabi.lib : memset_t2.obj (.text)
                  200082b6    00000076     driverlib.a : uart.obj (.text:UARTConfigSetExpClk)
                  2000832c    00000070     rtsv7M4_T_le_eabi.lib : autoinit.obj (.text)
                  2000839c    00000068                           : copy_decompress_lzss.obj (.text:decompress:lzss)
                  20008404    0000005c                           : s_frexp.obj (.text)
                  20008460    00000058     driverlib.a : prcm.obj (.text:PRCMPeripheralReset)
                  200084b8    00000056     rtsv7M4_T_le_eabi.lib : ltoa.obj (.text)
                  2000850e    00000002     --HOLE-- [fill = 0]
                  20008510    00000054                           : exit.obj (.text)
                  20008564    0000004c                           : atoi.obj (.text)
                  200085b0    0000004c                           : cpy_tbl.obj (.text)
                  200085fc    00000048                           : fd_toi_t2.obj (.text)
                  20008644    00000040     driverlib.a : pin.obj (.text:PinModeSet)
                  20008684    00000040     rtsv7M4_T_le_eabi.lib : boot.obj (.text)
                  200086c4    00000040                           : strtok.obj (.text)
                  20008704    0000003c     driverlib.a : prcm.obj (.text:PRCMPeripheralClkEnable)
                  20008740    00000036                 : gpio.obj (.text:GPIODirModeSet)
                  20008776    00000030                 : pin.obj (.text:PinTypeGPIO)
                  200087a6    00000002     --HOLE-- [fill = 0]
                  200087a8    00000030                 : uart.obj (.text:UARTDisable)
                  200087d8    0000002e     rtsv7M4_T_le_eabi.lib : i_tofd_t2.obj (.text)
                  20008806    0000002c     driverlib.a : i2c.obj (.text:I2CMasterErr)
                  20008832    00000002     --HOLE-- [fill = 0]
                  20008834    0000002c                 : prcm.obj (.text:PRCMSysResetCauseGet)
                  20008860    0000002a     rtsv7M4_T_le_eabi.lib : strspn.obj (.text)
                  2000888a    00000002     --HOLE-- [fill = 0]
                  2000888c    00000028     driverlib.a : prcm.obj (.text:PRCMPeripheralClkDisable)
                  200088b4    00000024                 : uart.obj (.text:UARTEnable)
                  200088d8    00000024     rtsv7M4_T_le_eabi.lib : memmov.obj (.text)
                  200088fc    00000024                           : strcspn.obj (.text)
                  20008920    00000022     driverlib.a : i2c.obj (.text:I2CMasterSlaveAddrSet)
                  20008942    00000022                 : spi.obj (.text:SPIReset)
                  20008964    00000020                 : gpio.obj (.text:GPIOPinWrite)
                  20008984    00000020                 : spi.obj (.text:SPIDataGet)
                  200089a4    0000001e                 : i2c.obj (.text:I2CMasterIntStatusEx)
                  200089c2    0000001e                 : spi.obj (.text:SPIDataPut)
                  200089e0    0000001e                 : uart.obj (.text:UARTCharPut)
                  200089fe    0000001c                 : pin.obj (.text:PinTypeI2C)
                  20008a1a    0000001c                 : uart.obj (.text:UARTCharGetNonBlocking)
                  20008a36    0000001c     rtsv7M4_T_le_eabi.lib : memccpy.obj (.text)
                  20008a52    0000001a     driverlib.a : pin.obj (.text:PinTypeSPI)
                  20008a6c    0000001a                 : pin.obj (.text:PinTypeUART)
                  20008a86    00000018                 : spi.obj (.text:SPICSDisable)
                  20008a9e    00000018                 : spi.obj (.text:SPICSEnable)
                  20008ab6    00000018                 : spi.obj (.text:SPIDisable)
                  20008ace    00000018                 : spi.obj (.text:SPIEnable)
                  20008ae6    00000018                 : uart.obj (.text:UARTCharsAvail)
                  20008afe    00000002     --HOLE-- [fill = 0]
                  20008b00    00000018     rtsv7M4_T_le_eabi.lib : args_main.obj (.text)
                  20008b18    00000018                           : strcmp.obj (.text)
                  20008b30    00000016     driverlib.a : i2c.obj (.text:I2CMasterDataPut)
                  20008b46    00000016                 : i2c.obj (.text:I2CMasterEnable)
                  20008b5c    00000016                 : prcm.obj (.text:PRCMHIBRegRead)
                  20008b72    00000016                 : prcm.obj (.text:PRCMHIBRegWrite)
                  20008b88    00000016     rtsv7M4_T_le_eabi.lib : strchr.obj (.text)
                  20008b9e    00000014     driverlib.a : cpu.obj (.text:CPUcpsie)
                  20008bb2    00000002     --HOLE-- [fill = 0]
                  20008bb4    00000014                 : interrupt.obj (.text:IntVTableBaseSet)
                  20008bc8    00000014     rtsv7M4_T_le_eabi.lib : _lock.obj (.text)
                  20008bdc    00000014                           : strlen.obj (.text)
                  20008bf0    00000012     driverlib.a : i2c.obj (.text:I2CMasterControl)
                  20008c02    00000012                 : i2c.obj (.text:I2CMasterIntClearEx)
                  20008c14    00000012                 : i2c.obj (.text:I2CMasterTimeoutSet)
                  20008c26    0000000e                 : i2c.obj (.text:I2CMasterDataGet)
                  20008c34    0000000e     rtsv7M4_T_le_eabi.lib : copy_decompress_none.obj (.text:decompress:none)
                  20008c42    0000000e     startup_ccs.obj (.text)
                  20008c50    0000000c     rtsv7M4_T_le_eabi.lib : copy_zero_init.obj (.text:decompress:ZI)
                  20008c5c    0000000a     driverlib.a : interrupt.obj (.text:IntMasterEnable)
                  20008c66    00000008     rtsv7M4_T_le_eabi.lib : s_copysign.obj (.text)
                  20008c6e    00000006     driverlib.a : utils.obj (.text:UtilsDelay)
                  20008c74    00000004     rtsv7M4_T_le_eabi.lib : pre_init.obj (.text)

.const     0    20008c78    00000824     
                  20008c78    000004fb     Adafruit_GFX.obj (.const:.string:font)
                  20009173    00000101     rtsv7M4_T_le_eabi.lib : ctype.obj (.const:.string:_ctypes_)
                  20009274    00000100     driverlib.a : pin.obj (.const:g_ulPinToPadMap)
                  20009374    000000a8                 : prcm.obj (.const:PRCM_PeriphRegsList)
                  2000941c    00000080                 : interrupt.obj (.const)

.cinit     0    200094a0    00000050     
                  200094a0    0000002c     (.cinit..data.load) [load image, compression = lzss]
                  200094cc    0000000c     (__TI_handler_table)
                  200094d8    00000008     (.cinit..bss.load) [load image, compression = zero_init]
                  200094e0    00000010     (__TI_cinit_table)

.sysmem    0    20017000    00000800     UNINITIALIZED
                  20017000    00000008     rtsv7M4_T_le_eabi.lib : memory.obj (.sysmem)
                  20017008    000007f8     --HOLE--

.data      0    20017800    00000044     UNINITIALIZED
                  20017800    00000015     Adafruit_GFX.obj (.data)
                  20017815    00000003     --HOLE--
                  20017818    0000000c     rtsv7M4_T_le_eabi.lib : exit.obj (.data:$O1$$)
                  20017824    0000000c                           : memory.obj (.data:$O1$$)
                  20017830    00000008                           : _lock.obj (.data:$O1$$)
                  20017838    00000004                           : errno.obj (.data)
                  2001783c    00000004                           : stkdepth_vars.obj (.data)
                  20017840    00000004                           : strtok.obj (.data)

.bss       0    20017844    00000004     UNINITIALIZED
                  20017844    00000004     uart_if.obj (.bss)

.stack     0    2002f800    00000800     UNINITIALIZED
                  2002f800    00000800     --HOLE--

MODULE SUMMARY

       Module                     code    ro data   rw data
       ------                     ----    -------   -------
    .\
       Adafruit_GFX.obj           2688    1275      21     
       main.obj                   1512    0         0      
       Adafruit_OLED.obj          1258    0         0      
       startup_ccs.obj            14      1024      0      
       i2c_if.obj                 644     0         0      
       uart_if.obj                640     0         4      
       pin_mux_config.obj         160     0         0      
    +--+--------------------------+-------+---------+---------+
       Total:                     6916    2299      25     
                                                           
    C:/ti/CC3200SDK_1.2.0/cc3200-sdk/driverlib/ccs/Release/driverlib.a
       prcm.obj                   800     168       0      
       pin.obj                    328     256       0      
       i2c.obj                    352     0         0      
       spi.obj                    352     0         0      
       interrupt.obj              198     128       0      
       uart.obj                   284     0         0      
       gpio.obj                   86      0         0      
       cpu.obj                    20      0         0      
       utils.obj                  6       0         0      
    +--+--------------------------+-------+---------+---------+
       Total:                     2426    552       0      
                                                           
    C:\ti\ccsv7\tools\compiler\ti-cgt-arm_16.9.0.LTS\lib\rtsv7M4_T_le_eabi.lib
       _printfi.obj               4382    0         0      
       memory.obj                 976     0         12     
       ull_div_t2.obj             500     0         0      
       fd_add_t2.obj              438     0         0      
       fd_div_t2.obj              310     0         0      
       strtoul.obj                276     0         0      
       fd_cmp_t2.obj              268     0         0      
       ctype.obj                  0       257       0      
       fd_mul_t2.obj              252     0         0      
       s_scalbn.obj               208     0         0      
       memcpy_t2.obj              156     0         0      
       vsnprintf.obj              136     0         0      
       memset_t2.obj              122     0         0      
       autoinit.obj               112     0         0      
       copy_decompress_lzss.obj   104     0         0      
       exit.obj                   84      0         12     
       s_frexp.obj                92      0         0      
       ltoa.obj                   86      0         0      
       atoi.obj                   76      0         0      
       cpy_tbl.obj                76      0         0      
       fd_toi_t2.obj              72      0         0      
       strtok.obj                 64      0         4      
       boot.obj                   64      0         0      
       i_tofd_t2.obj              46      0         0      
       strspn.obj                 42      0         0      
       memmov.obj                 36      0         0      
       strcspn.obj                36      0         0      
       _lock.obj                  20      0         8      
       memccpy.obj                28      0         0      
       args_main.obj              24      0         0      
       strcmp.obj                 24      0         0      
       strchr.obj                 22      0         0      
       strlen.obj                 20      0         0      
       copy_decompress_none.obj   14      0         0      
       copy_zero_init.obj         12      0         0      
       s_copysign.obj             8       0         0      
       errno.obj                  0       0         4      
       pre_init.obj               4       0         0      
       stkdepth_vars.obj          0       0         4      
       mpu_init.obj               2       0         0      
       startup.obj                2       0         0      
    +--+--------------------------+-------+---------+---------+
       Total:                     9194    257       44     
                                                           
       Heap:                      0       0         2048   
       Stack:                     0       0         2048   
       Linker Generated:          0       80        0      
    +--+--------------------------+-------+---------+---------+
       Grand Total:               18536   3188      4165   


LINKER GENERATED COPY TABLES

__TI_cinit_table @ 200094e0 records: 2, size/record: 8, table size: 16
	.data: load addr=200094a0, load size=0000002c bytes, run addr=20017800, run size=00000044 bytes, compression=lzss
	.bss: load addr=200094d8, load size=00000008 bytes, run addr=20017844, run size=00000004 bytes, compression=zero_init


LINKER GENERATED HANDLER TABLE

__TI_handler_table @ 200094cc records: 3, size/record: 4, table size: 12
	index: 0, handler: __TI_decompress_lzss
	index: 1, handler: __TI_decompress_none
	index: 2, handler: __TI_zero_init


GLOBAL SYMBOLS: SORTED ALPHABETICALLY BY Name 

address   name                           
-------   ----                           
20006635  Adafruit_Init                  
20008511  C$$EXIT                        
20008b9f  CPUcpsie                       
20007109  ClearTerm                      
200067cb  Color565                       
20005fa1  DisplayBuffer                  
20007113  Error                          
20008741  GPIODirModeSet                 
20008965  GPIOPinWrite                   
2000714b  GetCmd                         
20008bf1  I2CMasterControl               
20008c27  I2CMasterDataGet               
20008b31  I2CMasterDataPut               
20008b47  I2CMasterEnable                
20008807  I2CMasterErr                   
200081b9  I2CMasterInitExpClk            
20008c03  I2CMasterIntClearEx            
200089a5  I2CMasterIntStatusEx           
20008921  I2CMasterSlaveAddrSet          
20008c15  I2CMasterTimeoutSet            
200070b3  I2C_IF_Close                   
2000706b  I2C_IF_Open                    
20006f69  I2C_IF_Read                    
20007025  I2C_IF_ReadFrom                
20006eb9  I2C_IF_Write                   
200070c9  InitTerm                       
20007c85  IntEnable                      
20008c5d  IntMasterEnable                
20008bb5  IntVTableBaseSet               
200070e7  Message                        
20005ecb  Outstr                         
200076f5  PRCMCC3200MCUInit              
20008b5d  PRCMHIBRegRead                 
20008b73  PRCMHIBRegWrite                
2000888d  PRCMPeripheralClkDisable       
20008705  PRCMPeripheralClkEnable        
20007f09  PRCMPeripheralClockGet         
20008461  PRCMPeripheralReset            
20008835  PRCMSysResetCauseGet           
20006359  ParseNProcessCmd               
20007f9d  PinConfigSet                   
20008645  PinModeSet                     
20007dcd  PinMuxConfig                   
20008777  PinTypeGPIO                    
200089ff  PinTypeI2C                     
20008a53  PinTypeSPI                     
20008a6d  PinTypeUART                    
20006001  ProcessReadCommand             
20006087  ProcessReadRegCommand          
2000626f  ProcessWriteCommand            
20006141  ProcessWriteRegCommand         
20007289  Report                         
20008c43  ResetISR                       
UNDEFED   SHT$$INIT_ARRAY$$Base          
UNDEFED   SHT$$INIT_ARRAY$$Limit         
20008a87  SPICSDisable                   
20008a9f  SPICSEnable                    
20007d2d  SPIConfigSetExpClk             
20008985  SPIDataGet                     
200089c3  SPIDataPut                     
20008ab7  SPIDisable                     
20008acf  SPIEnable                      
20008943  SPIReset                       
200071f1  TrimSpace                      
20008a1b  UARTCharGetNonBlocking         
200089e1  UARTCharPut                    
20008ae7  UARTCharsAvail                 
200082b7  UARTConfigSetExpClk            
200087a9  UARTDisable                    
200088b5  UARTEnable                     
20008c6f  UtilsDelay                     
20030000  __STACK_END                    
00000800  __STACK_SIZE                   
00000800  __SYSMEM_SIZE                  
200094e0  __TI_CINIT_Base                
200094f0  __TI_CINIT_Limit               
200094cc  __TI_Handler_Table_Base        
200094d8  __TI_Handler_Table_Limit       
2000832d  __TI_auto_init                 
20017818  __TI_cleanup_ptr               
2000839d  __TI_decompress_lzss           
20008c35  __TI_decompress_none           
2001781c  __TI_dtors_ptr                 
20017820  __TI_enable_exit_profile_output
ffffffff  __TI_pprof_out_hndl            
20004c35  __TI_printfi                   
ffffffff  __TI_prof_data_size            
ffffffff  __TI_prof_data_start           
200094a0  __TI_static_base__             
20008c51  __TI_zero_init                 
200080ad  __aeabi_cdcmpeq                
200080ad  __aeabi_cdcmple                
20008133  __aeabi_cdrcmple               
200085fd  __aeabi_d2iz                   
20007547  __aeabi_dadd                   
2000786d  __aeabi_ddiv                   
20007ab9  __aeabi_dmul                   
2000753d  __aeabi_dsub                   
200087d9  __aeabi_i2d                    
2000823d  __aeabi_memclr                 
2000823d  __aeabi_memclr4                
2000823d  __aeabi_memclr8                
20007e6d  __aeabi_memcpy                 
20007e6d  __aeabi_memcpy4                
20007e6d  __aeabi_memcpy8                
2000823f  __aeabi_memset                 
2000823f  __aeabi_memset4                
2000823f  __aeabi_memset8                
20007349  __aeabi_uldivmod               
ffffffff  __binit__                      
ffffffff  __c_args__                     
2000551f  __mpu_init                     
2002f800  __stack                        
20008b01  _args_main                     
20008685  _c_int00                       
20009173  _ctypes_                       
20017830  _lock                          
20008bd7  _nop                           
20008bcf  _register_lock                 
20008bc9  _register_unlock               
20017000  _sys_memory                    
20006a73  _system_post_cinit             
20008c75  _system_pre_init               
20017834  _unlock                        
20008515  abort                          
20008565  atoi                           
ffffffff  binit                          
20006e15  calloc                         
200085b1  copy_in                        
20008c67  copysign                       
20008c67  copysignl                      
20017800  cursor_x                       
20017804  cursor_y                       
20005d7f  drawChar                       
20005521  drawCircle                     
20005655  drawCircleHelper               
2000697d  drawFastHLine                  
200068d9  drawFastVLine                  
2000589b  drawLine                       
20006a19  drawPixel                      
20005987  drawRect                       
200059d5  drawRoundRect                  
20005b3d  drawTriangle                   
20017838  errno                          
2000851d  exit                           
20005773  fillCircle                     
200057ad  fillCircleHelper               
20006823  fillRect                       
20005ac3  fillRoundRect                  
2000680d  fillScreen                     
20005b7f  fillTriangle                   
20006b5f  free                           
20008405  frexp                          
20008405  frexpl                         
20004000  g_pfnVectors                   
20006787  goTo                           
20005f7f  height                         
20006a57  invert                         
20007bb5  ldexp                          
20007bb5  ldexpl                         
200084b9  ltoa                           
2000640f  main                           
2001783c  main_func_sp                   
20006af5  malloc                         
20006d29  memalign                       
20008a37  memccpy                        
20007e6d  memcpy                         
200088d9  memmove                        
20008245  memset                         
20006a75  minit                          
20006c21  realloc                        
20007bb5  scalbn                         
20007bb5  scalbnl                        
20005f17  setCursor                      
20005f4f  setTextColor                   
20005f2f  setTextSize                    
20005f67  setTextWrap                    
20008b89  strchr                         
20008b19  strcmp                         
200088fd  strcspn                        
20008bdd  strlen                         
20008861  strspn                         
200086c5  strtok                         
200079a5  strtoul                        
20017810  textbgcolor                    
2001780c  textcolor                      
20017808  textsize                       
20008025  vsnprintf                      
20005f7b  width                          
20017814  wrap                           
20006589  writeCommand                   
200065df  writeData                      


GLOBAL SYMBOLS: SORTED BY Symbol Address 

address   name                           
-------   ----                           
00000800  __STACK_SIZE                   
00000800  __SYSMEM_SIZE                  
20004000  g_pfnVectors                   
20004c35  __TI_printfi                   
2000551f  __mpu_init                     
20005521  drawCircle                     
20005655  drawCircleHelper               
20005773  fillCircle                     
200057ad  fillCircleHelper               
2000589b  drawLine                       
20005987  drawRect                       
200059d5  drawRoundRect                  
20005ac3  fillRoundRect                  
20005b3d  drawTriangle                   
20005b7f  fillTriangle                   
20005d7f  drawChar                       
20005ecb  Outstr                         
20005f17  setCursor                      
20005f2f  setTextSize                    
20005f4f  setTextColor                   
20005f67  setTextWrap                    
20005f7b  width                          
20005f7f  height                         
20005fa1  DisplayBuffer                  
20006001  ProcessReadCommand             
20006087  ProcessReadRegCommand          
20006141  ProcessWriteRegCommand         
2000626f  ProcessWriteCommand            
20006359  ParseNProcessCmd               
2000640f  main                           
20006589  writeCommand                   
200065df  writeData                      
20006635  Adafruit_Init                  
20006787  goTo                           
200067cb  Color565                       
2000680d  fillScreen                     
20006823  fillRect                       
200068d9  drawFastVLine                  
2000697d  drawFastHLine                  
20006a19  drawPixel                      
20006a57  invert                         
20006a73  _system_post_cinit             
20006a75  minit                          
20006af5  malloc                         
20006b5f  free                           
20006c21  realloc                        
20006d29  memalign                       
20006e15  calloc                         
20006eb9  I2C_IF_Write                   
20006f69  I2C_IF_Read                    
20007025  I2C_IF_ReadFrom                
2000706b  I2C_IF_Open                    
200070b3  I2C_IF_Close                   
200070c9  InitTerm                       
200070e7  Message                        
20007109  ClearTerm                      
20007113  Error                          
2000714b  GetCmd                         
200071f1  TrimSpace                      
20007289  Report                         
20007349  __aeabi_uldivmod               
2000753d  __aeabi_dsub                   
20007547  __aeabi_dadd                   
200076f5  PRCMCC3200MCUInit              
2000786d  __aeabi_ddiv                   
200079a5  strtoul                        
20007ab9  __aeabi_dmul                   
20007bb5  ldexp                          
20007bb5  ldexpl                         
20007bb5  scalbn                         
20007bb5  scalbnl                        
20007c85  IntEnable                      
20007d2d  SPIConfigSetExpClk             
20007dcd  PinMuxConfig                   
20007e6d  __aeabi_memcpy                 
20007e6d  __aeabi_memcpy4                
20007e6d  __aeabi_memcpy8                
20007e6d  memcpy                         
20007f09  PRCMPeripheralClockGet         
20007f9d  PinConfigSet                   
20008025  vsnprintf                      
200080ad  __aeabi_cdcmpeq                
200080ad  __aeabi_cdcmple                
20008133  __aeabi_cdrcmple               
200081b9  I2CMasterInitExpClk            
2000823d  __aeabi_memclr                 
2000823d  __aeabi_memclr4                
2000823d  __aeabi_memclr8                
2000823f  __aeabi_memset                 
2000823f  __aeabi_memset4                
2000823f  __aeabi_memset8                
20008245  memset                         
200082b7  UARTConfigSetExpClk            
2000832d  __TI_auto_init                 
2000839d  __TI_decompress_lzss           
20008405  frexp                          
20008405  frexpl                         
20008461  PRCMPeripheralReset            
200084b9  ltoa                           
20008511  C$$EXIT                        
20008515  abort                          
2000851d  exit                           
20008565  atoi                           
200085b1  copy_in                        
200085fd  __aeabi_d2iz                   
20008645  PinModeSet                     
20008685  _c_int00                       
200086c5  strtok                         
20008705  PRCMPeripheralClkEnable        
20008741  GPIODirModeSet                 
20008777  PinTypeGPIO                    
200087a9  UARTDisable                    
200087d9  __aeabi_i2d                    
20008807  I2CMasterErr                   
20008835  PRCMSysResetCauseGet           
20008861  strspn                         
2000888d  PRCMPeripheralClkDisable       
200088b5  UARTEnable                     
200088d9  memmove                        
200088fd  strcspn                        
20008921  I2CMasterSlaveAddrSet          
20008943  SPIReset                       
20008965  GPIOPinWrite                   
20008985  SPIDataGet                     
200089a5  I2CMasterIntStatusEx           
200089c3  SPIDataPut                     
200089e1  UARTCharPut                    
200089ff  PinTypeI2C                     
20008a1b  UARTCharGetNonBlocking         
20008a37  memccpy                        
20008a53  PinTypeSPI                     
20008a6d  PinTypeUART                    
20008a87  SPICSDisable                   
20008a9f  SPICSEnable                    
20008ab7  SPIDisable                     
20008acf  SPIEnable                      
20008ae7  UARTCharsAvail                 
20008b01  _args_main                     
20008b19  strcmp                         
20008b31  I2CMasterDataPut               
20008b47  I2CMasterEnable                
20008b5d  PRCMHIBRegRead                 
20008b73  PRCMHIBRegWrite                
20008b89  strchr                         
20008b9f  CPUcpsie                       
20008bb5  IntVTableBaseSet               
20008bc9  _register_unlock               
20008bcf  _register_lock                 
20008bd7  _nop                           
20008bdd  strlen                         
20008bf1  I2CMasterControl               
20008c03  I2CMasterIntClearEx            
20008c15  I2CMasterTimeoutSet            
20008c27  I2CMasterDataGet               
20008c35  __TI_decompress_none           
20008c43  ResetISR                       
20008c51  __TI_zero_init                 
20008c5d  IntMasterEnable                
20008c67  copysign                       
20008c67  copysignl                      
20008c6f  UtilsDelay                     
20008c75  _system_pre_init               
20009173  _ctypes_                       
200094a0  __TI_static_base__             
200094cc  __TI_Handler_Table_Base        
200094d8  __TI_Handler_Table_Limit       
200094e0  __TI_CINIT_Base                
200094f0  __TI_CINIT_Limit               
20017000  _sys_memory                    
20017800  cursor_x                       
20017804  cursor_y                       
20017808  textsize                       
2001780c  textcolor                      
20017810  textbgcolor                    
20017814  wrap                           
20017818  __TI_cleanup_ptr               
2001781c  __TI_dtors_ptr                 
20017820  __TI_enable_exit_profile_output
20017830  _lock                          
20017834  _unlock                        
20017838  errno                          
2001783c  main_func_sp                   
2002f800  __stack                        
20030000  __STACK_END                    
ffffffff  __TI_pprof_out_hndl            
ffffffff  __TI_prof_data_size            
ffffffff  __TI_prof_data_start           
ffffffff  __binit__                      
ffffffff  __c_args__                     
ffffffff  binit                          
UNDEFED   SHT$$INIT_ARRAY$$Base          
UNDEFED   SHT$$INIT_ARRAY$$Limit         

[192 symbols]
