******************************************************************************
                  TI ARM Linker PC v16.9.0                     
******************************************************************************
>> Linked Tue Apr 12 20:06:33 2022

OUTPUT FILE NAME:   <Ballgame.out>
ENTRY POINT SYMBOL: "_c_int00"  address: 20008991


MEMORY CONFIGURATION

         name            origin    length      used     unused   attr    fill
----------------------  --------  ---------  --------  --------  ----  --------
  SRAM_CODE             20004000   00013000  00005868  0000d798  RW X
  SRAM_DATA             20017000   00019000  00001048  00017fb8  RW X


SEGMENT ALLOCATION MAP

run origin  load origin   length   init length attrs members
----------  ----------- ---------- ----------- ----- -------
20004000    20004000    00005868   00005868    r-x
  20004000    20004000    00000400   00000400    r-- .intvecs
  20004400    20004400    00004bf4   00004bf4    r-x .text
  20008ff4    20008ff4    00000824   00000824    r-- .const
  20009818    20009818    00000050   00000050    r-- .cinit
20017000    20017000    00000848   00000000    rw-
  20017000    20017000    00000800   00000000    rw- .sysmem
  20017800    20017800    00000044   00000000    rw- .data
  20017844    20017844    00000004   00000000    rw- .bss
2002f800    2002f800    00000800   00000000    rw-
  2002f800    2002f800    00000800   00000000    rw- .stack


SECTION ALLOCATION MAP

 output                                  attributes/
section   page    origin      length       input sections
--------  ----  ----------  ----------   ----------------
.intvecs   0    20004000    00000400     
                  20004000    00000400     startup_ccs.obj (.intvecs)

.init_array 
*          0    20004000    00000000     UNINITIALIZED

.text      0    20004400    00004bf4     
                  20004400    0000111e     rtsv7M4_T_le_eabi.lib : _printfi.obj (.text)
                  2000551e    00000002                           : mpu_init.obj (.text)
                  20005520    00000a80     Adafruit_GFX.obj (.text)
                  20005fa0    000006bc     main.obj (.text)
                  2000665c    000004ea     Adafruit_OLED.obj (.text)
                  20006b46    00000002     rtsv7M4_T_le_eabi.lib : startup.obj (.text)
                  20006b48    000003d0                           : memory.obj (.text)
                  20006f18    00000284     i2c_if.obj (.text)
                  2000719c    00000280     uart_if.obj (.text)
                  2000741c    000001f4     rtsv7M4_T_le_eabi.lib : ull_div_t2.obj (.text)
                  20007610    000001b6                           : fd_add_t2.obj (.text)
                  200077c6    00000002     --HOLE-- [fill = 0]
                  200077c8    00000178     driverlib.a : prcm.obj (.text:PRCMCC3200MCUInit)
                  20007940    00000136     rtsv7M4_T_le_eabi.lib : fd_div_t2.obj (.text)
                  20007a76    00000002     --HOLE-- [fill = 0]
                  20007a78    00000114                           : strtoul.obj (.text)
                  20007b8c    000000fc                           : fd_mul_t2.obj (.text)
                  20007c88    000000fa                           : fs_add_t2.obj (.text)
                  20007d82    00000002     --HOLE-- [fill = 0]
                  20007d84    000000d0                           : s_scalbn.obj (.text)
                  20007e54    000000a8     driverlib.a : interrupt.obj (.text:IntEnable)
                  20007efc    000000a0                 : spi.obj (.text:SPIConfigSetExpClk)
                  20007f9c    000000a0     pin_mux_config.obj (.text)
                  2000803c    0000009c     rtsv7M4_T_le_eabi.lib : memcpy_t2.obj (.text)
                  200080d8    00000094     driverlib.a : prcm.obj (.text:PRCMPeripheralClockGet)
                  2000816c    00000088                 : pin.obj (.text:PinConfigSet)
                  200081f4    00000088     rtsv7M4_T_le_eabi.lib : vsnprintf.obj (.text)
                  2000827c    00000086                           : fd_cmp_t2.obj (.text:__aeabi_cdcmple)
                  20008302    00000086                           : fd_cmp_t2.obj (.text:__aeabi_cdrcmple)
                  20008388    00000084     driverlib.a : i2c.obj (.text:I2CMasterInitExpClk)
                  2000840c    0000007a     rtsv7M4_T_le_eabi.lib : fs_mul_t2.obj (.text)
                  20008486    0000007a                           : memset_t2.obj (.text)
                  20008500    00000076     driverlib.a : uart.obj (.text:UARTConfigSetExpClk)
                  20008576    00000002     --HOLE-- [fill = 0]
                  20008578    00000070     rtsv7M4_T_le_eabi.lib : autoinit.obj (.text)
                  200085e8    00000068                           : copy_decompress_lzss.obj (.text:decompress:lzss)
                  20008650    00000060                           : fs_cmp_t2.obj (.text:__aeabi_cfcmple)
                  200086b0    00000060                           : fs_cmp_t2.obj (.text:__aeabi_cfrcmple)
                  20008710    0000005c                           : s_frexp.obj (.text)
                  2000876c    00000058     driverlib.a : prcm.obj (.text:PRCMPeripheralReset)
                  200087c4    00000056     rtsv7M4_T_le_eabi.lib : ltoa.obj (.text)
                  2000881a    00000002     --HOLE-- [fill = 0]
                  2000881c    00000054                           : exit.obj (.text)
                  20008870    0000004c                           : atoi.obj (.text)
                  200088bc    0000004c                           : cpy_tbl.obj (.text)
                  20008908    00000048                           : fd_toi_t2.obj (.text)
                  20008950    00000040     driverlib.a : pin.obj (.text:PinModeSet)
                  20008990    00000040     rtsv7M4_T_le_eabi.lib : boot.obj (.text)
                  200089d0    00000040                           : strtok.obj (.text)
                  20008a10    0000003c     driverlib.a : prcm.obj (.text:PRCMPeripheralClkEnable)
                  20008a4c    00000038     rtsv7M4_T_le_eabi.lib : fs_toi_t2.obj (.text)
                  20008a84    00000038                           : i_tofs_t2.obj (.text)
                  20008abc    00000036     driverlib.a : gpio.obj (.text:GPIODirModeSet)
                  20008af2    00000030                 : pin.obj (.text:PinTypeGPIO)
                  20008b22    00000002     --HOLE-- [fill = 0]
                  20008b24    00000030                 : uart.obj (.text:UARTDisable)
                  20008b54    0000002e     rtsv7M4_T_le_eabi.lib : i_tofd_t2.obj (.text)
                  20008b82    0000002c     driverlib.a : i2c.obj (.text:I2CMasterErr)
                  20008bae    00000002     --HOLE-- [fill = 0]
                  20008bb0    0000002c                 : prcm.obj (.text:PRCMSysResetCauseGet)
                  20008bdc    0000002a     rtsv7M4_T_le_eabi.lib : strspn.obj (.text)
                  20008c06    00000002     --HOLE-- [fill = 0]
                  20008c08    00000028     driverlib.a : prcm.obj (.text:PRCMPeripheralClkDisable)
                  20008c30    00000024                 : uart.obj (.text:UARTEnable)
                  20008c54    00000024     rtsv7M4_T_le_eabi.lib : memmov.obj (.text)
                  20008c78    00000024                           : strcspn.obj (.text)
                  20008c9c    00000022     driverlib.a : i2c.obj (.text:I2CMasterSlaveAddrSet)
                  20008cbe    00000022                 : spi.obj (.text:SPIReset)
                  20008ce0    00000020                 : gpio.obj (.text:GPIOPinWrite)
                  20008d00    00000020                 : spi.obj (.text:SPIDataGet)
                  20008d20    0000001e                 : i2c.obj (.text:I2CMasterIntStatusEx)
                  20008d3e    0000001e                 : spi.obj (.text:SPIDataPut)
                  20008d5c    0000001e                 : uart.obj (.text:UARTCharPut)
                  20008d7a    0000001c                 : pin.obj (.text:PinTypeI2C)
                  20008d96    0000001c                 : uart.obj (.text:UARTCharGetNonBlocking)
                  20008db2    0000001c     rtsv7M4_T_le_eabi.lib : memccpy.obj (.text)
                  20008dce    0000001a     driverlib.a : pin.obj (.text:PinTypeSPI)
                  20008de8    0000001a                 : pin.obj (.text:PinTypeUART)
                  20008e02    00000018                 : spi.obj (.text:SPICSDisable)
                  20008e1a    00000018                 : spi.obj (.text:SPICSEnable)
                  20008e32    00000018                 : spi.obj (.text:SPIDisable)
                  20008e4a    00000018                 : spi.obj (.text:SPIEnable)
                  20008e62    00000018                 : uart.obj (.text:UARTCharsAvail)
                  20008e7a    00000002     --HOLE-- [fill = 0]
                  20008e7c    00000018     rtsv7M4_T_le_eabi.lib : args_main.obj (.text)
                  20008e94    00000018                           : strcmp.obj (.text)
                  20008eac    00000016     driverlib.a : i2c.obj (.text:I2CMasterDataPut)
                  20008ec2    00000016                 : i2c.obj (.text:I2CMasterEnable)
                  20008ed8    00000016                 : prcm.obj (.text:PRCMHIBRegRead)
                  20008eee    00000016                 : prcm.obj (.text:PRCMHIBRegWrite)
                  20008f04    00000016     rtsv7M4_T_le_eabi.lib : strchr.obj (.text)
                  20008f1a    00000014     driverlib.a : cpu.obj (.text:CPUcpsie)
                  20008f2e    00000002     --HOLE-- [fill = 0]
                  20008f30    00000014                 : interrupt.obj (.text:IntVTableBaseSet)
                  20008f44    00000014     rtsv7M4_T_le_eabi.lib : _lock.obj (.text)
                  20008f58    00000014                           : strlen.obj (.text)
                  20008f6c    00000012     driverlib.a : i2c.obj (.text:I2CMasterControl)
                  20008f7e    00000012                 : i2c.obj (.text:I2CMasterIntClearEx)
                  20008f90    00000012                 : i2c.obj (.text:I2CMasterTimeoutSet)
                  20008fa2    0000000e                 : i2c.obj (.text:I2CMasterDataGet)
                  20008fb0    0000000e     rtsv7M4_T_le_eabi.lib : copy_decompress_none.obj (.text:decompress:none)
                  20008fbe    0000000e     startup_ccs.obj (.text)
                  20008fcc    0000000c     rtsv7M4_T_le_eabi.lib : copy_zero_init.obj (.text:decompress:ZI)
                  20008fd8    0000000a     driverlib.a : interrupt.obj (.text:IntMasterEnable)
                  20008fe2    00000008     rtsv7M4_T_le_eabi.lib : s_copysign.obj (.text)
                  20008fea    00000006     driverlib.a : utils.obj (.text:UtilsDelay)
                  20008ff0    00000004     rtsv7M4_T_le_eabi.lib : pre_init.obj (.text)

.const     0    20008ff4    00000824     
                  20008ff4    000004fb     Adafruit_GFX.obj (.const:.string:font)
                  200094ef    00000101     rtsv7M4_T_le_eabi.lib : ctype.obj (.const:.string:_ctypes_)
                  200095f0    00000100     driverlib.a : pin.obj (.const:g_ulPinToPadMap)
                  200096f0    000000a8                 : prcm.obj (.const:PRCM_PeriphRegsList)
                  20009798    00000080                 : interrupt.obj (.const)

.cinit     0    20009818    00000050     
                  20009818    0000002c     (.cinit..data.load) [load image, compression = lzss]
                  20009844    0000000c     (__TI_handler_table)
                  20009850    00000008     (.cinit..bss.load) [load image, compression = zero_init]
                  20009858    00000010     (__TI_cinit_table)

.sysmem    0    20017000    00000800     UNINITIALIZED
                  20017000    00000008     rtsv7M4_T_le_eabi.lib : memory.obj (.sysmem)
                  20017008    000007f8     --HOLE--

.data      0    20017800    00000044     UNINITIALIZED
                  20017800    00000015     Adafruit_GFX.obj (.data)
                  20017815    00000003     --HOLE--
                  20017818    0000000c     rtsv7M4_T_le_eabi.lib : exit.obj (.data:$O1$$)
                  20017824    0000000c                           : memory.obj (.data:$O1$$)
                  20017830    00000008                           : _lock.obj (.data:$O1$$)
                  20017838    00000004                           : errno.obj (.data)
                  2001783c    00000004                           : stkdepth_vars.obj (.data)
                  20017840    00000004                           : strtok.obj (.data)

.bss       0    20017844    00000004     UNINITIALIZED
                  20017844    00000004     uart_if.obj (.bss)

.stack     0    2002f800    00000800     UNINITIALIZED
                  2002f800    00000800     --HOLE--

MODULE SUMMARY

       Module                     code    ro data   rw data
       ------                     ----    -------   -------
    .\
       Adafruit_GFX.obj           2688    1275      21     
       main.obj                   1724    0         0      
       Adafruit_OLED.obj          1258    0         0      
       startup_ccs.obj            14      1024      0      
       i2c_if.obj                 644     0         0      
       uart_if.obj                640     0         4      
       pin_mux_config.obj         160     0         0      
    +--+--------------------------+-------+---------+---------+
       Total:                     7128    2299      25     
                                                           
    C:/ti/CC3200SDK_1.2.0/cc3200-sdk/driverlib/ccs/Release/driverlib.a
       prcm.obj                   800     168       0      
       pin.obj                    328     256       0      
       i2c.obj                    352     0         0      
       spi.obj                    352     0         0      
       interrupt.obj              198     128       0      
       uart.obj                   284     0         0      
       gpio.obj                   86      0         0      
       cpu.obj                    20      0         0      
       utils.obj                  6       0         0      
    +--+--------------------------+-------+---------+---------+
       Total:                     2426    552       0      
                                                           
    C:\ti\ccsv7\tools\compiler\ti-cgt-arm_16.9.0.LTS\lib\rtsv7M4_T_le_eabi.lib
       _printfi.obj               4382    0         0      
       memory.obj                 976     0         12     
       ull_div_t2.obj             500     0         0      
       fd_add_t2.obj              438     0         0      
       fd_div_t2.obj              310     0         0      
       strtoul.obj                276     0         0      
       fd_cmp_t2.obj              268     0         0      
       ctype.obj                  0       257       0      
       fd_mul_t2.obj              252     0         0      
       fs_add_t2.obj              250     0         0      
       s_scalbn.obj               208     0         0      
       fs_cmp_t2.obj              192     0         0      
       memcpy_t2.obj              156     0         0      
       vsnprintf.obj              136     0         0      
       fs_mul_t2.obj              122     0         0      
       memset_t2.obj              122     0         0      
       autoinit.obj               112     0         0      
       copy_decompress_lzss.obj   104     0         0      
       exit.obj                   84      0         12     
       s_frexp.obj                92      0         0      
       ltoa.obj                   86      0         0      
       atoi.obj                   76      0         0      
       cpy_tbl.obj                76      0         0      
       fd_toi_t2.obj              72      0         0      
       strtok.obj                 64      0         4      
       boot.obj                   64      0         0      
       fs_toi_t2.obj              56      0         0      
       i_tofs_t2.obj              56      0         0      
       i_tofd_t2.obj              46      0         0      
       strspn.obj                 42      0         0      
       memmov.obj                 36      0         0      
       strcspn.obj                36      0         0      
       _lock.obj                  20      0         8      
       memccpy.obj                28      0         0      
       args_main.obj              24      0         0      
       strcmp.obj                 24      0         0      
       strchr.obj                 22      0         0      
       strlen.obj                 20      0         0      
       copy_decompress_none.obj   14      0         0      
       copy_zero_init.obj         12      0         0      
       s_copysign.obj             8       0         0      
       errno.obj                  0       0         4      
       pre_init.obj               4       0         0      
       stkdepth_vars.obj          0       0         4      
       mpu_init.obj               2       0         0      
       startup.obj                2       0         0      
    +--+--------------------------+-------+---------+---------+
       Total:                     9870    257       44     
                                                           
       Heap:                      0       0         2048   
       Stack:                     0       0         2048   
       Linker Generated:          0       80        0      
    +--+--------------------------+-------+---------+---------+
       Grand Total:               19424   3188      4165   


LINKER GENERATED COPY TABLES

__TI_cinit_table @ 20009858 records: 2, size/record: 8, table size: 16
	.data: load addr=20009818, load size=0000002c bytes, run addr=20017800, run size=00000044 bytes, compression=lzss
	.bss: load addr=20009850, load size=00000008 bytes, run addr=20017844, run size=00000004 bytes, compression=zero_init


LINKER GENERATED HANDLER TABLE

__TI_handler_table @ 20009844 records: 3, size/record: 4, table size: 12
	index: 0, handler: __TI_decompress_lzss
	index: 1, handler: __TI_decompress_none
	index: 2, handler: __TI_zero_init


GLOBAL SYMBOLS: SORTED ALPHABETICALLY BY Name 

address   name                           
-------   ----                           
20006709  Adafruit_Init                  
2000881d  C$$EXIT                        
20008f1b  CPUcpsie                       
200071dd  ClearTerm                      
2000689f  Color565                       
20005fa1  DisplayBuffer                  
200071e7  Error                          
20008abd  GPIODirModeSet                 
20008ce1  GPIOPinWrite                   
2000721f  GetCmd                         
20008f6d  I2CMasterControl               
20008fa3  I2CMasterDataGet               
20008ead  I2CMasterDataPut               
20008ec3  I2CMasterEnable                
20008b83  I2CMasterErr                   
20008389  I2CMasterInitExpClk            
20008f7f  I2CMasterIntClearEx            
20008d21  I2CMasterIntStatusEx           
20008c9d  I2CMasterSlaveAddrSet          
20008f91  I2CMasterTimeoutSet            
20007187  I2C_IF_Close                   
2000713f  I2C_IF_Open                    
2000703d  I2C_IF_Read                    
200070f9  I2C_IF_ReadFrom                
20006f8d  I2C_IF_Write                   
2000719d  InitTerm                       
20007e55  IntEnable                      
20008fd9  IntMasterEnable                
20008f31  IntVTableBaseSet               
200071bb  Message                        
20005ecb  Outstr                         
200077c9  PRCMCC3200MCUInit              
20008ed9  PRCMHIBRegRead                 
20008eef  PRCMHIBRegWrite                
20008c09  PRCMPeripheralClkDisable       
20008a11  PRCMPeripheralClkEnable        
200080d9  PRCMPeripheralClockGet         
2000876d  PRCMPeripheralReset            
20008bb1  PRCMSysResetCauseGet           
20006359  ParseNProcessCmd               
2000816d  PinConfigSet                   
20008951  PinModeSet                     
20007f9d  PinMuxConfig                   
20008af3  PinTypeGPIO                    
20008d7b  PinTypeI2C                     
20008dcf  PinTypeSPI                     
20008de9  PinTypeUART                    
20006001  ProcessReadCommand             
20006087  ProcessReadRegCommand          
2000626f  ProcessWriteCommand            
20006141  ProcessWriteRegCommand         
2000735d  Report                         
20008fbf  ResetISR                       
UNDEFED   SHT$$INIT_ARRAY$$Base          
UNDEFED   SHT$$INIT_ARRAY$$Limit         
20008e03  SPICSDisable                   
20008e1b  SPICSEnable                    
20007efd  SPIConfigSetExpClk             
20008d01  SPIDataGet                     
20008d3f  SPIDataPut                     
20008e33  SPIDisable                     
20008e4b  SPIEnable                      
20008cbf  SPIReset                       
200072c5  TrimSpace                      
20008d97  UARTCharGetNonBlocking         
20008d5d  UARTCharPut                    
20008e63  UARTCharsAvail                 
20008501  UARTConfigSetExpClk            
20008b25  UARTDisable                    
20008c31  UARTEnable                     
20008feb  UtilsDelay                     
20030000  __STACK_END                    
00000800  __STACK_SIZE                   
00000800  __SYSMEM_SIZE                  
20009858  __TI_CINIT_Base                
20009868  __TI_CINIT_Limit               
20009844  __TI_Handler_Table_Base        
20009850  __TI_Handler_Table_Limit       
20008579  __TI_auto_init                 
20017818  __TI_cleanup_ptr               
200085e9  __TI_decompress_lzss           
20008fb1  __TI_decompress_none           
2001781c  __TI_dtors_ptr                 
20017820  __TI_enable_exit_profile_output
ffffffff  __TI_pprof_out_hndl            
20004c35  __TI_printfi                   
ffffffff  __TI_prof_data_size            
ffffffff  __TI_prof_data_start           
20009818  __TI_static_base__             
20008fcd  __TI_zero_init                 
2000827d  __aeabi_cdcmpeq                
2000827d  __aeabi_cdcmple                
20008303  __aeabi_cdrcmple               
20008651  __aeabi_cfcmpeq                
20008651  __aeabi_cfcmple                
200086b1  __aeabi_cfrcmple               
20008909  __aeabi_d2iz                   
2000761b  __aeabi_dadd                   
20007941  __aeabi_ddiv                   
20007b8d  __aeabi_dmul                   
20007611  __aeabi_dsub                   
20008a4d  __aeabi_f2iz                   
20007c8d  __aeabi_fadd                   
2000840d  __aeabi_fmul                   
20007c89  __aeabi_fsub                   
20008b55  __aeabi_i2d                    
20008a85  __aeabi_i2f                    
20008487  __aeabi_memclr                 
20008487  __aeabi_memclr4                
20008487  __aeabi_memclr8                
2000803d  __aeabi_memcpy                 
2000803d  __aeabi_memcpy4                
2000803d  __aeabi_memcpy8                
20008489  __aeabi_memset                 
20008489  __aeabi_memset4                
20008489  __aeabi_memset8                
2000741d  __aeabi_uldivmod               
ffffffff  __binit__                      
ffffffff  __c_args__                     
2000551f  __mpu_init                     
2002f800  __stack                        
20008e7d  _args_main                     
20008991  _c_int00                       
200094ef  _ctypes_                       
20017830  _lock                          
20008f53  _nop                           
20008f4b  _register_lock                 
20008f45  _register_unlock               
20017000  _sys_memory                    
20006b47  _system_post_cinit             
20008ff1  _system_pre_init               
20017834  _unlock                        
20008821  abort                          
20008871  atoi                           
ffffffff  binit                          
20006ee9  calloc                         
200088bd  copy_in                        
20008fe3  copysign                       
20008fe3  copysignl                      
20017800  cursor_x                       
20017804  cursor_y                       
20005d7f  drawChar                       
20005521  drawCircle                     
20005655  drawCircleHelper               
20006a51  drawFastHLine                  
200069ad  drawFastVLine                  
2000589b  drawLine                       
20006aed  drawPixel                      
20005987  drawRect                       
200059d5  drawRoundRect                  
20005b3d  drawTriangle                   
20017838  errno                          
20008829  exit                           
20005773  fillCircle                     
200057ad  fillCircleHelper               
200068f7  fillRect                       
20005ac3  fillRoundRect                  
200068e1  fillScreen                     
20005b7f  fillTriangle                   
20006c33  free                           
20008711  frexp                          
20008711  frexpl                         
20004000  g_pfnVectors                   
2000685b  goTo                           
20005f7f  height                         
20006b2b  invert                         
20007d85  ldexp                          
20007d85  ldexpl                         
200087c5  ltoa                           
20006435  main                           
2001783c  main_func_sp                   
20006bc9  malloc                         
20006dfd  memalign                       
20008db3  memccpy                        
2000803d  memcpy                         
20008c55  memmove                        
2000848f  memset                         
20006b49  minit                          
20006cf5  realloc                        
20007d85  scalbn                         
20007d85  scalbnl                        
20005f17  setCursor                      
20005f4f  setTextColor                   
20005f2f  setTextSize                    
20005f67  setTextWrap                    
20008f05  strchr                         
20008e95  strcmp                         
20008c79  strcspn                        
20008f59  strlen                         
20008bdd  strspn                         
200089d1  strtok                         
20007a79  strtoul                        
20017810  textbgcolor                    
2001780c  textcolor                      
20017808  textsize                       
200081f5  vsnprintf                      
20005f7b  width                          
20017814  wrap                           
2000665d  writeCommand                   
200066b3  writeData                      


GLOBAL SYMBOLS: SORTED BY Symbol Address 

address   name                           
-------   ----                           
00000800  __STACK_SIZE                   
00000800  __SYSMEM_SIZE                  
20004000  g_pfnVectors                   
20004c35  __TI_printfi                   
2000551f  __mpu_init                     
20005521  drawCircle                     
20005655  drawCircleHelper               
20005773  fillCircle                     
200057ad  fillCircleHelper               
2000589b  drawLine                       
20005987  drawRect                       
200059d5  drawRoundRect                  
20005ac3  fillRoundRect                  
20005b3d  drawTriangle                   
20005b7f  fillTriangle                   
20005d7f  drawChar                       
20005ecb  Outstr                         
20005f17  setCursor                      
20005f2f  setTextSize                    
20005f4f  setTextColor                   
20005f67  setTextWrap                    
20005f7b  width                          
20005f7f  height                         
20005fa1  DisplayBuffer                  
20006001  ProcessReadCommand             
20006087  ProcessReadRegCommand          
20006141  ProcessWriteRegCommand         
2000626f  ProcessWriteCommand            
20006359  ParseNProcessCmd               
20006435  main                           
2000665d  writeCommand                   
200066b3  writeData                      
20006709  Adafruit_Init                  
2000685b  goTo                           
2000689f  Color565                       
200068e1  fillScreen                     
200068f7  fillRect                       
200069ad  drawFastVLine                  
20006a51  drawFastHLine                  
20006aed  drawPixel                      
20006b2b  invert                         
20006b47  _system_post_cinit             
20006b49  minit                          
20006bc9  malloc                         
20006c33  free                           
20006cf5  realloc                        
20006dfd  memalign                       
20006ee9  calloc                         
20006f8d  I2C_IF_Write                   
2000703d  I2C_IF_Read                    
200070f9  I2C_IF_ReadFrom                
2000713f  I2C_IF_Open                    
20007187  I2C_IF_Close                   
2000719d  InitTerm                       
200071bb  Message                        
200071dd  ClearTerm                      
200071e7  Error                          
2000721f  GetCmd                         
200072c5  TrimSpace                      
2000735d  Report                         
2000741d  __aeabi_uldivmod               
20007611  __aeabi_dsub                   
2000761b  __aeabi_dadd                   
200077c9  PRCMCC3200MCUInit              
20007941  __aeabi_ddiv                   
20007a79  strtoul                        
20007b8d  __aeabi_dmul                   
20007c89  __aeabi_fsub                   
20007c8d  __aeabi_fadd                   
20007d85  ldexp                          
20007d85  ldexpl                         
20007d85  scalbn                         
20007d85  scalbnl                        
20007e55  IntEnable                      
20007efd  SPIConfigSetExpClk             
20007f9d  PinMuxConfig                   
2000803d  __aeabi_memcpy                 
2000803d  __aeabi_memcpy4                
2000803d  __aeabi_memcpy8                
2000803d  memcpy                         
200080d9  PRCMPeripheralClockGet         
2000816d  PinConfigSet                   
200081f5  vsnprintf                      
2000827d  __aeabi_cdcmpeq                
2000827d  __aeabi_cdcmple                
20008303  __aeabi_cdrcmple               
20008389  I2CMasterInitExpClk            
2000840d  __aeabi_fmul                   
20008487  __aeabi_memclr                 
20008487  __aeabi_memclr4                
20008487  __aeabi_memclr8                
20008489  __aeabi_memset                 
20008489  __aeabi_memset4                
20008489  __aeabi_memset8                
2000848f  memset                         
20008501  UARTConfigSetExpClk            
20008579  __TI_auto_init                 
200085e9  __TI_decompress_lzss           
20008651  __aeabi_cfcmpeq                
20008651  __aeabi_cfcmple                
200086b1  __aeabi_cfrcmple               
20008711  frexp                          
20008711  frexpl                         
2000876d  PRCMPeripheralReset            
200087c5  ltoa                           
2000881d  C$$EXIT                        
20008821  abort                          
20008829  exit                           
20008871  atoi                           
200088bd  copy_in                        
20008909  __aeabi_d2iz                   
20008951  PinModeSet                     
20008991  _c_int00                       
200089d1  strtok                         
20008a11  PRCMPeripheralClkEnable        
20008a4d  __aeabi_f2iz                   
20008a85  __aeabi_i2f                    
20008abd  GPIODirModeSet                 
20008af3  PinTypeGPIO                    
20008b25  UARTDisable                    
20008b55  __aeabi_i2d                    
20008b83  I2CMasterErr                   
20008bb1  PRCMSysResetCauseGet           
20008bdd  strspn                         
20008c09  PRCMPeripheralClkDisable       
20008c31  UARTEnable                     
20008c55  memmove                        
20008c79  strcspn                        
20008c9d  I2CMasterSlaveAddrSet          
20008cbf  SPIReset                       
20008ce1  GPIOPinWrite                   
20008d01  SPIDataGet                     
20008d21  I2CMasterIntStatusEx           
20008d3f  SPIDataPut                     
20008d5d  UARTCharPut                    
20008d7b  PinTypeI2C                     
20008d97  UARTCharGetNonBlocking         
20008db3  memccpy                        
20008dcf  PinTypeSPI                     
20008de9  PinTypeUART                    
20008e03  SPICSDisable                   
20008e1b  SPICSEnable                    
20008e33  SPIDisable                     
20008e4b  SPIEnable                      
20008e63  UARTCharsAvail                 
20008e7d  _args_main                     
20008e95  strcmp                         
20008ead  I2CMasterDataPut               
20008ec3  I2CMasterEnable                
20008ed9  PRCMHIBRegRead                 
20008eef  PRCMHIBRegWrite                
20008f05  strchr                         
20008f1b  CPUcpsie                       
20008f31  IntVTableBaseSet               
20008f45  _register_unlock               
20008f4b  _register_lock                 
20008f53  _nop                           
20008f59  strlen                         
20008f6d  I2CMasterControl               
20008f7f  I2CMasterIntClearEx            
20008f91  I2CMasterTimeoutSet            
20008fa3  I2CMasterDataGet               
20008fb1  __TI_decompress_none           
20008fbf  ResetISR                       
20008fcd  __TI_zero_init                 
20008fd9  IntMasterEnable                
20008fe3  copysign                       
20008fe3  copysignl                      
20008feb  UtilsDelay                     
20008ff1  _system_pre_init               
200094ef  _ctypes_                       
20009818  __TI_static_base__             
20009844  __TI_Handler_Table_Base        
20009850  __TI_Handler_Table_Limit       
20009858  __TI_CINIT_Base                
20009868  __TI_CINIT_Limit               
20017000  _sys_memory                    
20017800  cursor_x                       
20017804  cursor_y                       
20017808  textsize                       
2001780c  textcolor                      
20017810  textbgcolor                    
20017814  wrap                           
20017818  __TI_cleanup_ptr               
2001781c  __TI_dtors_ptr                 
20017820  __TI_enable_exit_profile_output
20017830  _lock                          
20017834  _unlock                        
20017838  errno                          
2001783c  main_func_sp                   
2002f800  __stack                        
20030000  __STACK_END                    
ffffffff  __TI_pprof_out_hndl            
ffffffff  __TI_prof_data_size            
ffffffff  __TI_prof_data_start           
ffffffff  __binit__                      
ffffffff  __c_args__                     
ffffffff  binit                          
UNDEFED   SHT$$INIT_ARRAY$$Base          
UNDEFED   SHT$$INIT_ARRAY$$Limit         

[200 symbols]
